Archive member included to satisfy reference by file (symbol)

c:/ac6/systemworkbench/plugins/fr.ac6.mcu.externaltools.arm-none.win32_1.17.0.201812190825/tools/compiler/bin/../lib/gcc/arm-none-eabi/7.3.1/thumb/v7e-m/fpv4-sp/hard\libgcc.a(_aeabi_ldivmod.o)
                              Drivers/STM32F4xx_HAL_Driver/Src/stm32f4xx_hal_rcc.o (__aeabi_ldivmod)
c:/ac6/systemworkbench/plugins/fr.ac6.mcu.externaltools.arm-none.win32_1.17.0.201812190825/tools/compiler/bin/../lib/gcc/arm-none-eabi/7.3.1/thumb/v7e-m/fpv4-sp/hard\libgcc.a(_aeabi_uldivmod.o)
                              Drivers/STM32F4xx_HAL_Driver/Src/stm32f4xx_hal_rcc.o (__aeabi_uldivmod)
c:/ac6/systemworkbench/plugins/fr.ac6.mcu.externaltools.arm-none.win32_1.17.0.201812190825/tools/compiler/bin/../lib/gcc/arm-none-eabi/7.3.1/thumb/v7e-m/fpv4-sp/hard\libgcc.a(_udivmoddi4.o)
                              c:/ac6/systemworkbench/plugins/fr.ac6.mcu.externaltools.arm-none.win32_1.17.0.201812190825/tools/compiler/bin/../lib/gcc/arm-none-eabi/7.3.1/thumb/v7e-m/fpv4-sp/hard\libgcc.a(_aeabi_ldivmod.o) (__udivmoddi4)
c:/ac6/systemworkbench/plugins/fr.ac6.mcu.externaltools.arm-none.win32_1.17.0.201812190825/tools/compiler/bin/../lib/gcc/arm-none-eabi/7.3.1/thumb/v7e-m/fpv4-sp/hard\libgcc.a(_dvmd_tls.o)
                              c:/ac6/systemworkbench/plugins/fr.ac6.mcu.externaltools.arm-none.win32_1.17.0.201812190825/tools/compiler/bin/../lib/gcc/arm-none-eabi/7.3.1/thumb/v7e-m/fpv4-sp/hard\libgcc.a(_aeabi_ldivmod.o) (__aeabi_ldiv0)
c:/ac6/systemworkbench/plugins/fr.ac6.mcu.externaltools.arm-none.win32_1.17.0.201812190825/tools/compiler/bin/../lib/gcc/arm-none-eabi/7.3.1/../../../../arm-none-eabi/lib/thumb/v7e-m/fpv4-sp/hard\libc_nano.a(lib_a-errno.o)
                              lib/sapi3c/board/src/syscalls.o (__errno)
c:/ac6/systemworkbench/plugins/fr.ac6.mcu.externaltools.arm-none.win32_1.17.0.201812190825/tools/compiler/bin/../lib/gcc/arm-none-eabi/7.3.1/../../../../arm-none-eabi/lib/thumb/v7e-m/fpv4-sp/hard\libc_nano.a(lib_a-exit.o)
                              c:/ac6/systemworkbench/plugins/fr.ac6.mcu.externaltools.arm-none.win32_1.17.0.201812190825/tools/compiler/bin/../lib/gcc/arm-none-eabi/7.3.1/../../../../arm-none-eabi/lib/thumb/v7e-m/fpv4-sp/hard/crt0.o (exit)
c:/ac6/systemworkbench/plugins/fr.ac6.mcu.externaltools.arm-none.win32_1.17.0.201812190825/tools/compiler/bin/../lib/gcc/arm-none-eabi/7.3.1/../../../../arm-none-eabi/lib/thumb/v7e-m/fpv4-sp/hard\libc_nano.a(lib_a-impure.o)
                              c:/ac6/systemworkbench/plugins/fr.ac6.mcu.externaltools.arm-none.win32_1.17.0.201812190825/tools/compiler/bin/../lib/gcc/arm-none-eabi/7.3.1/../../../../arm-none-eabi/lib/thumb/v7e-m/fpv4-sp/hard\libc_nano.a(lib_a-exit.o) (_global_impure_ptr)
c:/ac6/systemworkbench/plugins/fr.ac6.mcu.externaltools.arm-none.win32_1.17.0.201812190825/tools/compiler/bin/../lib/gcc/arm-none-eabi/7.3.1/../../../../arm-none-eabi/lib/thumb/v7e-m/fpv4-sp/hard\libc_nano.a(lib_a-init.o)
                              c:/ac6/systemworkbench/plugins/fr.ac6.mcu.externaltools.arm-none.win32_1.17.0.201812190825/tools/compiler/bin/../lib/gcc/arm-none-eabi/7.3.1/../../../../arm-none-eabi/lib/thumb/v7e-m/fpv4-sp/hard/crt0.o (__libc_init_array)
c:/ac6/systemworkbench/plugins/fr.ac6.mcu.externaltools.arm-none.win32_1.17.0.201812190825/tools/compiler/bin/../lib/gcc/arm-none-eabi/7.3.1/../../../../arm-none-eabi/lib/thumb/v7e-m/fpv4-sp/hard\libc_nano.a(lib_a-memset.o)
                              c:/ac6/systemworkbench/plugins/fr.ac6.mcu.externaltools.arm-none.win32_1.17.0.201812190825/tools/compiler/bin/../lib/gcc/arm-none-eabi/7.3.1/../../../../arm-none-eabi/lib/thumb/v7e-m/fpv4-sp/hard/crt0.o (memset)
c:/ac6/systemworkbench/plugins/fr.ac6.mcu.externaltools.arm-none.win32_1.17.0.201812190825/tools/compiler/bin/../lib/gcc/arm-none-eabi/7.3.1/../../../../arm-none-eabi/lib/thumb/v7e-m/fpv4-sp/hard\libc_nano.a(lib_a-strlen.o)
                              lib/sapi3c/soc/peripherals/src/sapi3c_uart.o (strlen)

Allocating common symbols
Common symbol       size              file

uwTick              0x4               Drivers/STM32F4xx_HAL_Driver/Src/stm32f4xx_hal.o
pFlash              0x20              Drivers/STM32F4xx_HAL_Driver/Src/stm32f4xx_hal_flash.o
htim1               0x40              lib/sapi3c/board/src/stm32f4xx_hal_timebase_tim.o

Discarded input sections

 .text          0x00000000        0x0 c:/ac6/systemworkbench/plugins/fr.ac6.mcu.externaltools.arm-none.win32_1.17.0.201812190825/tools/compiler/bin/../lib/gcc/arm-none-eabi/7.3.1/thumb/v7e-m/fpv4-sp/hard/crti.o
 .data          0x00000000        0x0 c:/ac6/systemworkbench/plugins/fr.ac6.mcu.externaltools.arm-none.win32_1.17.0.201812190825/tools/compiler/bin/../lib/gcc/arm-none-eabi/7.3.1/thumb/v7e-m/fpv4-sp/hard/crti.o
[...]
Memory Configuration

Name             Origin             Length             Attributes
RAM              0x20000000         0x00020000         xrw
FLASH            0x08000000         0x00080000         xr
*default*        0x00000000         0xffffffff

Linker script and memory map

LOAD c:/ac6/systemworkbench/plugins/fr.ac6.mcu.externaltools.arm-none.win32_1.17.0.201812190825/tools/compiler/bin/../lib/gcc/arm-none-eabi/7.3.1/thumb/v7e-m/fpv4-sp/hard/crti.o
LOAD c:/ac6/systemworkbench/plugins/fr.ac6.mcu.externaltools.arm-none.win32_1.17.0.201812190825/tools/compiler/bin/../lib/gcc/arm-none-eabi/7.3.1/thumb/v7e-m/fpv4-sp/hard/crtbegin.o
LOAD c:/ac6/systemworkbench/plugins/fr.ac6.mcu.externaltools.arm-none.win32_1.17.0.201812190825/tools/compiler/bin/../lib/gcc/arm-none-eabi/7.3.1/../../../../arm-none-eabi/lib/thumb/v7e-m/fpv4-sp/hard/crt0.o
LOAD Drivers/STM32F4xx_HAL_Driver/Src/stm32f4xx_hal.o
LOAD Drivers/STM32F4xx_HAL_Driver/Src/stm32f4xx_hal_adc.o
LOAD Drivers/STM32F4xx_HAL_Driver/Src/stm32f4xx_hal_adc_ex.o
LOAD Drivers/STM32F4xx_HAL_Driver/Src/stm32f4xx_hal_cortex.o
LOAD Drivers/STM32F4xx_HAL_Driver/Src/stm32f4xx_hal_dma.o
LOAD Drivers/STM32F4xx_HAL_Driver/Src/stm32f4xx_hal_dma_ex.o
LOAD Drivers/STM32F4xx_HAL_Driver/Src/stm32f4xx_hal_exti.o
LOAD Drivers/STM32F4xx_HAL_Driver/Src/stm32f4xx_hal_flash.o
LOAD Drivers/STM32F4xx_HAL_Driver/Src/stm32f4xx_hal_flash_ex.o
LOAD Drivers/STM32F4xx_HAL_Driver/Src/stm32f4xx_hal_flash_ramfunc.o
LOAD Drivers/STM32F4xx_HAL_Driver/Src/stm32f4xx_hal_gpio.o
LOAD Drivers/STM32F4xx_HAL_Driver/Src/stm32f4xx_hal_i2c.o
LOAD Drivers/STM32F4xx_HAL_Driver/Src/stm32f4xx_hal_i2c_ex.o
LOAD Drivers/STM32F4xx_HAL_Driver/Src/stm32f4xx_hal_pwr.o
LOAD Drivers/STM32F4xx_HAL_Driver/Src/stm32f4xx_hal_pwr_ex.o
LOAD Drivers/STM32F4xx_HAL_Driver/Src/stm32f4xx_hal_rcc.o
LOAD Drivers/STM32F4xx_HAL_Driver/Src/stm32f4xx_hal_rcc_ex.o
LOAD Drivers/STM32F4xx_HAL_Driver/Src/stm32f4xx_hal_rtc.o
LOAD Drivers/STM32F4xx_HAL_Driver/Src/stm32f4xx_hal_rtc_ex.o
LOAD Drivers/STM32F4xx_HAL_Driver/Src/stm32f4xx_hal_sd.o
LOAD Drivers/STM32F4xx_HAL_Driver/Src/stm32f4xx_hal_spi.o
LOAD Drivers/STM32F4xx_HAL_Driver/Src/stm32f4xx_hal_tim.o
LOAD Drivers/STM32F4xx_HAL_Driver/Src/stm32f4xx_hal_tim_ex.o
LOAD Drivers/STM32F4xx_HAL_Driver/Src/stm32f4xx_ll_dma.o
LOAD Drivers/STM32F4xx_HAL_Driver/Src/stm32f4xx_ll_exti.o
LOAD Drivers/STM32F4xx_HAL_Driver/Src/stm32f4xx_ll_gpio.o
LOAD Drivers/STM32F4xx_HAL_Driver/Src/stm32f4xx_ll_rcc.o
LOAD Drivers/STM32F4xx_HAL_Driver/Src/stm32f4xx_ll_sdmmc.o
LOAD Drivers/STM32F4xx_HAL_Driver/Src/stm32f4xx_ll_usart.o
LOAD Drivers/STM32F4xx_HAL_Driver/Src/stm32f4xx_ll_utils.o
LOAD Src/main.o
LOAD lib/sapi3c/abstract_modules/src/sapi3c_delay.o
LOAD lib/sapi3c/base/src/sapi3c_datatypes.o
LOAD lib/sapi3c/board/src/sapi3c_board.o
LOAD lib/sapi3c/board/src/stm32f4xx_hal_msp.o
LOAD lib/sapi3c/board/src/stm32f4xx_hal_timebase_tim.o
LOAD lib/sapi3c/board/src/stm32f4xx_it.o
LOAD lib/sapi3c/board/src/syscalls.o
LOAD lib/sapi3c/board/src/system_stm32f4xx.o
LOAD lib/sapi3c/soc/core/src/sapi3c_sleep.o
LOAD lib/sapi3c/soc/peripherals/src/sapi3c_gpio.o
LOAD lib/sapi3c/soc/peripherals/src/sapi3c_uart.o
LOAD startup/startup_stm32f411xe.o
LOAD c:/ac6/systemworkbench/plugins/fr.ac6.mcu.externaltools.arm-none.win32_1.17.0.201812190825/tools/compiler/bin/../lib/gcc/arm-none-eabi/7.3.1/../../../../arm-none-eabi/lib/thumb/v7e-m/fpv4-sp/hard\libm.a
START GROUP
LOAD c:/ac6/systemworkbench/plugins/fr.ac6.mcu.externaltools.arm-none.win32_1.17.0.201812190825/tools/compiler/bin/../lib/gcc/arm-none-eabi/7.3.1/thumb/v7e-m/fpv4-sp/hard\libgcc.a
LOAD c:/ac6/systemworkbench/plugins/fr.ac6.mcu.externaltools.arm-none.win32_1.17.0.201812190825/tools/compiler/bin/../lib/gcc/arm-none-eabi/7.3.1/../../../../arm-none-eabi/lib/thumb/v7e-m/fpv4-sp/hard\libc_nano.a
END GROUP
START GROUP
LOAD c:/ac6/systemworkbench/plugins/fr.ac6.mcu.externaltools.arm-none.win32_1.17.0.201812190825/tools/compiler/bin/../lib/gcc/arm-none-eabi/7.3.1/thumb/v7e-m/fpv4-sp/hard\libgcc.a
LOAD c:/ac6/systemworkbench/plugins/fr.ac6.mcu.externaltools.arm-none.win32_1.17.0.201812190825/tools/compiler/bin/../lib/gcc/arm-none-eabi/7.3.1/../../../../arm-none-eabi/lib/thumb/v7e-m/fpv4-sp/hard\libc_nano.a
LOAD c:/ac6/systemworkbench/plugins/fr.ac6.mcu.externaltools.arm-none.win32_1.17.0.201812190825/tools/compiler/bin/../lib/gcc/arm-none-eabi/7.3.1/../../../../arm-none-eabi/lib/thumb/v7e-m/fpv4-sp/hard\libnosys.a
END GROUP
START GROUP
LOAD c:/ac6/systemworkbench/plugins/fr.ac6.mcu.externaltools.arm-none.win32_1.17.0.201812190825/tools/compiler/bin/../lib/gcc/arm-none-eabi/7.3.1/thumb/v7e-m/fpv4-sp/hard\libgcc.a
LOAD c:/ac6/systemworkbench/plugins/fr.ac6.mcu.externaltools.arm-none.win32_1.17.0.201812190825/tools/compiler/bin/../lib/gcc/arm-none-eabi/7.3.1/../../../../arm-none-eabi/lib/thumb/v7e-m/fpv4-sp/hard\libc_nano.a
LOAD c:/ac6/systemworkbench/plugins/fr.ac6.mcu.externaltools.arm-none.win32_1.17.0.201812190825/tools/compiler/bin/../lib/gcc/arm-none-eabi/7.3.1/../../../../arm-none-eabi/lib/thumb/v7e-m/fpv4-sp/hard\libnosys.a
END GROUP
LOAD c:/ac6/systemworkbench/plugins/fr.ac6.mcu.externaltools.arm-none.win32_1.17.0.201812190825/tools/compiler/bin/../lib/gcc/arm-none-eabi/7.3.1/thumb/v7e-m/fpv4-sp/hard/crtend.o
LOAD c:/ac6/systemworkbench/plugins/fr.ac6.mcu.externaltools.arm-none.win32_1.17.0.201812190825/tools/compiler/bin/../lib/gcc/arm-none-eabi/7.3.1/thumb/v7e-m/fpv4-sp/hard/crtn.o
                0x20020000                _estack = 0x20020000
                0x00000200                _Min_Heap_Size = 0x200
                0x00000400                _Min_Stack_Size = 0x400

.isr_vector     0x08000000      0x198
                0x08000000                . = ALIGN (0x4)
 *(.isr_vector)
 .isr_vector    0x08000000      0x198 startup/startup_stm32f411xe.o
                0x08000000                g_pfnVectors
                0x08000198                . = ALIGN (0x4)

.text           0x08000198     0x1b00
                0x08000198                . = ALIGN (0x4)
 *(.text)
 .text          0x08000198       0x40 c:/ac6/systemworkbench/plugins/fr.ac6.mcu.externaltools.arm-none.win32_1.17.0.201812190825/tools/compiler/bin/../lib/gcc/arm-none-eabi/7.3.1/thumb/v7e-m/fpv4-sp/hard/crtbegin.o
 .text          0x080001d8       0x30 c:/ac6/systemworkbench/plugins/fr.ac6.mcu.externaltools.arm-none.win32_1.17.0.201812190825/tools/compiler/bin/../lib/gcc/arm-none-eabi/7.3.1/thumb/v7e-m/fpv4-sp/hard\libgcc.a(_aeabi_uldivmod.o)
                0x080001d8                __aeabi_uldivmod
 .text          0x08000208      0x2cc c:/ac6/systemworkbench/plugins/fr.ac6.mcu.externaltools.arm-none.win32_1.17.0.201812190825/tools/compiler/bin/../lib/gcc/arm-none-eabi/7.3.1/thumb/v7e-m/fpv4-sp/hard\libgcc.a(_udivmoddi4.o)
                0x08000208                __udivmoddi4
 .text          0x080004d4        0x4 c:/ac6/systemworkbench/plugins/fr.ac6.mcu.externaltools.arm-none.win32_1.17.0.201812190825/tools/compiler/bin/../lib/gcc/arm-none-eabi/7.3.1/thumb/v7e-m/fpv4-sp/hard\libgcc.a(_dvmd_tls.o)
                0x080004d4                __aeabi_idiv0
                0x080004d4                __aeabi_ldiv0
 .text          0x080004d8       0x10 c:/ac6/systemworkbench/plugins/fr.ac6.mcu.externaltools.arm-none.win32_1.17.0.201812190825/tools/compiler/bin/../lib/gcc/arm-none-eabi/7.3.1/../../../../arm-none-eabi/lib/thumb/v7e-m/fpv4-sp/hard\libc_nano.a(lib_a-strlen.o)
                0x080004d8                strlen
 *(.text*)
 .text.HAL_Init
                0x080004e8       0x34 Drivers/STM32F4xx_HAL_Driver/Src/stm32f4xx_hal.o
                0x080004e8                HAL_Init
 .text.HAL_IncTick
                0x0800051c       0x18 Drivers/STM32F4xx_HAL_Driver/Src/stm32f4xx_hal.o
                0x0800051c                HAL_IncTick
 .text.HAL_GetTick
                0x08000534        0xc Drivers/STM32F4xx_HAL_Driver/Src/stm32f4xx_hal.o
                0x08000534                HAL_GetTick
 .text.HAL_Delay
                0x08000540       0x24 Drivers/STM32F4xx_HAL_Driver/Src/stm32f4xx_hal.o
                0x08000540                HAL_Delay
 .text.HAL_NVIC_SetPriorityGrouping
                0x08000564       0x24 Drivers/STM32F4xx_HAL_Driver/Src/stm32f4xx_hal_cortex.o
                0x08000564                HAL_NVIC_SetPriorityGrouping
 .text.HAL_NVIC_SetPriority
                0x08000588       0x6c Drivers/STM32F4xx_HAL_Driver/Src/stm32f4xx_hal_cortex.o
                0x08000588                HAL_NVIC_SetPriority
 .text.HAL_NVIC_EnableIRQ
                0x080005f4       0x1c Drivers/STM32F4xx_HAL_Driver/Src/stm32f4xx_hal_cortex.o
                0x080005f4                HAL_NVIC_EnableIRQ
 .text.HAL_RCC_OscConfig
                0x08000610      0x374 Drivers/STM32F4xx_HAL_Driver/Src/stm32f4xx_hal_rcc.o
                0x08000610                HAL_RCC_OscConfig
 .text.HAL_RCC_GetSysClockFreq
                0x08000984       0x6c Drivers/STM32F4xx_HAL_Driver/Src/stm32f4xx_hal_rcc.o
                0x08000984                HAL_RCC_GetSysClockFreq
 .text.HAL_RCC_ClockConfig
                0x080009f0      0x134 Drivers/STM32F4xx_HAL_Driver/Src/stm32f4xx_hal_rcc.o
                0x080009f0                HAL_RCC_ClockConfig
 .text.HAL_RCC_GetPCLK2Freq
                0x08000b24       0x20 Drivers/STM32F4xx_HAL_Driver/Src/stm32f4xx_hal_rcc.o
                0x08000b24                HAL_RCC_GetPCLK2Freq
 .text.HAL_RCC_GetClockConfig
                0x08000b44       0x44 Drivers/STM32F4xx_HAL_Driver/Src/stm32f4xx_hal_rcc.o
                0x08000b44                HAL_RCC_GetClockConfig
 .text.HAL_RCCEx_PeriphCLKConfig
                0x08000b88      0x154 Drivers/STM32F4xx_HAL_Driver/Src/stm32f4xx_hal_rcc_ex.o
                0x08000b88                HAL_RCCEx_PeriphCLKConfig
 .text.HAL_TIM_Base_MspInit
                0x08000cdc        0x4 Drivers/STM32F4xx_HAL_Driver/Src/stm32f4xx_hal_tim.o
                0x08000cdc                HAL_TIM_Base_MspInit
 .text.HAL_TIM_Base_Init
                0x08000ce0       0xbc Drivers/STM32F4xx_HAL_Driver/Src/stm32f4xx_hal_tim.o
                0x08000ce0                HAL_TIM_Base_Init
 .text.HAL_TIM_Base_Start_IT
                0x08000d9c       0x20 Drivers/STM32F4xx_HAL_Driver/Src/stm32f4xx_hal_tim.o
                0x08000d9c                HAL_TIM_Base_Start_IT
 .text.HAL_TIM_OC_DelayElapsedCallback
                0x08000dbc        0x4 Drivers/STM32F4xx_HAL_Driver/Src/stm32f4xx_hal_tim.o
                0x08000dbc                HAL_TIM_OC_DelayElapsedCallback
 .text.HAL_TIM_IC_CaptureCallback
                0x08000dc0        0x4 Drivers/STM32F4xx_HAL_Driver/Src/stm32f4xx_hal_tim.o
                0x08000dc0                HAL_TIM_IC_CaptureCallback
 .text.HAL_TIM_PWM_PulseFinishedCallback
                0x08000dc4        0x4 Drivers/STM32F4xx_HAL_Driver/Src/stm32f4xx_hal_tim.o
                0x08000dc4                HAL_TIM_PWM_PulseFinishedCallback
 .text.HAL_TIM_TriggerCallback
                0x08000dc8        0x4 Drivers/STM32F4xx_HAL_Driver/Src/stm32f4xx_hal_tim.o
                0x08000dc8                HAL_TIM_TriggerCallback
 .text.HAL_TIM_IRQHandler
                0x08000dcc      0x154 Drivers/STM32F4xx_HAL_Driver/Src/stm32f4xx_hal_tim.o
                0x08000dcc                HAL_TIM_IRQHandler
 .text.HAL_TIMEx_CommutCallback
                0x08000f20        0x4 Drivers/STM32F4xx_HAL_Driver/Src/stm32f4xx_hal_tim_ex.o
                0x08000f20                HAL_TIMEx_CommutCallback
 .text.HAL_TIMEx_BreakCallback
                0x08000f24        0x4 Drivers/STM32F4xx_HAL_Driver/Src/stm32f4xx_hal_tim_ex.o
                0x08000f24                HAL_TIMEx_BreakCallback
 .text.LL_EXTI_Init
                0x08000f28       0xac Drivers/STM32F4xx_HAL_Driver/Src/stm32f4xx_ll_exti.o
                0x08000f28                LL_EXTI_Init
 .text.LL_GPIO_Init
                0x08000fd4      0x158 Drivers/STM32F4xx_HAL_Driver/Src/stm32f4xx_ll_gpio.o
                0x08000fd4                LL_GPIO_Init
 .text.LL_RCC_GetSystemClocksFreq
                0x0800112c       0x94 Drivers/STM32F4xx_HAL_Driver/Src/stm32f4xx_ll_rcc.o
                0x0800112c                LL_RCC_GetSystemClocksFreq
 .text.LL_USART_Init
                0x080011c0       0xf8 Drivers/STM32F4xx_HAL_Driver/Src/stm32f4xx_ll_usart.o
                0x080011c0                LL_USART_Init
 .text.startup.main
                0x080012b8       0x88 Src/main.o
                0x080012b8                main
 .text.SystemClock_Config
                0x08001340       0xac lib/sapi3c/board/src/sapi3c_board.o
                0x08001340                SystemClock_Config
 .text.boardInitCL3
                0x080013ec       0x88 lib/sapi3c/board/src/sapi3c_board.o
                0x080013ec                boardInitCL3
 .text.HAL_TIM_PeriodElapsedCallback
                0x08001474       0x14 lib/sapi3c/board/src/sapi3c_board.o
                0x08001474                HAL_TIM_PeriodElapsedCallback
 .text.HAL_MspInit
                0x08001488       0x38 lib/sapi3c/board/src/stm32f4xx_hal_msp.o
                0x08001488                HAL_MspInit
 .text.HAL_InitTick
                0x080014c0       0x7c lib/sapi3c/board/src/stm32f4xx_hal_timebase_tim.o
                0x080014c0                HAL_InitTick
 .text.NMI_Handler
                0x0800153c        0x4 lib/sapi3c/board/src/stm32f4xx_it.o
                0x0800153c                NMI_Handler
 .text.HardFault_Handler
                0x08001540        0x4 lib/sapi3c/board/src/stm32f4xx_it.o
                0x08001540                HardFault_Handler
 .text.MemManage_Handler
                0x08001544        0x4 lib/sapi3c/board/src/stm32f4xx_it.o
                0x08001544                MemManage_Handler
 .text.BusFault_Handler
                0x08001548        0x4 lib/sapi3c/board/src/stm32f4xx_it.o
                0x08001548                BusFault_Handler
 .text.UsageFault_Handler
                0x0800154c        0x4 lib/sapi3c/board/src/stm32f4xx_it.o
                0x0800154c                UsageFault_Handler
 .text.SVC_Handler
                0x08001550        0x4 lib/sapi3c/board/src/stm32f4xx_it.o
                0x08001550                SVC_Handler
 .text.DebugMon_Handler
                0x08001554        0x4 lib/sapi3c/board/src/stm32f4xx_it.o
                0x08001554                DebugMon_Handler
 .text.PendSV_Handler
                0x08001558        0x4 lib/sapi3c/board/src/stm32f4xx_it.o
                0x08001558                PendSV_Handler
 .text.TIM1_UP_TIM10_IRQHandler
                0x0800155c        0xc lib/sapi3c/board/src/stm32f4xx_it.o
                0x0800155c                TIM1_UP_TIM10_IRQHandler
 .text.USART1_IRQHandler
                0x08001568        0x4 lib/sapi3c/board/src/stm32f4xx_it.o
                0x08001568                USART1_IRQHandler
 .text.USART6_IRQHandler
                0x0800156c        0x4 lib/sapi3c/board/src/stm32f4xx_it.o
                0x0800156c                USART6_IRQHandler
 .text.SystemInit
                0x08001570       0x50 lib/sapi3c/board/src/system_stm32f4xx.o
                0x08001570                SystemInit
 .text.gpioInitEnable
                0x080015c0       0x90 lib/sapi3c/soc/peripherals/src/sapi3c_gpio.o
                0x080015c0                gpioInitEnable
 .text.gpioInitInput
                0x08001650       0x9c lib/sapi3c/soc/peripherals/src/sapi3c_gpio.o
                0x08001650                gpioInitInput
 .text.gpioInitOutput
                0x080016ec       0xf8 lib/sapi3c/soc/peripherals/src/sapi3c_gpio.o
                0x080016ec                gpioInitOutput
 .text.gpioInit_INT1
                0x080017e4       0x78 lib/sapi3c/soc/peripherals/src/sapi3c_gpio.o
                0x080017e4                gpioInit_INT1
 .text.gpioRead
                0x0800185c       0x58 lib/sapi3c/soc/peripherals/src/sapi3c_gpio.o
                0x0800185c                gpioRead
 .text.gpioWrite
                0x080018b4      0x124 lib/sapi3c/soc/peripherals/src/sapi3c_gpio.o
                0x080018b4                gpioWrite
 .text.uartInit
                0x080019d8      0x1d0 lib/sapi3c/soc/peripherals/src/sapi3c_uart.o
                0x080019d8                uartInit
 .text.printmsg_cl3
                0x08001ba8       0x3c lib/sapi3c/soc/peripherals/src/sapi3c_uart.o
                0x08001ba8                printmsg_cl3
 .text.Reset_Handler
                0x08001be4       0x50 startup/startup_stm32f411xe.o
                0x08001be4                Reset_Handler
 .text.Default_Handler
                0x08001c34        0x2 startup/startup_stm32f411xe.o
                0x08001c34                RTC_Alarm_IRQHandler
                0x08001c34                EXTI2_IRQHandler
                0x08001c34                SPI4_IRQHandler
                0x08001c34                TIM1_CC_IRQHandler
                0x08001c34                DMA2_Stream5_IRQHandler
                0x08001c34                DMA1_Stream5_IRQHandler
                0x08001c34                SysTick_Handler
                0x08001c34                PVD_IRQHandler
                0x08001c34                SDIO_IRQHandler
                0x08001c34                TAMP_STAMP_IRQHandler
                0x08001c34                EXTI3_IRQHandler
                0x08001c34                I2C3_ER_IRQHandler
                0x08001c34                EXTI0_IRQHandler
                0x08001c34                I2C2_EV_IRQHandler
                0x08001c34                DMA1_Stream2_IRQHandler
                0x08001c34                FPU_IRQHandler
                0x08001c34                DMA2_Stream2_IRQHandler
                0x08001c34                SPI1_IRQHandler
                0x08001c34                TIM1_BRK_TIM9_IRQHandler
                0x08001c34                DMA2_Stream3_IRQHandler
                0x08001c34                DMA2_Stream0_IRQHandler
                0x08001c34                TIM4_IRQHandler
                0x08001c34                I2C1_EV_IRQHandler
                0x08001c34                DMA1_Stream6_IRQHandler
                0x08001c34                DMA1_Stream1_IRQHandler
                0x08001c34                TIM3_IRQHandler
                0x08001c34                RCC_IRQHandler
                0x08001c34                Default_Handler
                0x08001c34                EXTI15_10_IRQHandler
                0x08001c34                ADC_IRQHandler
                0x08001c34                DMA1_Stream7_IRQHandler
                0x08001c34                SPI5_IRQHandler
                0x08001c34                TIM5_IRQHandler
                0x08001c34                DMA2_Stream7_IRQHandler
                0x08001c34                I2C3_EV_IRQHandler
                0x08001c34                EXTI9_5_IRQHandler
                0x08001c34                RTC_WKUP_IRQHandler
                0x08001c34                SPI2_IRQHandler
                0x08001c34                DMA1_Stream0_IRQHandler
                0x08001c34                EXTI4_IRQHandler
                0x08001c34                WWDG_IRQHandler
                0x08001c34                TIM2_IRQHandler
                0x08001c34                OTG_FS_WKUP_IRQHandler
                0x08001c34                TIM1_TRG_COM_TIM11_IRQHandler
                0x08001c34                EXTI1_IRQHandler
                0x08001c34                USART2_IRQHandler
                0x08001c34                I2C2_ER_IRQHandler
                0x08001c34                DMA2_Stream1_IRQHandler
                0x08001c34                FLASH_IRQHandler
                0x08001c34                DMA2_Stream4_IRQHandler
                0x08001c34                OTG_FS_IRQHandler
                0x08001c34                SPI3_IRQHandler
                0x08001c34                DMA1_Stream4_IRQHandler
                0x08001c34                I2C1_ER_IRQHandler
                0x08001c34                DMA2_Stream6_IRQHandler
                0x08001c34                DMA1_Stream3_IRQHandler
 *fill*         0x08001c36        0x2 
 .text.__libc_init_array
                0x08001c38       0x48 c:/ac6/systemworkbench/plugins/fr.ac6.mcu.externaltools.arm-none.win32_1.17.0.201812190825/tools/compiler/bin/../lib/gcc/arm-none-eabi/7.3.1/../../../../arm-none-eabi/lib/thumb/v7e-m/fpv4-sp/hard\libc_nano.a(lib_a-init.o)
                0x08001c38                __libc_init_array
 *(.glue_7)
 .glue_7        0x08001c80        0x0 linker stubs
 *(.glue_7t)
 .glue_7t       0x08001c80        0x0 linker stubs
 *(.eh_frame)
 .eh_frame      0x08001c80        0x0 c:/ac6/systemworkbench/plugins/fr.ac6.mcu.externaltools.arm-none.win32_1.17.0.201812190825/tools/compiler/bin/../lib/gcc/arm-none-eabi/7.3.1/thumb/v7e-m/fpv4-sp/hard/crtbegin.o
 *(.init)
 .init          0x08001c80        0x4 c:/ac6/systemworkbench/plugins/fr.ac6.mcu.externaltools.arm-none.win32_1.17.0.201812190825/tools/compiler/bin/../lib/gcc/arm-none-eabi/7.3.1/thumb/v7e-m/fpv4-sp/hard/crti.o
                0x08001c80                _init
 .init          0x08001c84        0x8 c:/ac6/systemworkbench/plugins/fr.ac6.mcu.externaltools.arm-none.win32_1.17.0.201812190825/tools/compiler/bin/../lib/gcc/arm-none-eabi/7.3.1/thumb/v7e-m/fpv4-sp/hard/crtn.o
 *(.fini)
 .fini          0x08001c8c        0x4 c:/ac6/systemworkbench/plugins/fr.ac6.mcu.externaltools.arm-none.win32_1.17.0.201812190825/tools/compiler/bin/../lib/gcc/arm-none-eabi/7.3.1/thumb/v7e-m/fpv4-sp/hard/crti.o
                0x08001c8c                _fini
 .fini          0x08001c90        0x8 c:/ac6/systemworkbench/plugins/fr.ac6.mcu.externaltools.arm-none.win32_1.17.0.201812190825/tools/compiler/bin/../lib/gcc/arm-none-eabi/7.3.1/thumb/v7e-m/fpv4-sp/hard/crtn.o
                0x08001c98                . = ALIGN (0x4)
                0x08001c98                _etext = .

.vfp11_veneer   0x08001c98        0x0
 .vfp11_veneer  0x08001c98        0x0 linker stubs

.v4_bx          0x08001c98        0x0
 .v4_bx         0x08001c98        0x0 linker stubs

.iplt           0x08001c98        0x0
 .iplt          0x08001c98        0x0 c:/ac6/systemworkbench/plugins/fr.ac6.mcu.externaltools.arm-none.win32_1.17.0.201812190825/tools/compiler/bin/../lib/gcc/arm-none-eabi/7.3.1/thumb/v7e-m/fpv4-sp/hard/crtbegin.o

.rodata         0x08001c98       0x68
                0x08001c98                . = ALIGN (0x4)
 *(.rodata)
 .rodata        0x08001c98       0x18 lib/sapi3c/board/src/system_stm32f4xx.o
                0x08001c98                AHBPrescTable
                0x08001ca8                APBPrescTable
 .rodata        0x08001cb0       0x10 lib/sapi3c/soc/peripherals/src/sapi3c_uart.o
 *(.rodata*)
 .rodata.str1.4
                0x08001cc0       0x40 Src/main.o
                                 0x3e (size before relaxing)
                0x08001d00                . = ALIGN (0x4)

.ARM.extab
 *(.ARM.extab* .gnu.linkonce.armextab.*)

.ARM            0x08001d00        0x8
                0x08001d00                __exidx_start = .
 *(.ARM.exidx*)
 .ARM.exidx     0x08001d00        0x8 c:/ac6/systemworkbench/plugins/fr.ac6.mcu.externaltools.arm-none.win32_1.17.0.201812190825/tools/compiler/bin/../lib/gcc/arm-none-eabi/7.3.1/thumb/v7e-m/fpv4-sp/hard\libgcc.a(_udivmoddi4.o)
                0x08001d08                __exidx_end = .

.rel.dyn        0x08001d08        0x0
 .rel.iplt      0x08001d08        0x0 c:/ac6/systemworkbench/plugins/fr.ac6.mcu.externaltools.arm-none.win32_1.17.0.201812190825/tools/compiler/bin/../lib/gcc/arm-none-eabi/7.3.1/thumb/v7e-m/fpv4-sp/hard/crtbegin.o

.preinit_array  0x08001d08        0x0
                0x08001d08                PROVIDE (__preinit_array_start = .)
 *(.preinit_array*)
                0x08001d08                PROVIDE (__preinit_array_end = .)

.init_array     0x08001d08        0x4
                0x08001d08                PROVIDE (__init_array_start = .)
 *(SORT_BY_NAME(.init_array.*))
 *(.init_array*)
 .init_array    0x08001d08        0x4 c:/ac6/systemworkbench/plugins/fr.ac6.mcu.externaltools.arm-none.win32_1.17.0.201812190825/tools/compiler/bin/../lib/gcc/arm-none-eabi/7.3.1/thumb/v7e-m/fpv4-sp/hard/crtbegin.o
                0x08001d0c                PROVIDE (__init_array_end = .)

.fini_array     0x08001d0c        0x4
                [!provide]                PROVIDE (__fini_array_start = .)
 *(SORT_BY_NAME(.fini_array.*))
 *(.fini_array*)
 .fini_array    0x08001d0c        0x4 c:/ac6/systemworkbench/plugins/fr.ac6.mcu.externaltools.arm-none.win32_1.17.0.201812190825/tools/compiler/bin/../lib/gcc/arm-none-eabi/7.3.1/thumb/v7e-m/fpv4-sp/hard/crtbegin.o
                [!provide]                PROVIDE (__fini_array_end = .)
                0x08001d10                _sidata = LOADADDR (.data)

.data           0x20000000       0x10 load address 0x08001d10
                0x20000000                . = ALIGN (0x4)
                0x20000000                _sdata = .
 *(.data)
 .data          0x20000000        0x8 Drivers/STM32F4xx_HAL_Driver/Src/stm32f4xx_hal.o
                0x20000000                uwTickFreq
                0x20000004                uwTickPrio
 .data          0x20000008        0x1 Src/main.o
                0x20000008                valor
 *fill*         0x20000009        0x3 
 .data          0x2000000c        0x4 lib/sapi3c/board/src/system_stm32f4xx.o
                0x2000000c                SystemCoreClock
 *(.data*)
                0x20000010                . = ALIGN (0x4)
                0x20000010                _edata = .

.igot.plt       0x20000010        0x0 load address 0x08001d20
 .igot.plt      0x20000010        0x0 c:/ac6/systemworkbench/plugins/fr.ac6.mcu.externaltools.arm-none.win32_1.17.0.201812190825/tools/compiler/bin/../lib/gcc/arm-none-eabi/7.3.1/thumb/v7e-m/fpv4-sp/hard/crtbegin.o
                0x20000010                . = ALIGN (0x4)

.bss            0x20000010       0xc4 load address 0x08001d20
                0x20000010                _sbss = .
                0x20000010                __bss_start__ = _sbss
 *(.bss)
 .bss           0x20000010       0x1c c:/ac6/systemworkbench/plugins/fr.ac6.mcu.externaltools.arm-none.win32_1.17.0.201812190825/tools/compiler/bin/../lib/gcc/arm-none-eabi/7.3.1/thumb/v7e-m/fpv4-sp/hard/crtbegin.o
 .bss           0x2000002c       0x64 Src/main.o
                0x2000002c                usr_msg
 *(.bss*)
 *(COMMON)
 COMMON         0x20000090        0x4 Drivers/STM32F4xx_HAL_Driver/Src/stm32f4xx_hal.o
                0x20000090                uwTick
 COMMON         0x20000094       0x40 lib/sapi3c/board/src/stm32f4xx_hal_timebase_tim.o
                0x20000094                htim1
                0x200000d4                . = ALIGN (0x4)
                0x200000d4                _ebss = .
                0x200000d4                __bss_end__ = _ebss

._user_heap_stack
                0x200000d4      0x604 load address 0x08001d20
                0x200000d8                . = ALIGN (0x8)
 *fill*         0x200000d4        0x4 
                0x200000d8                PROVIDE (end = .)
                [!provide]                PROVIDE (_end = .)
                0x200002d8                . = (. + _Min_Heap_Size)
 *fill*         0x200000d8      0x200 
                0x200006d8                . = (. + _Min_Stack_Size)
 *fill*         0x200002d8      0x400 
                0x200006d8                . = ALIGN (0x8)

/DISCARD/
 libc.a(*)
 libm.a(*)
 libgcc.a(*)

.ARM.attributes
                0x00000000       0x30
 *(.ARM.attributes)
 .ARM.attributes
                0x00000000       0x22 c:/ac6/systemworkbench/plugins/fr.ac6.mcu.externaltools.arm-none.win32_1.17.0.201812190825/tools/compiler/bin/../lib/gcc/arm-none-eabi/7.3.1/thumb/v7e-m/fpv4-sp/hard/crti.o
 .ARM.attributes
                0x00000022       0x34 c:/ac6/systemworkbench/plugins/fr.ac6.mcu.externaltools.arm-none.win32_1.17.0.201812190825/tools/compiler/bin/../lib/gcc/arm-none-eabi/7.3.1/thumb/v7e-m/fpv4-sp/hard/crtbegin.o
 .ARM.attributes
                0x00000056       0x39 Drivers/STM32F4xx_HAL_Driver/Src/stm32f4xx_hal.o
 .ARM.attributes
                0x0000008f       0x39 Drivers/STM32F4xx_HAL_Driver/Src/stm32f4xx_hal_cortex.o
 .ARM.attributes
                0x000000c8       0x39 Drivers/STM32F4xx_HAL_Driver/Src/stm32f4xx_hal_rcc.o
 .ARM.attributes
                0x00000101       0x39 Drivers/STM32F4xx_HAL_Driver/Src/stm32f4xx_hal_rcc_ex.o
 .ARM.attributes
                0x0000013a       0x39 Drivers/STM32F4xx_HAL_Driver/Src/stm32f4xx_hal_tim.o
 .ARM.attributes
                0x00000173       0x39 Drivers/STM32F4xx_HAL_Driver/Src/stm32f4xx_hal_tim_ex.o
 .ARM.attributes
                0x000001ac       0x39 Drivers/STM32F4xx_HAL_Driver/Src/stm32f4xx_ll_exti.o
 .ARM.attributes
                0x000001e5       0x39 Drivers/STM32F4xx_HAL_Driver/Src/stm32f4xx_ll_gpio.o
 .ARM.attributes
                0x0000021e       0x39 Drivers/STM32F4xx_HAL_Driver/Src/stm32f4xx_ll_rcc.o
 .ARM.attributes
                0x00000257       0x39 Drivers/STM32F4xx_HAL_Driver/Src/stm32f4xx_ll_usart.o
 .ARM.attributes
                0x00000290       0x39 Src/main.o
 .ARM.attributes
                0x000002c9       0x39 lib/sapi3c/board/src/sapi3c_board.o
 .ARM.attributes
                0x00000302       0x39 lib/sapi3c/board/src/stm32f4xx_hal_msp.o
 .ARM.attributes
                0x0000033b       0x39 lib/sapi3c/board/src/stm32f4xx_hal_timebase_tim.o
 .ARM.attributes
                0x00000374       0x39 lib/sapi3c/board/src/stm32f4xx_it.o
 .ARM.attributes
                0x000003ad       0x39 lib/sapi3c/board/src/system_stm32f4xx.o
 .ARM.attributes
                0x000003e6       0x39 lib/sapi3c/soc/peripherals/src/sapi3c_gpio.o
 .ARM.attributes
                0x0000041f       0x39 lib/sapi3c/soc/peripherals/src/sapi3c_uart.o
 .ARM.attributes
                0x00000458       0x21 startup/startup_stm32f411xe.o
 .ARM.attributes
                0x00000479       0x22 c:/ac6/systemworkbench/plugins/fr.ac6.mcu.externaltools.arm-none.win32_1.17.0.201812190825/tools/compiler/bin/../lib/gcc/arm-none-eabi/7.3.1/thumb/v7e-m/fpv4-sp/hard\libgcc.a(_aeabi_uldivmod.o)
 .ARM.attributes
                0x0000049b       0x34 c:/ac6/systemworkbench/plugins/fr.ac6.mcu.externaltools.arm-none.win32_1.17.0.201812190825/tools/compiler/bin/../lib/gcc/arm-none-eabi/7.3.1/thumb/v7e-m/fpv4-sp/hard\libgcc.a(_udivmoddi4.o)
 .ARM.attributes
                0x000004cf       0x22 c:/ac6/systemworkbench/plugins/fr.ac6.mcu.externaltools.arm-none.win32_1.17.0.201812190825/tools/compiler/bin/../lib/gcc/arm-none-eabi/7.3.1/thumb/v7e-m/fpv4-sp/hard\libgcc.a(_dvmd_tls.o)
 .ARM.attributes
                0x000004f1       0x34 c:/ac6/systemworkbench/plugins/fr.ac6.mcu.externaltools.arm-none.win32_1.17.0.201812190825/tools/compiler/bin/../lib/gcc/arm-none-eabi/7.3.1/../../../../arm-none-eabi/lib/thumb/v7e-m/fpv4-sp/hard\libc_nano.a(lib_a-init.o)
 .ARM.attributes
                0x00000525       0x1b c:/ac6/systemworkbench/plugins/fr.ac6.mcu.externaltools.arm-none.win32_1.17.0.201812190825/tools/compiler/bin/../lib/gcc/arm-none-eabi/7.3.1/../../../../arm-none-eabi/lib/thumb/v7e-m/fpv4-sp/hard\libc_nano.a(lib_a-strlen.o)
 .ARM.attributes
                0x00000540       0x22 c:/ac6/systemworkbench/plugins/fr.ac6.mcu.externaltools.arm-none.win32_1.17.0.201812190825/tools/compiler/bin/../lib/gcc/arm-none-eabi/7.3.1/thumb/v7e-m/fpv4-sp/hard/crtn.o
OUTPUT(sAPI3C_BM_ej2.elf elf32-littlearm)

.debug_info     0x00000000    0x10cfa
 .debug_info    0x00000000      0x988 Drivers/STM32F4xx_HAL_Driver/Src/stm32f4xx_hal.o
 .debug_info    0x00000988      0xea8 Drivers/STM32F4xx_HAL_Driver/Src/stm32f4xx_hal_cortex.o
 .debug_info    0x00001830      0xa9f Drivers/STM32F4xx_HAL_Driver/Src/stm32f4xx_hal_rcc.o
 .debug_info    0x000022cf      0x6cc Drivers/STM32F4xx_HAL_Driver/Src/stm32f4xx_hal_rcc_ex.o
 .debug_info    0x0000299b     0x3e3b Drivers/STM32F4xx_HAL_Driver/Src/stm32f4xx_hal_tim.o
 .debug_info    0x000067d6     0x1510 Drivers/STM32F4xx_HAL_Driver/Src/stm32f4xx_hal_tim_ex.o
 .debug_info    0x00007ce6      0x488 Drivers/STM32F4xx_HAL_Driver/Src/stm32f4xx_ll_exti.o
 .debug_info    0x0000816e      0xabe Drivers/STM32F4xx_HAL_Driver/Src/stm32f4xx_ll_gpio.o
 .debug_info    0x00008c2c      0xc2d Drivers/STM32F4xx_HAL_Driver/Src/stm32f4xx_ll_rcc.o
 .debug_info    0x00009859      0x89f Drivers/STM32F4xx_HAL_Driver/Src/stm32f4xx_ll_usart.o
 .debug_info    0x0000a0f8      0xb6a Src/main.o
 .debug_info    0x0000ac62      0xd3e lib/sapi3c/board/src/sapi3c_board.o
 .debug_info    0x0000b9a0      0xb70 lib/sapi3c/board/src/stm32f4xx_hal_msp.o
 .debug_info    0x0000c510      0xb35 lib/sapi3c/board/src/stm32f4xx_hal_timebase_tim.o
 .debug_info    0x0000d045      0xec4 lib/sapi3c/board/src/stm32f4xx_it.o
 .debug_info    0x0000df09      0x531 lib/sapi3c/board/src/system_stm32f4xx.o
 .debug_info    0x0000e43a     0x10f6 lib/sapi3c/soc/peripherals/src/sapi3c_gpio.o
 .debug_info    0x0000f530     0x17a8 lib/sapi3c/soc/peripherals/src/sapi3c_uart.o
 .debug_info    0x00010cd8       0x22 startup/startup_stm32f411xe.o

.debug_abbrev   0x00000000     0x2ba8
 .debug_abbrev  0x00000000      0x26f Drivers/STM32F4xx_HAL_Driver/Src/stm32f4xx_hal.o
 .debug_abbrev  0x0000026f      0x320 Drivers/STM32F4xx_HAL_Driver/Src/stm32f4xx_hal_cortex.o
 .debug_abbrev  0x0000058f      0x2c3 Drivers/STM32F4xx_HAL_Driver/Src/stm32f4xx_hal_rcc.o
 .debug_abbrev  0x00000852      0x177 Drivers/STM32F4xx_HAL_Driver/Src/stm32f4xx_hal_rcc_ex.o
 .debug_abbrev  0x000009c9      0x349 Drivers/STM32F4xx_HAL_Driver/Src/stm32f4xx_hal_tim.o
 .debug_abbrev  0x00000d12      0x2f9 Drivers/STM32F4xx_HAL_Driver/Src/stm32f4xx_hal_tim_ex.o
 .debug_abbrev  0x0000100b      0x1e0 Drivers/STM32F4xx_HAL_Driver/Src/stm32f4xx_ll_exti.o
 .debug_abbrev  0x000011eb      0x237 Drivers/STM32F4xx_HAL_Driver/Src/stm32f4xx_ll_gpio.o
 .debug_abbrev  0x00001422      0x2dc Drivers/STM32F4xx_HAL_Driver/Src/stm32f4xx_ll_rcc.o
 .debug_abbrev  0x000016fe      0x26c Drivers/STM32F4xx_HAL_Driver/Src/stm32f4xx_ll_usart.o
 .debug_abbrev  0x0000196a      0x22f Src/main.o
 .debug_abbrev  0x00001b99      0x209 lib/sapi3c/board/src/sapi3c_board.o
 .debug_abbrev  0x00001da2      0x1f2 lib/sapi3c/board/src/stm32f4xx_hal_msp.o
 .debug_abbrev  0x00001f94      0x1fd lib/sapi3c/board/src/stm32f4xx_hal_timebase_tim.o
 .debug_abbrev  0x00002191      0x263 lib/sapi3c/board/src/stm32f4xx_it.o
 .debug_abbrev  0x000023f4      0x111 lib/sapi3c/board/src/system_stm32f4xx.o
 .debug_abbrev  0x00002505      0x2de lib/sapi3c/soc/peripherals/src/sapi3c_gpio.o
 .debug_abbrev  0x000027e3      0x3b3 lib/sapi3c/soc/peripherals/src/sapi3c_uart.o
 .debug_abbrev  0x00002b96       0x12 startup/startup_stm32f411xe.o

.debug_loc      0x00000000     0x9610
 .debug_loc     0x00000000      0x10d Drivers/STM32F4xx_HAL_Driver/Src/stm32f4xx_hal.o
 .debug_loc     0x0000010d      0x5c9 Drivers/STM32F4xx_HAL_Driver/Src/stm32f4xx_hal_cortex.o
 .debug_loc     0x000006d6      0x3d0 Drivers/STM32F4xx_HAL_Driver/Src/stm32f4xx_hal_rcc.o
 .debug_loc     0x00000aa6      0x312 Drivers/STM32F4xx_HAL_Driver/Src/stm32f4xx_hal_rcc_ex.o
 .debug_loc     0x00000db8     0x54ed Drivers/STM32F4xx_HAL_Driver/Src/stm32f4xx_hal_tim.o
 .debug_loc     0x000062a5     0x115e Drivers/STM32F4xx_HAL_Driver/Src/stm32f4xx_hal_tim_ex.o
 .debug_loc     0x00007403      0x101 Drivers/STM32F4xx_HAL_Driver/Src/stm32f4xx_ll_exti.o
 .debug_loc     0x00007504      0x52c Drivers/STM32F4xx_HAL_Driver/Src/stm32f4xx_ll_gpio.o
 .debug_loc     0x00007a30      0x505 Drivers/STM32F4xx_HAL_Driver/Src/stm32f4xx_ll_rcc.o
 .debug_loc     0x00007f35      0x408 Drivers/STM32F4xx_HAL_Driver/Src/stm32f4xx_ll_usart.o
 .debug_loc     0x0000833d       0x21 lib/sapi3c/board/src/sapi3c_board.o
 .debug_loc     0x0000835e       0x7a lib/sapi3c/board/src/stm32f4xx_hal_timebase_tim.o
 .debug_loc     0x000083d8      0x14c lib/sapi3c/board/src/system_stm32f4xx.o
 .debug_loc     0x00008524      0xd90 lib/sapi3c/soc/peripherals/src/sapi3c_gpio.o
 .debug_loc     0x000092b4      0x35c lib/sapi3c/soc/peripherals/src/sapi3c_uart.o

.debug_aranges  0x00000000      0x878
 .debug_aranges
                0x00000000       0xe8 Drivers/STM32F4xx_HAL_Driver/Src/stm32f4xx_hal.o
 .debug_aranges
                0x000000e8       0xa8 Drivers/STM32F4xx_HAL_Driver/Src/stm32f4xx_hal_cortex.o
 .debug_aranges
                0x00000190       0x88 Drivers/STM32F4xx_HAL_Driver/Src/stm32f4xx_hal_rcc.o
 .debug_aranges
                0x00000218       0x50 Drivers/STM32F4xx_HAL_Driver/Src/stm32f4xx_hal_rcc_ex.o
 .debug_aranges
                0x00000268      0x258 Drivers/STM32F4xx_HAL_Driver/Src/stm32f4xx_hal_tim.o
 .debug_aranges
                0x000004c0       0xf0 Drivers/STM32F4xx_HAL_Driver/Src/stm32f4xx_hal_tim_ex.o
 .debug_aranges
                0x000005b0       0x30 Drivers/STM32F4xx_HAL_Driver/Src/stm32f4xx_ll_exti.o
 .debug_aranges
                0x000005e0       0x30 Drivers/STM32F4xx_HAL_Driver/Src/stm32f4xx_ll_gpio.o
 .debug_aranges
                0x00000610       0x78 Drivers/STM32F4xx_HAL_Driver/Src/stm32f4xx_ll_rcc.o
 .debug_aranges
                0x00000688       0x40 Drivers/STM32F4xx_HAL_Driver/Src/stm32f4xx_ll_usart.o
 .debug_aranges
                0x000006c8       0x20 Src/main.o
 .debug_aranges
                0x000006e8       0x38 lib/sapi3c/board/src/sapi3c_board.o
 .debug_aranges
                0x00000720       0x20 lib/sapi3c/board/src/stm32f4xx_hal_msp.o
 .debug_aranges
                0x00000740       0x30 lib/sapi3c/board/src/stm32f4xx_hal_timebase_tim.o
 .debug_aranges
                0x00000770       0x48 lib/sapi3c/board/src/stm32f4xx_it.o
 .debug_aranges
                0x000007b8       0x28 lib/sapi3c/board/src/system_stm32f4xx.o
 .debug_aranges
                0x000007e0       0x48 lib/sapi3c/soc/peripherals/src/sapi3c_gpio.o
 .debug_aranges
                0x00000828       0x28 lib/sapi3c/soc/peripherals/src/sapi3c_uart.o
 .debug_aranges
                0x00000850       0x28 startup/startup_stm32f411xe.o

.debug_ranges   0x00000000     0x15c8
 .debug_ranges  0x00000000       0xd8 Drivers/STM32F4xx_HAL_Driver/Src/stm32f4xx_hal.o
 .debug_ranges  0x000000d8      0x138 Drivers/STM32F4xx_HAL_Driver/Src/stm32f4xx_hal_cortex.o
 .debug_ranges  0x00000210      0x100 Drivers/STM32F4xx_HAL_Driver/Src/stm32f4xx_hal_rcc.o
 .debug_ranges  0x00000310       0x58 Drivers/STM32F4xx_HAL_Driver/Src/stm32f4xx_hal_rcc_ex.o
 .debug_ranges  0x00000368      0x6c0 Drivers/STM32F4xx_HAL_Driver/Src/stm32f4xx_hal_tim.o
 .debug_ranges  0x00000a28       0xe0 Drivers/STM32F4xx_HAL_Driver/Src/stm32f4xx_hal_tim_ex.o
 .debug_ranges  0x00000b08       0x50 Drivers/STM32F4xx_HAL_Driver/Src/stm32f4xx_ll_exti.o
 .debug_ranges  0x00000b58      0x120 Drivers/STM32F4xx_HAL_Driver/Src/stm32f4xx_ll_gpio.o
 .debug_ranges  0x00000c78      0x408 Drivers/STM32F4xx_HAL_Driver/Src/stm32f4xx_ll_rcc.o
 .debug_ranges  0x00001080       0xe0 Drivers/STM32F4xx_HAL_Driver/Src/stm32f4xx_ll_usart.o
 .debug_ranges  0x00001160       0x10 Src/main.o
 .debug_ranges  0x00001170       0x68 lib/sapi3c/board/src/sapi3c_board.o
 .debug_ranges  0x000011d8       0x10 lib/sapi3c/board/src/stm32f4xx_hal_msp.o
 .debug_ranges  0x000011e8       0x48 lib/sapi3c/board/src/stm32f4xx_hal_timebase_tim.o
 .debug_ranges  0x00001230       0x38 lib/sapi3c/board/src/stm32f4xx_it.o
 .debug_ranges  0x00001268       0x18 lib/sapi3c/board/src/system_stm32f4xx.o
 .debug_ranges  0x00001280      0x1e8 lib/sapi3c/soc/peripherals/src/sapi3c_gpio.o
 .debug_ranges  0x00001468      0x140 lib/sapi3c/soc/peripherals/src/sapi3c_uart.o
 .debug_ranges  0x000015a8       0x20 startup/startup_stm32f411xe.o

.debug_macro    0x00000000    0x1b607
 .debug_macro   0x00000000      0x292 Drivers/STM32F4xx_HAL_Driver/Src/stm32f4xx_hal.o
 .debug_macro   0x00000292      0xa66 Drivers/STM32F4xx_HAL_Driver/Src/stm32f4xx_hal.o
 .debug_macro   0x00000cf8      0x1a4 Drivers/STM32F4xx_HAL_Driver/Src/stm32f4xx_hal.o
 .debug_macro   0x00000e9c       0x32 Drivers/STM32F4xx_HAL_Driver/Src/stm32f4xx_hal.o
 .debug_macro   0x00000ece       0x28 Drivers/STM32F4xx_HAL_Driver/Src/stm32f4xx_hal.o
 .debug_macro   0x00000ef6       0x22 Drivers/STM32F4xx_HAL_Driver/Src/stm32f4xx_hal.o
 .debug_macro   0x00000f18       0x8e Drivers/STM32F4xx_HAL_Driver/Src/stm32f4xx_hal.o
 .debug_macro   0x00000fa6       0x51 Drivers/STM32F4xx_HAL_Driver/Src/stm32f4xx_hal.o
 .debug_macro   0x00000ff7       0xef Drivers/STM32F4xx_HAL_Driver/Src/stm32f4xx_hal.o
 .debug_macro   0x000010e6       0x6a Drivers/STM32F4xx_HAL_Driver/Src/stm32f4xx_hal.o
 .debug_macro   0x00001150      0x1df Drivers/STM32F4xx_HAL_Driver/Src/stm32f4xx_hal.o
 .debug_macro   0x0000132f       0x1c Drivers/STM32F4xx_HAL_Driver/Src/stm32f4xx_hal.o
 .debug_macro   0x0000134b       0x22 Drivers/STM32F4xx_HAL_Driver/Src/stm32f4xx_hal.o
 .debug_macro   0x0000136d       0xdf Drivers/STM32F4xx_HAL_Driver/Src/stm32f4xx_hal.o
 .debug_macro   0x0000144c     0x102d Drivers/STM32F4xx_HAL_Driver/Src/stm32f4xx_hal.o
 .debug_macro   0x00002479      0x11f Drivers/STM32F4xx_HAL_Driver/Src/stm32f4xx_hal.o
 .debug_macro   0x00002598     0xb93e Drivers/STM32F4xx_HAL_Driver/Src/stm32f4xx_hal.o
 .debug_macro   0x0000ded6       0x43 Drivers/STM32F4xx_HAL_Driver/Src/stm32f4xx_hal.o
 .debug_macro   0x0000df19     0x35d4 Drivers/STM32F4xx_HAL_Driver/Src/stm32f4xx_hal.o
 .debug_macro   0x000114ed      0x174 Drivers/STM32F4xx_HAL_Driver/Src/stm32f4xx_hal.o
 .debug_macro   0x00011661       0x4e Drivers/STM32F4xx_HAL_Driver/Src/stm32f4xx_hal.o
 .debug_macro   0x000116af      0x447 Drivers/STM32F4xx_HAL_Driver/Src/stm32f4xx_hal.o
 .debug_macro   0x00011af6      0x9fe Drivers/STM32F4xx_HAL_Driver/Src/stm32f4xx_hal.o
 .debug_macro   0x000124f4       0xed Drivers/STM32F4xx_HAL_Driver/Src/stm32f4xx_hal.o
 .debug_macro   0x000125e1      0x117 Drivers/STM32F4xx_HAL_Driver/Src/stm32f4xx_hal.o
 .debug_macro   0x000126f8      0x11b Drivers/STM32F4xx_HAL_Driver/Src/stm32f4xx_hal.o
 .debug_macro   0x00012813       0x27 Drivers/STM32F4xx_HAL_Driver/Src/stm32f4xx_hal.o
 .debug_macro   0x0001283a      0x287 Drivers/STM32F4xx_HAL_Driver/Src/stm32f4xx_hal.o
 .debug_macro   0x00012ac1       0x5f Drivers/STM32F4xx_HAL_Driver/Src/stm32f4xx_hal.o
 .debug_macro   0x00012b20      0x236 Drivers/STM32F4xx_HAL_Driver/Src/stm32f4xx_hal.o
 .debug_macro   0x00012d56      0x391 Drivers/STM32F4xx_HAL_Driver/Src/stm32f4xx_hal.o
 .debug_macro   0x000130e7      0x17d Drivers/STM32F4xx_HAL_Driver/Src/stm32f4xx_hal.o
 .debug_macro   0x00013264       0xf9 Drivers/STM32F4xx_HAL_Driver/Src/stm32f4xx_hal.o
 .debug_macro   0x0001335d      0x132 Drivers/STM32F4xx_HAL_Driver/Src/stm32f4xx_hal.o
 .debug_macro   0x0001348f      0x264 Drivers/STM32F4xx_HAL_Driver/Src/stm32f4xx_hal.o
 .debug_macro   0x000136f3       0x2e Drivers/STM32F4xx_HAL_Driver/Src/stm32f4xx_hal.o
 .debug_macro   0x00013721      0x1ae Drivers/STM32F4xx_HAL_Driver/Src/stm32f4xx_hal.o
 .debug_macro   0x000138cf       0x22 Drivers/STM32F4xx_HAL_Driver/Src/stm32f4xx_hal.o
 .debug_macro   0x000138f1       0xd6 Drivers/STM32F4xx_HAL_Driver/Src/stm32f4xx_hal.o
 .debug_macro   0x000139c7      0x11a Drivers/STM32F4xx_HAL_Driver/Src/stm32f4xx_hal.o
 .debug_macro   0x00013ae1       0x85 Drivers/STM32F4xx_HAL_Driver/Src/stm32f4xx_hal.o
 .debug_macro   0x00013b66       0x89 Drivers/STM32F4xx_HAL_Driver/Src/stm32f4xx_hal.o
 .debug_macro   0x00013bef      0x31a Drivers/STM32F4xx_HAL_Driver/Src/stm32f4xx_hal.o
 .debug_macro   0x00013f09      0x405 Drivers/STM32F4xx_HAL_Driver/Src/stm32f4xx_hal.o
 .debug_macro   0x0001430e       0xe4 Drivers/STM32F4xx_HAL_Driver/Src/stm32f4xx_hal.o
 .debug_macro   0x000143f2      0x845 Drivers/STM32F4xx_HAL_Driver/Src/stm32f4xx_hal.o
 .debug_macro   0x00014c37      0x19f Drivers/STM32F4xx_HAL_Driver/Src/stm32f4xx_hal.o
 .debug_macro   0x00014dd6      0x225 Drivers/STM32F4xx_HAL_Driver/Src/stm32f4xx_hal.o
 .debug_macro   0x00014ffb      0x87d Drivers/STM32F4xx_HAL_Driver/Src/stm32f4xx_hal.o
 .debug_macro   0x00015878       0x47 Drivers/STM32F4xx_HAL_Driver/Src/stm32f4xx_hal.o
 .debug_macro   0x000158bf      0x126 Drivers/STM32F4xx_HAL_Driver/Src/stm32f4xx_hal.o
 .debug_macro   0x000159e5      0x232 Drivers/STM32F4xx_HAL_Driver/Src/stm32f4xx_hal_cortex.o
 .debug_macro   0x00015c17      0x256 Drivers/STM32F4xx_HAL_Driver/Src/stm32f4xx_hal_rcc.o
 .debug_macro   0x00015e6d      0x232 Drivers/STM32F4xx_HAL_Driver/Src/stm32f4xx_hal_rcc_ex.o
 .debug_macro   0x0001609f      0x233 Drivers/STM32F4xx_HAL_Driver/Src/stm32f4xx_hal_tim.o
 .debug_macro   0x000162d2      0x232 Drivers/STM32F4xx_HAL_Driver/Src/stm32f4xx_hal_tim_ex.o
 .debug_macro   0x00016504      0x259 Drivers/STM32F4xx_HAL_Driver/Src/stm32f4xx_ll_exti.o
 .debug_macro   0x0001675d       0xe2 Drivers/STM32F4xx_HAL_Driver/Src/stm32f4xx_ll_exti.o
 .debug_macro   0x0001683f      0x274 Drivers/STM32F4xx_HAL_Driver/Src/stm32f4xx_ll_gpio.o
 .debug_macro   0x00016ab3      0x143 Drivers/STM32F4xx_HAL_Driver/Src/stm32f4xx_ll_gpio.o
 .debug_macro   0x00016bf6      0x259 Drivers/STM32F4xx_HAL_Driver/Src/stm32f4xx_ll_rcc.o
 .debug_macro   0x00016e4f      0x782 Drivers/STM32F4xx_HAL_Driver/Src/stm32f4xx_ll_rcc.o
 .debug_macro   0x000175d1      0x2a7 Drivers/STM32F4xx_HAL_Driver/Src/stm32f4xx_ll_usart.o
 .debug_macro   0x00017878      0x1b5 Drivers/STM32F4xx_HAL_Driver/Src/stm32f4xx_ll_usart.o
 .debug_macro   0x00017a2d      0x788 Drivers/STM32F4xx_HAL_Driver/Src/stm32f4xx_ll_usart.o
 .debug_macro   0x000181b5      0x42f Src/main.o
 .debug_macro   0x000185e4       0x58 Src/main.o
 .debug_macro   0x0001863c       0x18 Src/main.o
 .debug_macro   0x00018654       0x94 Src/main.o
 .debug_macro   0x000186e8       0x35 Src/main.o
 .debug_macro   0x0001871d       0x34 Src/main.o
 .debug_macro   0x00018751       0x16 Src/main.o
 .debug_macro   0x00018767       0x57 Src/main.o
 .debug_macro   0x000187be       0x97 Src/main.o
 .debug_macro   0x00018855      0x330 Src/main.o
 .debug_macro   0x00018b85       0xfd Src/main.o
 .debug_macro   0x00018c82       0x10 Src/main.o
 .debug_macro   0x00018c92       0x58 Src/main.o
 .debug_macro   0x00018cea       0x1f Src/main.o
 .debug_macro   0x00018d09       0x43 Src/main.o
 .debug_macro   0x00018d4c       0x20 Src/main.o
 .debug_macro   0x00018d6c      0x18e Src/main.o
 .debug_macro   0x00018efa       0x10 Src/main.o
 .debug_macro   0x00018f0a       0x1c Src/main.o
 .debug_macro   0x00018f26       0x52 Src/main.o
 .debug_macro   0x00018f78       0x40 Src/main.o
 .debug_macro   0x00018fb8       0x10 Src/main.o
 .debug_macro   0x00018fc8       0x40 Src/main.o
 .debug_macro   0x00019008       0xd7 Src/main.o
 .debug_macro   0x000190df       0x1c Src/main.o
 .debug_macro   0x000190fb       0x3d Src/main.o
 .debug_macro   0x00019138       0x16 Src/main.o
 .debug_macro   0x0001914e      0x16f Src/main.o
 .debug_macro   0x000192bd       0xd9 Src/main.o
 .debug_macro   0x00019396      0x1bb Src/main.o
 .debug_macro   0x00019551      0x149 Src/main.o
 .debug_macro   0x0001969a       0xe8 Src/main.o
 .debug_macro   0x00019782      0x1a8 Src/main.o
 .debug_macro   0x0001992a       0x61 Src/main.o
 .debug_macro   0x0001998b      0x1e6 Src/main.o
 .debug_macro   0x00019b71      0x166 Src/main.o
 .debug_macro   0x00019cd7       0x5e Src/main.o
 .debug_macro   0x00019d35       0x10 Src/main.o
 .debug_macro   0x00019d45      0x2b8 lib/sapi3c/board/src/sapi3c_board.o
 .debug_macro   0x00019ffd      0x3e6 lib/sapi3c/board/src/stm32f4xx_hal_msp.o
 .debug_macro   0x0001a3e3      0x232 lib/sapi3c/board/src/stm32f4xx_hal_timebase_tim.o
 .debug_macro   0x0001a615      0x3f0 lib/sapi3c/board/src/stm32f4xx_it.o
 .debug_macro   0x0001aa05      0x238 lib/sapi3c/board/src/system_stm32f4xx.o
 .debug_macro   0x0001ac3d      0x2b8 lib/sapi3c/soc/peripherals/src/sapi3c_gpio.o
 .debug_macro   0x0001aef5      0x37a lib/sapi3c/soc/peripherals/src/sapi3c_uart.o
 .debug_macro   0x0001b26f       0x5e lib/sapi3c/soc/peripherals/src/sapi3c_uart.o
 .debug_macro   0x0001b2cd      0x32a lib/sapi3c/soc/peripherals/src/sapi3c_uart.o
 .debug_macro   0x0001b5f7       0x10 lib/sapi3c/soc/peripherals/src/sapi3c_uart.o

.debug_line     0x00000000     0xca3e
 .debug_line    0x00000000      0x98c Drivers/STM32F4xx_HAL_Driver/Src/stm32f4xx_hal.o
 .debug_line    0x0000098c      0xa1a Drivers/STM32F4xx_HAL_Driver/Src/stm32f4xx_hal_cortex.o
 .debug_line    0x000013a6      0xa98 Drivers/STM32F4xx_HAL_Driver/Src/stm32f4xx_hal_rcc.o
 .debug_line    0x00001e3e      0x931 Drivers/STM32F4xx_HAL_Driver/Src/stm32f4xx_hal_rcc_ex.o
 .debug_line    0x0000276f     0x1dd8 Drivers/STM32F4xx_HAL_Driver/Src/stm32f4xx_hal_tim.o
 .debug_line    0x00004547      0xd3d Drivers/STM32F4xx_HAL_Driver/Src/stm32f4xx_hal_tim_ex.o
 .debug_line    0x00005284      0x859 Drivers/STM32F4xx_HAL_Driver/Src/stm32f4xx_ll_exti.o
 .debug_line    0x00005add      0x977 Drivers/STM32F4xx_HAL_Driver/Src/stm32f4xx_ll_gpio.o
 .debug_line    0x00006454      0xbd8 Drivers/STM32F4xx_HAL_Driver/Src/stm32f4xx_ll_rcc.o
 .debug_line    0x0000702c      0x910 Drivers/STM32F4xx_HAL_Driver/Src/stm32f4xx_ll_usart.o
 .debug_line    0x0000793c      0xaef Src/main.o
 .debug_line    0x0000842b      0x9af lib/sapi3c/board/src/sapi3c_board.o
 .debug_line    0x00008dda      0x9ca lib/sapi3c/board/src/stm32f4xx_hal_msp.o
 .debug_line    0x000097a4      0x7e3 lib/sapi3c/board/src/stm32f4xx_hal_timebase_tim.o
 .debug_line    0x00009f87      0xa26 lib/sapi3c/board/src/stm32f4xx_it.o
 .debug_line    0x0000a9ad      0x7d4 lib/sapi3c/board/src/system_stm32f4xx.o
 .debug_line    0x0000b181      0xcd4 lib/sapi3c/soc/peripherals/src/sapi3c_gpio.o
 .debug_line    0x0000be55      0xb6a lib/sapi3c/soc/peripherals/src/sapi3c_uart.o
 .debug_line    0x0000c9bf       0x7f startup/startup_stm32f411xe.o

.debug_str      0x00000000    0xa6935
 .debug_str     0x00000000    0x93f5a Drivers/STM32F4xx_HAL_Driver/Src/stm32f4xx_hal.o
                              0x947a3 (size before relaxing)
 .debug_str     0x00093f5a      0x3ad Drivers/STM32F4xx_HAL_Driver/Src/stm32f4xx_hal_cortex.o
                              0x944c7 (size before relaxing)
 .debug_str     0x00094307      0x3e0 Drivers/STM32F4xx_HAL_Driver/Src/stm32f4xx_hal_rcc.o
                              0x9417e (size before relaxing)
 .debug_str     0x000946e7      0x1a0 Drivers/STM32F4xx_HAL_Driver/Src/stm32f4xx_hal_rcc_ex.o
                              0x93ef9 (size before relaxing)
 .debug_str     0x00094887     0x1160 Drivers/STM32F4xx_HAL_Driver/Src/stm32f4xx_hal_tim.o
                              0x94ec2 (size before relaxing)
 .debug_str     0x000959e7      0x4d4 Drivers/STM32F4xx_HAL_Driver/Src/stm32f4xx_hal_tim_ex.o
                              0x946da (size before relaxing)
 .debug_str     0x00095ebb      0x82e Drivers/STM32F4xx_HAL_Driver/Src/stm32f4xx_ll_exti.o
                              0x94402 (size before relaxing)
 .debug_str     0x000966e9     0x152d Drivers/STM32F4xx_HAL_Driver/Src/stm32f4xx_ll_gpio.o
                              0x95273 (size before relaxing)
 .debug_str     0x00097c16     0x54d5 Drivers/STM32F4xx_HAL_Driver/Src/stm32f4xx_ll_rcc.o
                              0x991b0 (size before relaxing)
 .debug_str     0x0009d0eb     0x16c5 Drivers/STM32F4xx_HAL_Driver/Src/stm32f4xx_ll_usart.o
                              0x9ab5c (size before relaxing)
 .debug_str     0x0009e7b0     0x7cce Src/main.o
                              0xa29d7 (size before relaxing)
 .debug_str     0x000a647e       0x96 lib/sapi3c/board/src/sapi3c_board.o
                              0x9f360 (size before relaxing)
 .debug_str     0x000a6514       0x2c lib/sapi3c/board/src/stm32f4xx_hal_msp.o
                              0xa21ad (size before relaxing)
 .debug_str     0x000a6540       0x61 lib/sapi3c/board/src/stm32f4xx_hal_timebase_tim.o
                              0x9461b (size before relaxing)
 .debug_str     0x000a65a1       0xf6 lib/sapi3c/board/src/stm32f4xx_it.o
                              0xa258e (size before relaxing)
 .debug_str     0x000a6697       0x61 lib/sapi3c/board/src/system_stm32f4xx.o
                              0x93d81 (size before relaxing)
 .debug_str     0x000a66f8       0xf6 lib/sapi3c/soc/peripherals/src/sapi3c_gpio.o
                              0x9ef0b (size before relaxing)
 .debug_str     0x000a67ee      0x118 lib/sapi3c/soc/peripherals/src/sapi3c_uart.o
                              0xa1eac (size before relaxing)
 .debug_str     0x000a6906       0x2f startup/startup_stm32f411xe.o
                                 0x5e (size before relaxing)

.comment        0x00000000       0x7f
 .comment       0x00000000       0x7f Drivers/STM32F4xx_HAL_Driver/Src/stm32f4xx_hal.o
                                 0x80 (size before relaxing)
 .comment       0x0000007f       0x80 Drivers/STM32F4xx_HAL_Driver/Src/stm32f4xx_hal_cortex.o
 .comment       0x0000007f       0x80 Drivers/STM32F4xx_HAL_Driver/Src/stm32f4xx_hal_rcc.o
 .comment       0x0000007f       0x80 Drivers/STM32F4xx_HAL_Driver/Src/stm32f4xx_hal_rcc_ex.o
 .comment       0x0000007f       0x80 Drivers/STM32F4xx_HAL_Driver/Src/stm32f4xx_hal_tim.o
 .comment       0x0000007f       0x80 Drivers/STM32F4xx_HAL_Driver/Src/stm32f4xx_hal_tim_ex.o
 .comment       0x0000007f       0x80 Drivers/STM32F4xx_HAL_Driver/Src/stm32f4xx_ll_exti.o
 .comment       0x0000007f       0x80 Drivers/STM32F4xx_HAL_Driver/Src/stm32f4xx_ll_gpio.o
 .comment       0x0000007f       0x80 Drivers/STM32F4xx_HAL_Driver/Src/stm32f4xx_ll_rcc.o
 .comment       0x0000007f       0x80 Drivers/STM32F4xx_HAL_Driver/Src/stm32f4xx_ll_usart.o
 .comment       0x0000007f       0x80 Src/main.o
 .comment       0x0000007f       0x80 lib/sapi3c/board/src/sapi3c_board.o
 .comment       0x0000007f       0x80 lib/sapi3c/board/src/stm32f4xx_hal_msp.o
 .comment       0x0000007f       0x80 lib/sapi3c/board/src/stm32f4xx_hal_timebase_tim.o
 .comment       0x0000007f       0x80 lib/sapi3c/board/src/stm32f4xx_it.o
 .comment       0x0000007f       0x80 lib/sapi3c/board/src/system_stm32f4xx.o
 .comment       0x0000007f       0x80 lib/sapi3c/soc/peripherals/src/sapi3c_gpio.o
 .comment       0x0000007f       0x80 lib/sapi3c/soc/peripherals/src/sapi3c_uart.o

.debug_frame    0x00000000     0x1a2c
 .debug_frame   0x00000000      0x1f0 Drivers/STM32F4xx_HAL_Driver/Src/stm32f4xx_hal.o
 .debug_frame   0x000001f0      0x178 Drivers/STM32F4xx_HAL_Driver/Src/stm32f4xx_hal_cortex.o
 .debug_frame   0x00000368      0x174 Drivers/STM32F4xx_HAL_Driver/Src/stm32f4xx_hal_rcc.o
 .debug_frame   0x000004dc       0xc0 Drivers/STM32F4xx_HAL_Driver/Src/stm32f4xx_hal_rcc_ex.o
 .debug_frame   0x0000059c      0xaec Drivers/STM32F4xx_HAL_Driver/Src/stm32f4xx_hal_tim.o
 .debug_frame   0x00001088      0x358 Drivers/STM32F4xx_HAL_Driver/Src/stm32f4xx_hal_tim_ex.o
 .debug_frame   0x000013e0       0x4c Drivers/STM32F4xx_HAL_Driver/Src/stm32f4xx_ll_exti.o
 .debug_frame   0x0000142c       0x58 Drivers/STM32F4xx_HAL_Driver/Src/stm32f4xx_ll_gpio.o
 .debug_frame   0x00001484      0x154 Drivers/STM32F4xx_HAL_Driver/Src/stm32f4xx_ll_rcc.o
 .debug_frame   0x000015d8       0x80 Drivers/STM32F4xx_HAL_Driver/Src/stm32f4xx_ll_usart.o
 .debug_frame   0x00001658       0x28 Src/main.o
 .debug_frame   0x00001680       0x70 lib/sapi3c/board/src/sapi3c_board.o
 .debug_frame   0x000016f0       0x28 lib/sapi3c/board/src/stm32f4xx_hal_msp.o
 .debug_frame   0x00001718       0x58 lib/sapi3c/board/src/stm32f4xx_hal_timebase_tim.o
 .debug_frame   0x00001770       0xc0 lib/sapi3c/board/src/stm32f4xx_it.o
 .debug_frame   0x00001830       0x3c lib/sapi3c/board/src/system_stm32f4xx.o
 .debug_frame   0x0000186c       0xd4 lib/sapi3c/soc/peripherals/src/sapi3c_gpio.o
 .debug_frame   0x00001940       0x60 lib/sapi3c/soc/peripherals/src/sapi3c_uart.o
 .debug_frame   0x000019a0       0x2c c:/ac6/systemworkbench/plugins/fr.ac6.mcu.externaltools.arm-none.win32_1.17.0.201812190825/tools/compiler/bin/../lib/gcc/arm-none-eabi/7.3.1/thumb/v7e-m/fpv4-sp/hard\libgcc.a(_aeabi_uldivmod.o)
 .debug_frame   0x000019cc       0x34 c:/ac6/systemworkbench/plugins/fr.ac6.mcu.externaltools.arm-none.win32_1.17.0.201812190825/tools/compiler/bin/../lib/gcc/arm-none-eabi/7.3.1/thumb/v7e-m/fpv4-sp/hard\libgcc.a(_udivmoddi4.o)
 .debug_frame   0x00001a00       0x2c c:/ac6/systemworkbench/plugins/fr.ac6.mcu.externaltools.arm-none.win32_1.17.0.201812190825/tools/compiler/bin/../lib/gcc/arm-none-eabi/7.3.1/../../../../arm-none-eabi/lib/thumb/v7e-m/fpv4-sp/hard\libc_nano.a(lib_a-init.o)
