Archive member included to satisfy reference by file (symbol)

c:/ac6/systemworkbench/plugins/fr.ac6.mcu.externaltools.arm-none.win32_1.17.0.201812190825/tools/compiler/bin/../lib/gcc/arm-none-eabi/7.3.1/thumb/v7e-m/fpv4-sp/hard\libgcc.a(_aeabi_ldivmod.o)
                              Drivers/STM32F4xx_HAL_Driver/Src/stm32f4xx_hal_rcc.o (__aeabi_ldivmod)
c:/ac6/systemworkbench/plugins/fr.ac6.mcu.externaltools.arm-none.win32_1.17.0.201812190825/tools/compiler/bin/../lib/gcc/arm-none-eabi/7.3.1/thumb/v7e-m/fpv4-sp/hard\libgcc.a(_aeabi_uldivmod.o)
                              Drivers/STM32F4xx_HAL_Driver/Src/stm32f4xx_hal_rcc.o (__aeabi_uldivmod)
c:/ac6/systemworkbench/plugins/fr.ac6.mcu.externaltools.arm-none.win32_1.17.0.201812190825/tools/compiler/bin/../lib/gcc/arm-none-eabi/7.3.1/thumb/v7e-m/fpv4-sp/hard\libgcc.a(_udivmoddi4.o)
                              c:/ac6/systemworkbench/plugins/fr.ac6.mcu.externaltools.arm-none.win32_1.17.0.201812190825/tools/compiler/bin/../lib/gcc/arm-none-eabi/7.3.1/thumb/v7e-m/fpv4-sp/hard\libgcc.a(_aeabi_ldivmod.o) (__udivmoddi4)
c:/ac6/systemworkbench/plugins/fr.ac6.mcu.externaltools.arm-none.win32_1.17.0.201812190825/tools/compiler/bin/../lib/gcc/arm-none-eabi/7.3.1/thumb/v7e-m/fpv4-sp/hard\libgcc.a(_dvmd_tls.o)
                              c:/ac6/systemworkbench/plugins/fr.ac6.mcu.externaltools.arm-none.win32_1.17.0.201812190825/tools/compiler/bin/../lib/gcc/arm-none-eabi/7.3.1/thumb/v7e-m/fpv4-sp/hard\libgcc.a(_aeabi_ldivmod.o) (__aeabi_ldiv0)
c:/ac6/systemworkbench/plugins/fr.ac6.mcu.externaltools.arm-none.win32_1.17.0.201812190825/tools/compiler/bin/../lib/gcc/arm-none-eabi/7.3.1/../../../../arm-none-eabi/lib/thumb/v7e-m/fpv4-sp/hard\libc_nano.a(lib_a-errno.o)
                              lib/sapi3c/board/src/syscalls.o (__errno)
c:/ac6/systemworkbench/plugins/fr.ac6.mcu.externaltools.arm-none.win32_1.17.0.201812190825/tools/compiler/bin/../lib/gcc/arm-none-eabi/7.3.1/../../../../arm-none-eabi/lib/thumb/v7e-m/fpv4-sp/hard\libc_nano.a(lib_a-exit.o)
                              c:/ac6/systemworkbench/plugins/fr.ac6.mcu.externaltools.arm-none.win32_1.17.0.201812190825/tools/compiler/bin/../lib/gcc/arm-none-eabi/7.3.1/../../../../arm-none-eabi/lib/thumb/v7e-m/fpv4-sp/hard/crt0.o (exit)
c:/ac6/systemworkbench/plugins/fr.ac6.mcu.externaltools.arm-none.win32_1.17.0.201812190825/tools/compiler/bin/../lib/gcc/arm-none-eabi/7.3.1/../../../../arm-none-eabi/lib/thumb/v7e-m/fpv4-sp/hard\libc_nano.a(lib_a-impure.o)
                              c:/ac6/systemworkbench/plugins/fr.ac6.mcu.externaltools.arm-none.win32_1.17.0.201812190825/tools/compiler/bin/../lib/gcc/arm-none-eabi/7.3.1/../../../../arm-none-eabi/lib/thumb/v7e-m/fpv4-sp/hard\libc_nano.a(lib_a-exit.o) (_global_impure_ptr)
c:/ac6/systemworkbench/plugins/fr.ac6.mcu.externaltools.arm-none.win32_1.17.0.201812190825/tools/compiler/bin/../lib/gcc/arm-none-eabi/7.3.1/../../../../arm-none-eabi/lib/thumb/v7e-m/fpv4-sp/hard\libc_nano.a(lib_a-init.o)
                              c:/ac6/systemworkbench/plugins/fr.ac6.mcu.externaltools.arm-none.win32_1.17.0.201812190825/tools/compiler/bin/../lib/gcc/arm-none-eabi/7.3.1/../../../../arm-none-eabi/lib/thumb/v7e-m/fpv4-sp/hard/crt0.o (__libc_init_array)
c:/ac6/systemworkbench/plugins/fr.ac6.mcu.externaltools.arm-none.win32_1.17.0.201812190825/tools/compiler/bin/../lib/gcc/arm-none-eabi/7.3.1/../../../../arm-none-eabi/lib/thumb/v7e-m/fpv4-sp/hard\libc_nano.a(lib_a-memcpy-stub.o)
                              Middlewares/Third_Party/FreeRTOS/Source/queue.o (memcpy)
c:/ac6/systemworkbench/plugins/fr.ac6.mcu.externaltools.arm-none.win32_1.17.0.201812190825/tools/compiler/bin/../lib/gcc/arm-none-eabi/7.3.1/../../../../arm-none-eabi/lib/thumb/v7e-m/fpv4-sp/hard\libc_nano.a(lib_a-memset.o)
                              c:/ac6/systemworkbench/plugins/fr.ac6.mcu.externaltools.arm-none.win32_1.17.0.201812190825/tools/compiler/bin/../lib/gcc/arm-none-eabi/7.3.1/../../../../arm-none-eabi/lib/thumb/v7e-m/fpv4-sp/hard/crt0.o (memset)
c:/ac6/systemworkbench/plugins/fr.ac6.mcu.externaltools.arm-none.win32_1.17.0.201812190825/tools/compiler/bin/../lib/gcc/arm-none-eabi/7.3.1/../../../../arm-none-eabi/lib/thumb/v7e-m/fpv4-sp/hard\libc_nano.a(lib_a-sprintf.o)
                              Src/general.o (sprintf)
c:/ac6/systemworkbench/plugins/fr.ac6.mcu.externaltools.arm-none.win32_1.17.0.201812190825/tools/compiler/bin/../lib/gcc/arm-none-eabi/7.3.1/../../../../arm-none-eabi/lib/thumb/v7e-m/fpv4-sp/hard\libc_nano.a(lib_a-sscanf.o)
                              Src/tareas.o (sscanf)
c:/ac6/systemworkbench/plugins/fr.ac6.mcu.externaltools.arm-none.win32_1.17.0.201812190825/tools/compiler/bin/../lib/gcc/arm-none-eabi/7.3.1/../../../../arm-none-eabi/lib/thumb/v7e-m/fpv4-sp/hard\libc_nano.a(lib_a-stdio.o)
[...]
Memory Configuration

Name             Origin             Length             Attributes
RAM              0x20000000         0x00020000         xrw
FLASH            0x08000000         0x00080000         xr
*default*        0x00000000         0xffffffff

Linker script and memory map

LOAD c:/ac6/systemworkbench/plugins/fr.ac6.mcu.externaltools.arm-none.win32_1.17.0.201812190825/tools/compiler/bin/../lib/gcc/arm-none-eabi/7.3.1/thumb/v7e-m/fpv4-sp/hard/crti.o
LOAD c:/ac6/systemworkbench/plugins/fr.ac6.mcu.externaltools.arm-none.win32_1.17.0.201812190825/tools/compiler/bin/../lib/gcc/arm-none-eabi/7.3.1/thumb/v7e-m/fpv4-sp/hard/crtbegin.o
LOAD c:/ac6/systemworkbench/plugins/fr.ac6.mcu.externaltools.arm-none.win32_1.17.0.201812190825/tools/compiler/bin/../lib/gcc/arm-none-eabi/7.3.1/../../../../arm-none-eabi/lib/thumb/v7e-m/fpv4-sp/hard/crt0.o
LOAD Drivers/STM32F4xx_HAL_Driver/Src/stm32f4xx_hal.o
LOAD Drivers/STM32F4xx_HAL_Driver/Src/stm32f4xx_hal_cortex.o
LOAD Drivers/STM32F4xx_HAL_Driver/Src/stm32f4xx_hal_dma.o
LOAD Drivers/STM32F4xx_HAL_Driver/Src/stm32f4xx_hal_dma_ex.o
LOAD Drivers/STM32F4xx_HAL_Driver/Src/stm32f4xx_hal_exti.o
LOAD Drivers/STM32F4xx_HAL_Driver/Src/stm32f4xx_hal_flash.o
LOAD Drivers/STM32F4xx_HAL_Driver/Src/stm32f4xx_hal_flash_ex.o
LOAD Drivers/STM32F4xx_HAL_Driver/Src/stm32f4xx_hal_flash_ramfunc.o
LOAD Drivers/STM32F4xx_HAL_Driver/Src/stm32f4xx_hal_gpio.o
LOAD Drivers/STM32F4xx_HAL_Driver/Src/stm32f4xx_hal_i2c.o
LOAD Drivers/STM32F4xx_HAL_Driver/Src/stm32f4xx_hal_i2c_ex.o
LOAD Drivers/STM32F4xx_HAL_Driver/Src/stm32f4xx_hal_pwr.o
LOAD Drivers/STM32F4xx_HAL_Driver/Src/stm32f4xx_hal_pwr_ex.o
LOAD Drivers/STM32F4xx_HAL_Driver/Src/stm32f4xx_hal_rcc.o
LOAD Drivers/STM32F4xx_HAL_Driver/Src/stm32f4xx_hal_rcc_ex.o
LOAD Drivers/STM32F4xx_HAL_Driver/Src/stm32f4xx_hal_rtc.o
LOAD Drivers/STM32F4xx_HAL_Driver/Src/stm32f4xx_hal_rtc_ex.o
LOAD Drivers/STM32F4xx_HAL_Driver/Src/stm32f4xx_hal_spi.o
LOAD Drivers/STM32F4xx_HAL_Driver/Src/stm32f4xx_hal_tim.o
LOAD Drivers/STM32F4xx_HAL_Driver/Src/stm32f4xx_hal_tim_ex.o
LOAD Drivers/STM32F4xx_HAL_Driver/Src/stm32f4xx_ll_dma.o
LOAD Drivers/STM32F4xx_HAL_Driver/Src/stm32f4xx_ll_exti.o
LOAD Drivers/STM32F4xx_HAL_Driver/Src/stm32f4xx_ll_gpio.o
LOAD Drivers/STM32F4xx_HAL_Driver/Src/stm32f4xx_ll_rcc.o
LOAD Drivers/STM32F4xx_HAL_Driver/Src/stm32f4xx_ll_usart.o
LOAD Drivers/STM32F4xx_HAL_Driver/Src/stm32f4xx_ll_utils.o
LOAD Middlewares/Third_Party/FreeRTOS/Source/CMSIS_RTOS/cmsis_os.o
LOAD Middlewares/Third_Party/FreeRTOS/Source/croutine.o
LOAD Middlewares/Third_Party/FreeRTOS/Source/event_groups.o
LOAD Middlewares/Third_Party/FreeRTOS/Source/list.o
LOAD Middlewares/Third_Party/FreeRTOS/Source/queue.o
LOAD Middlewares/Third_Party/FreeRTOS/Source/stream_buffer.o
LOAD Middlewares/Third_Party/FreeRTOS/Source/tasks.o
LOAD Middlewares/Third_Party/FreeRTOS/Source/timers.o
LOAD Middlewares/Third_Party/FreeRTOS/Source/portable/GCC/ARM_CM4F/port.o
LOAD Middlewares/Third_Party/FreeRTOS/Source/portable/MemMang/heap_4.o
LOAD Src/general.o
LOAD Src/main.o
LOAD Src/tareas.o
LOAD lib/sapi3c/abstract_modules/src/sapi3c_delay.o
LOAD lib/sapi3c/base/src/sapi3c_datatypes.o
LOAD lib/sapi3c/board/src/sapi3c_board.o
LOAD lib/sapi3c/board/src/stm32f4xx_hal_msp.o
LOAD lib/sapi3c/board/src/stm32f4xx_hal_timebase_tim.o
LOAD lib/sapi3c/board/src/stm32f4xx_it.o
LOAD lib/sapi3c/board/src/syscalls.o
LOAD lib/sapi3c/board/src/system_stm32f4xx.o
LOAD lib/sapi3c/external_peripherals/ili9341/fonts.o
LOAD lib/sapi3c/external_peripherals/ili9341/ili9341.o
LOAD lib/sapi3c/external_peripherals/ili9341/ili9341_touch.o
LOAD lib/sapi3c/external_peripherals/src/sapi3c_display.o
LOAD lib/sapi3c/soc/core/src/sapi3c_sleep.o
LOAD lib/sapi3c/soc/peripherals/src/sapi3c_gpio.o
LOAD lib/sapi3c/soc/peripherals/src/sapi3c_uart.o
LOAD startup/startup_stm32f411xe.o
LOAD c:/ac6/systemworkbench/plugins/fr.ac6.mcu.externaltools.arm-none.win32_1.17.0.201812190825/tools/compiler/bin/../lib/gcc/arm-none-eabi/7.3.1/../../../../arm-none-eabi/lib/thumb/v7e-m/fpv4-sp/hard\libm.a
START GROUP
LOAD c:/ac6/systemworkbench/plugins/fr.ac6.mcu.externaltools.arm-none.win32_1.17.0.201812190825/tools/compiler/bin/../lib/gcc/arm-none-eabi/7.3.1/thumb/v7e-m/fpv4-sp/hard\libgcc.a
LOAD c:/ac6/systemworkbench/plugins/fr.ac6.mcu.externaltools.arm-none.win32_1.17.0.201812190825/tools/compiler/bin/../lib/gcc/arm-none-eabi/7.3.1/../../../../arm-none-eabi/lib/thumb/v7e-m/fpv4-sp/hard\libc_nano.a
END GROUP
START GROUP
LOAD c:/ac6/systemworkbench/plugins/fr.ac6.mcu.externaltools.arm-none.win32_1.17.0.201812190825/tools/compiler/bin/../lib/gcc/arm-none-eabi/7.3.1/thumb/v7e-m/fpv4-sp/hard\libgcc.a
LOAD c:/ac6/systemworkbench/plugins/fr.ac6.mcu.externaltools.arm-none.win32_1.17.0.201812190825/tools/compiler/bin/../lib/gcc/arm-none-eabi/7.3.1/../../../../arm-none-eabi/lib/thumb/v7e-m/fpv4-sp/hard\libc_nano.a
LOAD c:/ac6/systemworkbench/plugins/fr.ac6.mcu.externaltools.arm-none.win32_1.17.0.201812190825/tools/compiler/bin/../lib/gcc/arm-none-eabi/7.3.1/../../../../arm-none-eabi/lib/thumb/v7e-m/fpv4-sp/hard\libnosys.a
END GROUP
START GROUP
LOAD c:/ac6/systemworkbench/plugins/fr.ac6.mcu.externaltools.arm-none.win32_1.17.0.201812190825/tools/compiler/bin/../lib/gcc/arm-none-eabi/7.3.1/thumb/v7e-m/fpv4-sp/hard\libgcc.a
LOAD c:/ac6/systemworkbench/plugins/fr.ac6.mcu.externaltools.arm-none.win32_1.17.0.201812190825/tools/compiler/bin/../lib/gcc/arm-none-eabi/7.3.1/../../../../arm-none-eabi/lib/thumb/v7e-m/fpv4-sp/hard\libc_nano.a
LOAD c:/ac6/systemworkbench/plugins/fr.ac6.mcu.externaltools.arm-none.win32_1.17.0.201812190825/tools/compiler/bin/../lib/gcc/arm-none-eabi/7.3.1/../../../../arm-none-eabi/lib/thumb/v7e-m/fpv4-sp/hard\libnosys.a
END GROUP
LOAD c:/ac6/systemworkbench/plugins/fr.ac6.mcu.externaltools.arm-none.win32_1.17.0.201812190825/tools/compiler/bin/../lib/gcc/arm-none-eabi/7.3.1/thumb/v7e-m/fpv4-sp/hard/crtend.o
LOAD c:/ac6/systemworkbench/plugins/fr.ac6.mcu.externaltools.arm-none.win32_1.17.0.201812190825/tools/compiler/bin/../lib/gcc/arm-none-eabi/7.3.1/thumb/v7e-m/fpv4-sp/hard/crtn.o
                0x20020000                _estack = 0x20020000
                0x00000200                _Min_Heap_Size = 0x200
                0x00000400                _Min_Stack_Size = 0x400

.isr_vector     0x08000000      0x198
                0x08000000                . = ALIGN (0x4)
 *(.isr_vector)
 .isr_vector    0x08000000      0x198 startup/startup_stm32f411xe.o
                0x08000000                g_pfnVectors
                0x08000198                . = ALIGN (0x4)

.text           0x080001a0     0x6b88
                0x080001a0                . = ALIGN (0x4)
 *(.text)
 .text          0x080001a0       0x40 c:/ac6/systemworkbench/plugins/fr.ac6.mcu.externaltools.arm-none.win32_1.17.0.201812190825/tools/compiler/bin/../lib/gcc/arm-none-eabi/7.3.1/thumb/v7e-m/fpv4-sp/hard/crtbegin.o
 .text          0x080001e0       0x30 c:/ac6/systemworkbench/plugins/fr.ac6.mcu.externaltools.arm-none.win32_1.17.0.201812190825/tools/compiler/bin/../lib/gcc/arm-none-eabi/7.3.1/thumb/v7e-m/fpv4-sp/hard\libgcc.a(_aeabi_uldivmod.o)
                0x080001e0                __aeabi_uldivmod
 .text          0x08000210      0x2cc c:/ac6/systemworkbench/plugins/fr.ac6.mcu.externaltools.arm-none.win32_1.17.0.201812190825/tools/compiler/bin/../lib/gcc/arm-none-eabi/7.3.1/thumb/v7e-m/fpv4-sp/hard\libgcc.a(_udivmoddi4.o)
                0x08000210                __udivmoddi4
 .text          0x080004dc        0x4 c:/ac6/systemworkbench/plugins/fr.ac6.mcu.externaltools.arm-none.win32_1.17.0.201812190825/tools/compiler/bin/../lib/gcc/arm-none-eabi/7.3.1/thumb/v7e-m/fpv4-sp/hard\libgcc.a(_dvmd_tls.o)
                0x080004dc                __aeabi_idiv0
                0x080004dc                __aeabi_ldiv0
 .text          0x080004e0       0x10 c:/ac6/systemworkbench/plugins/fr.ac6.mcu.externaltools.arm-none.win32_1.17.0.201812190825/tools/compiler/bin/../lib/gcc/arm-none-eabi/7.3.1/../../../../arm-none-eabi/lib/thumb/v7e-m/fpv4-sp/hard\libc_nano.a(lib_a-strlen.o)
                0x080004e0                strlen
 .text          0x080004f0       0xa0 c:/ac6/systemworkbench/plugins/fr.ac6.mcu.externaltools.arm-none.win32_1.17.0.201812190825/tools/compiler/bin/../lib/gcc/arm-none-eabi/7.3.1/../../../../arm-none-eabi/lib/thumb/v7e-m/fpv4-sp/hard\libc_nano.a(lib_a-memchr.o)
                0x080004f0                memchr
 *(.text*)
 .text.HAL_Init
                0x08000590       0x34 Drivers/STM32F4xx_HAL_Driver/Src/stm32f4xx_hal.o
                0x08000590                HAL_Init
 .text.HAL_IncTick
                0x080005c4       0x18 Drivers/STM32F4xx_HAL_Driver/Src/stm32f4xx_hal.o
                0x080005c4                HAL_IncTick
 .text.HAL_GetTick
                0x080005dc        0xc Drivers/STM32F4xx_HAL_Driver/Src/stm32f4xx_hal.o
                0x080005dc                HAL_GetTick
 .text.HAL_Delay
                0x080005e8       0x24 Drivers/STM32F4xx_HAL_Driver/Src/stm32f4xx_hal.o
                0x080005e8                HAL_Delay
 .text.HAL_NVIC_SetPriorityGrouping
                0x0800060c       0x24 Drivers/STM32F4xx_HAL_Driver/Src/stm32f4xx_hal_cortex.o
                0x0800060c                HAL_NVIC_SetPriorityGrouping
 .text.HAL_NVIC_SetPriority
                0x08000630       0x6c Drivers/STM32F4xx_HAL_Driver/Src/stm32f4xx_hal_cortex.o
                0x08000630                HAL_NVIC_SetPriority
 .text.HAL_NVIC_EnableIRQ
                0x0800069c       0x1c Drivers/STM32F4xx_HAL_Driver/Src/stm32f4xx_hal_cortex.o
                0x0800069c                HAL_NVIC_EnableIRQ
 .text.HAL_GPIO_Init
                0x080006b8      0x1c0 Drivers/STM32F4xx_HAL_Driver/Src/stm32f4xx_hal_gpio.o
                0x080006b8                HAL_GPIO_Init
 .text.HAL_GPIO_DeInit
                0x08000878      0x124 Drivers/STM32F4xx_HAL_Driver/Src/stm32f4xx_hal_gpio.o
                0x08000878                HAL_GPIO_DeInit
 .text.HAL_GPIO_WritePin
                0x0800099c        0x8 Drivers/STM32F4xx_HAL_Driver/Src/stm32f4xx_hal_gpio.o
                0x0800099c                HAL_GPIO_WritePin
 .text.HAL_RCC_OscConfig
                0x080009a4      0x374 Drivers/STM32F4xx_HAL_Driver/Src/stm32f4xx_hal_rcc.o
                0x080009a4                HAL_RCC_OscConfig
 .text.HAL_RCC_GetSysClockFreq
                0x08000d18       0x6c Drivers/STM32F4xx_HAL_Driver/Src/stm32f4xx_hal_rcc.o
                0x08000d18                HAL_RCC_GetSysClockFreq
 .text.HAL_RCC_ClockConfig
                0x08000d84      0x134 Drivers/STM32F4xx_HAL_Driver/Src/stm32f4xx_hal_rcc.o
                0x08000d84                HAL_RCC_ClockConfig
 .text.HAL_RCC_GetPCLK2Freq
                0x08000eb8       0x20 Drivers/STM32F4xx_HAL_Driver/Src/stm32f4xx_hal_rcc.o
                0x08000eb8                HAL_RCC_GetPCLK2Freq
 .text.HAL_RCC_GetClockConfig
                0x08000ed8       0x44 Drivers/STM32F4xx_HAL_Driver/Src/stm32f4xx_hal_rcc.o
                0x08000ed8                HAL_RCC_GetClockConfig
 .text.HAL_RCCEx_PeriphCLKConfig
                0x08000f1c      0x154 Drivers/STM32F4xx_HAL_Driver/Src/stm32f4xx_hal_rcc_ex.o
                0x08000f1c                HAL_RCCEx_PeriphCLKConfig
 .text.HAL_SPI_Init
                0x08001070       0x80 Drivers/STM32F4xx_HAL_Driver/Src/stm32f4xx_hal_spi.o
                0x08001070                HAL_SPI_Init
 .text.HAL_SPI_DeInit
                0x080010f0       0x2c Drivers/STM32F4xx_HAL_Driver/Src/stm32f4xx_hal_spi.o
                0x080010f0                HAL_SPI_DeInit
 .text.HAL_SPI_Transmit
                0x0800111c      0x22c Drivers/STM32F4xx_HAL_Driver/Src/stm32f4xx_hal_spi.o
                0x0800111c                HAL_SPI_Transmit
 .text.HAL_TIM_Base_MspInit
                0x08001348        0x4 Drivers/STM32F4xx_HAL_Driver/Src/stm32f4xx_hal_tim.o
                0x08001348                HAL_TIM_Base_MspInit
 .text.HAL_TIM_Base_Init
                0x0800134c       0xbc Drivers/STM32F4xx_HAL_Driver/Src/stm32f4xx_hal_tim.o
                0x0800134c                HAL_TIM_Base_Init
 .text.HAL_TIM_Base_Start_IT
                0x08001408       0x20 Drivers/STM32F4xx_HAL_Driver/Src/stm32f4xx_hal_tim.o
                0x08001408                HAL_TIM_Base_Start_IT
 .text.HAL_TIM_OC_DelayElapsedCallback
                0x08001428        0x4 Drivers/STM32F4xx_HAL_Driver/Src/stm32f4xx_hal_tim.o
                0x08001428                HAL_TIM_OC_DelayElapsedCallback
 .text.HAL_TIM_IC_CaptureCallback
                0x0800142c        0x4 Drivers/STM32F4xx_HAL_Driver/Src/stm32f4xx_hal_tim.o
                0x0800142c                HAL_TIM_IC_CaptureCallback
 .text.HAL_TIM_PWM_PulseFinishedCallback
                0x08001430        0x4 Drivers/STM32F4xx_HAL_Driver/Src/stm32f4xx_hal_tim.o
                0x08001430                HAL_TIM_PWM_PulseFinishedCallback
 .text.HAL_TIM_TriggerCallback
                0x08001434        0x4 Drivers/STM32F4xx_HAL_Driver/Src/stm32f4xx_hal_tim.o
                0x08001434                HAL_TIM_TriggerCallback
 .text.HAL_TIM_IRQHandler
                0x08001438      0x154 Drivers/STM32F4xx_HAL_Driver/Src/stm32f4xx_hal_tim.o
                0x08001438                HAL_TIM_IRQHandler
 .text.HAL_TIMEx_CommutCallback
                0x0800158c        0x4 Drivers/STM32F4xx_HAL_Driver/Src/stm32f4xx_hal_tim_ex.o
                0x0800158c                HAL_TIMEx_CommutCallback
 .text.HAL_TIMEx_BreakCallback
                0x08001590        0x4 Drivers/STM32F4xx_HAL_Driver/Src/stm32f4xx_hal_tim_ex.o
                0x08001590                HAL_TIMEx_BreakCallback
 .text.LL_EXTI_Init
                0x08001594       0xac Drivers/STM32F4xx_HAL_Driver/Src/stm32f4xx_ll_exti.o
                0x08001594                LL_EXTI_Init
 .text.LL_GPIO_Init
                0x08001640      0x158 Drivers/STM32F4xx_HAL_Driver/Src/stm32f4xx_ll_gpio.o
                0x08001640                LL_GPIO_Init
 .text.LL_RCC_GetSystemClocksFreq
                0x08001798       0x94 Drivers/STM32F4xx_HAL_Driver/Src/stm32f4xx_ll_rcc.o
                0x08001798                LL_RCC_GetSystemClocksFreq
 .text.LL_USART_Init
                0x0800182c       0xf8 Drivers/STM32F4xx_HAL_Driver/Src/stm32f4xx_ll_usart.o
                0x0800182c                LL_USART_Init
 .text.osThreadCreate
                0x08001924       0x30 Middlewares/Third_Party/FreeRTOS/Source/CMSIS_RTOS/cmsis_os.o
                0x08001924                osThreadCreate
 .text.osDelay  0x08001954       0x10 Middlewares/Third_Party/FreeRTOS/Source/CMSIS_RTOS/cmsis_os.o
                0x08001954                osDelay
 .text.vListInitialise
                0x08001964       0x18 Middlewares/Third_Party/FreeRTOS/Source/list.o
                0x08001964                vListInitialise
 .text.vListInitialiseItem
                0x0800197c        0x8 Middlewares/Third_Party/FreeRTOS/Source/list.o
                0x0800197c                vListInitialiseItem
 .text.vListInsertEnd
                0x08001984       0x20 Middlewares/Third_Party/FreeRTOS/Source/list.o
                0x08001984                vListInsertEnd
 .text.vListInsert
                0x080019a4       0x34 Middlewares/Third_Party/FreeRTOS/Source/list.o
                0x080019a4                vListInsert
 .text.uxListRemove
                0x080019d8       0x28 Middlewares/Third_Party/FreeRTOS/Source/list.o
                0x080019d8                uxListRemove
 .text.prvUnlockQueue
                0x08001a00       0x94 Middlewares/Third_Party/FreeRTOS/Source/queue.o
 .text.xQueueGenericCreate
                0x08001a94       0x88 Middlewares/Third_Party/FreeRTOS/Source/queue.o
                0x08001a94                xQueueGenericCreate
 .text.xQueueCreateMutex
                0x08001b1c      0x284 Middlewares/Third_Party/FreeRTOS/Source/queue.o
                0x08001b1c                xQueueCreateMutex
 .text.xQueueGenericSend
                0x08001da0      0x324 Middlewares/Third_Party/FreeRTOS/Source/queue.o
                0x08001da0                xQueueGenericSend
 .text.xQueueReceive
                0x080020c4      0x2c8 Middlewares/Third_Party/FreeRTOS/Source/queue.o
                0x080020c4                xQueueReceive
 .text.xQueueSemaphoreTake
                0x0800238c      0x31c Middlewares/Third_Party/FreeRTOS/Source/queue.o
                0x0800238c                xQueueSemaphoreTake
 .text.vQueueAddToRegistry
                0x080026a8       0x54 Middlewares/Third_Party/FreeRTOS/Source/queue.o
                0x080026a8                vQueueAddToRegistry
 .text.vQueueWaitForMessageRestricted
                0x080026fc       0xcc Middlewares/Third_Party/FreeRTOS/Source/queue.o
                0x080026fc                vQueueWaitForMessageRestricted
 .text.prvIdleTask
                0x080027c8       0x58 Middlewares/Third_Party/FreeRTOS/Source/tasks.o
 .text.prvAddCurrentTaskToDelayedList
                0x08002820       0x88 Middlewares/Third_Party/FreeRTOS/Source/tasks.o
 .text.xTaskCreate
                0x080028a8      0x1b0 Middlewares/Third_Party/FreeRTOS/Source/tasks.o
                0x080028a8                xTaskCreate
 .text.vTaskStartScheduler
                0x08002a58      0x1c8 Middlewares/Third_Party/FreeRTOS/Source/tasks.o
                0x08002a58                vTaskStartScheduler
 .text.vTaskSuspendAll
                0x08002c20       0x14 Middlewares/Third_Party/FreeRTOS/Source/tasks.o
                0x08002c20                vTaskSuspendAll
 .text.xTaskGetTickCount
                0x08002c34        0xc Middlewares/Third_Party/FreeRTOS/Source/tasks.o
                0x08002c34                xTaskGetTickCount
 .text.xTaskIncrementTick
                0x08002c40      0x12c Middlewares/Third_Party/FreeRTOS/Source/tasks.o
                0x08002c40                xTaskIncrementTick
 .text.xTaskResumeAll
                0x08002d6c       0xf8 Middlewares/Third_Party/FreeRTOS/Source/tasks.o
                0x08002d6c                xTaskResumeAll
 .text.vTaskDelay
                0x08002e64       0x4c Middlewares/Third_Party/FreeRTOS/Source/tasks.o
                0x08002e64                vTaskDelay
 .text.vTaskSwitchContext
                0x08002eb0       0x6c Middlewares/Third_Party/FreeRTOS/Source/tasks.o
                0x08002eb0                vTaskSwitchContext
 .text.vTaskPlaceOnEventList
                0x08002f1c       0xa0 Middlewares/Third_Party/FreeRTOS/Source/tasks.o
                0x08002f1c                vTaskPlaceOnEventList
 .text.vTaskPlaceOnEventListRestricted
                0x08002fbc       0xb8 Middlewares/Third_Party/FreeRTOS/Source/tasks.o
                0x08002fbc                vTaskPlaceOnEventListRestricted
 .text.xTaskRemoveFromEventList
                0x08003074       0x7c Middlewares/Third_Party/FreeRTOS/Source/tasks.o
                0x08003074                xTaskRemoveFromEventList
 .text.vTaskInternalSetTimeOutState
                0x080030f0       0x14 Middlewares/Third_Party/FreeRTOS/Source/tasks.o
                0x080030f0                vTaskInternalSetTimeOutState
 .text.xTaskCheckForTimeOut
                0x08003104       0x84 Middlewares/Third_Party/FreeRTOS/Source/tasks.o
                0x08003104                xTaskCheckForTimeOut
 .text.vTaskMissedYield
                0x08003188       0x10 Middlewares/Third_Party/FreeRTOS/Source/tasks.o
                0x08003188                vTaskMissedYield
 .text.xTaskGetSchedulerState
                0x08003198       0x20 Middlewares/Third_Party/FreeRTOS/Source/tasks.o
                0x08003198                xTaskGetSchedulerState
 .text.xTaskPriorityInherit
                0x080031b8       0xb4 Middlewares/Third_Party/FreeRTOS/Source/tasks.o
                0x080031b8                xTaskPriorityInherit
 .text.xTaskPriorityDisinherit
                0x0800326c       0xac Middlewares/Third_Party/FreeRTOS/Source/tasks.o
                0x0800326c                xTaskPriorityDisinherit
 .text.vTaskPriorityDisinheritAfterTimeout
                0x08003318       0xc0 Middlewares/Third_Party/FreeRTOS/Source/tasks.o
                0x08003318                vTaskPriorityDisinheritAfterTimeout
 .text.pvTaskIncrementMutexHeldCount
                0x080033d8       0x1c Middlewares/Third_Party/FreeRTOS/Source/tasks.o
                0x080033d8                pvTaskIncrementMutexHeldCount
 .text.xTaskNotifyWait
                0x080033f4      0x108 Middlewares/Third_Party/FreeRTOS/Source/tasks.o
                0x080033f4                xTaskNotifyWait
 .text.xTaskGenericNotify
                0x080034fc       0xd4 Middlewares/Third_Party/FreeRTOS/Source/tasks.o
                0x080034fc                xTaskGenericNotify
 .text.xTaskGenericNotifyFromISR
                0x080035d0      0x104 Middlewares/Third_Party/FreeRTOS/Source/tasks.o
                0x080035d0                xTaskGenericNotifyFromISR
 .text.prvSwitchTimerLists
                0x080036d4       0x88 Middlewares/Third_Party/FreeRTOS/Source/timers.o
 .text.prvTimerTask
                0x0800375c      0x238 Middlewares/Third_Party/FreeRTOS/Source/timers.o
 .text.xTimerCreateTimerTask
                0x08003994       0x88 Middlewares/Third_Party/FreeRTOS/Source/timers.o
                0x08003994                xTimerCreateTimerTask
 .text.prvTaskExitError
                0x08003a1c       0x40 Middlewares/Third_Party/FreeRTOS/Source/portable/GCC/ARM_CM4F/port.o
 .text.unlikely.prvPortStartFirstTask
                0x08003a5c       0x28 Middlewares/Third_Party/FreeRTOS/Source/portable/GCC/ARM_CM4F/port.o
 .text.unlikely.vPortEnableVFP
                0x08003a84       0x14 Middlewares/Third_Party/FreeRTOS/Source/portable/GCC/ARM_CM4F/port.o
 .text.pxPortInitialiseStack
                0x08003a98       0x2c Middlewares/Third_Party/FreeRTOS/Source/portable/GCC/ARM_CM4F/port.o
                0x08003a98                pxPortInitialiseStack
 *fill*         0x08003ac4        0xc 
 .text.SVC_Handler
                0x08003ad0       0x24 Middlewares/Third_Party/FreeRTOS/Source/portable/GCC/ARM_CM4F/port.o
                0x08003ad0                SVC_Handler
 .text.vPortEnterCritical
                0x08003af4       0x44 Middlewares/Third_Party/FreeRTOS/Source/portable/GCC/ARM_CM4F/port.o
                0x08003af4                vPortEnterCritical
 .text.vPortExitCritical
                0x08003b38       0x28 Middlewares/Third_Party/FreeRTOS/Source/portable/GCC/ARM_CM4F/port.o
                0x08003b38                vPortExitCritical
 .text.PendSV_Handler
                0x08003b60       0x64 Middlewares/Third_Party/FreeRTOS/Source/portable/GCC/ARM_CM4F/port.o
                0x08003b60                PendSV_Handler
 .text.SysTick_Handler
                0x08003bc4       0x2c Middlewares/Third_Party/FreeRTOS/Source/portable/GCC/ARM_CM4F/port.o
                0x08003bc4                SysTick_Handler
 .text.vPortSetupTimerInterrupt
                0x08003bf0       0x3c Middlewares/Third_Party/FreeRTOS/Source/portable/GCC/ARM_CM4F/port.o
                0x08003bf0                vPortSetupTimerInterrupt
 .text.xPortStartScheduler
                0x08003c2c      0x108 Middlewares/Third_Party/FreeRTOS/Source/portable/GCC/ARM_CM4F/port.o
                0x08003c2c                xPortStartScheduler
 .text.vPortValidateInterruptPriority
                0x08003d34       0x58 Middlewares/Third_Party/FreeRTOS/Source/portable/GCC/ARM_CM4F/port.o
                0x08003d34                vPortValidateInterruptPriority
 .text.unlikely.prvInsertBlockIntoFreeList
                0x08003d8c       0x4c Middlewares/Third_Party/FreeRTOS/Source/portable/MemMang/heap_4.o
 .text.pvPortMalloc
                0x08003dd8       0xf8 Middlewares/Third_Party/FreeRTOS/Source/portable/MemMang/heap_4.o
                0x08003dd8                pvPortMalloc
 .text.vPortFree
                0x08003ed0       0x68 Middlewares/Third_Party/FreeRTOS/Source/portable/MemMang/heap_4.o
                0x08003ed0                vPortFree
 .text.printmsg
                0x08003f38       0x3c Src/general.o
                0x08003f38                printmsg
 .text.print_Wind_Speed
                0x08003f74       0x30 Src/general.o
                0x08003f74                print_Wind_Speed
 .text.print_Out_Temp
                0x08003fa4       0x30 Src/general.o
                0x08003fa4                print_Out_Temp
 .text.print_Wind_Dir
                0x08003fd4       0x30 Src/general.o
                0x08003fd4                print_Wind_Dir
 .text.print_String_Items
                0x08004004       0x34 Src/general.o
                0x08004004                print_String_Items
 .text.print_String_Complete
                0x08004038       0x7c Src/general.o
                0x08004038                print_String_Complete
 .text.print_Uart6_error_message
                0x080040b4       0x48 Src/general.o
                0x080040b4                print_Uart6_error_message
 .text.getCommandCode
                0x080040fc        0x8 Src/general.o
                0x080040fc                getCommandCode
 .text.getArguments
                0x08004104        0x4 Src/general.o
                0x08004104                getArguments
 .text.Start_Reception
                0x08004108       0xd4 Src/general.o
                0x08004108                Start_Reception
 .text.QueueAndSemCreateAll
                0x080041dc       0xc4 Src/general.o
                0x080041dc                QueueAndSemCreateAll
 .text.TaskCreateAll
                0x080042a0      0x110 Src/general.o
                0x080042a0                TaskCreateAll
 .text.startup.main
                0x080043b0       0x88 Src/main.o
                0x080043b0                main
 .text.USART1_IRQHandler
                0x08004438       0x98 Src/main.o
                0x08004438                USART1_IRQHandler
 .text.USART6_IRQHandler
                0x080044d0       0x70 Src/main.o
                0x080044d0                USART6_IRQHandler
 .text.StartDefaultTask
                0x08004540        0xc Src/tareas.o
                0x08004540                StartDefaultTask
 .text.CL3_FREERTOS_Init
                0x0800454c       0x28 Src/tareas.o
                0x0800454c                CL3_FREERTOS_Init
 .text.vTask_Display
                0x08004574       0x40 Src/tareas.o
                0x08004574                vTask_Display
 .text.vTask_Check_Meteo_packet
                0x080045b4       0x48 Src/tareas.o
                0x080045b4                vTask_Check_Meteo_packet
 .text.vTask_Process_OutdoorInfo
                0x080045fc       0xf8 Src/tareas.o
                0x080045fc                vTask_Process_OutdoorInfo
 .text.vTask_PrintError
                0x080046f4       0x50 Src/tareas.o
                0x080046f4                vTask_PrintError
 .text.vTask_Write_Uart6
                0x08004744       0x3c Src/tareas.o
                0x08004744                vTask_Write_Uart6
 .text.vTask_HeartBeat
                0x08004780       0x1c Src/tareas.o
                0x08004780                vTask_HeartBeat
 .text.vTask_uart6_cmd_handling
                0x0800479c       0x58 Src/tareas.o
                0x0800479c                vTask_uart6_cmd_handling
 .text.vTask_uart6_cmd_processing
                0x080047f4      0x118 Src/tareas.o
                0x080047f4                vTask_uart6_cmd_processing
 .text.SystemClock_Config
                0x0800490c       0xac lib/sapi3c/board/src/sapi3c_board.o
                0x0800490c                SystemClock_Config
 .text.boardInitCL3
                0x080049b8       0x88 lib/sapi3c/board/src/sapi3c_board.o
                0x080049b8                boardInitCL3
 .text.HAL_TIM_PeriodElapsedCallback
                0x08004a40       0x14 lib/sapi3c/board/src/sapi3c_board.o
                0x08004a40                HAL_TIM_PeriodElapsedCallback
 .text.Error_Handler
                0x08004a54        0x4 lib/sapi3c/board/src/sapi3c_board.o
                0x08004a54                Error_Handler
 .text.HAL_MspInit
                0x08004a58       0x40 lib/sapi3c/board/src/stm32f4xx_hal_msp.o
                0x08004a58                HAL_MspInit
 .text.HAL_InitTick
                0x08004a98       0x7c lib/sapi3c/board/src/stm32f4xx_hal_timebase_tim.o
                0x08004a98                HAL_InitTick
 .text.NMI_Handler
                0x08004b14        0x4 lib/sapi3c/board/src/stm32f4xx_it.o
                0x08004b14                NMI_Handler
 .text.HardFault_Handler
                0x08004b18        0x4 lib/sapi3c/board/src/stm32f4xx_it.o
                0x08004b18                HardFault_Handler
 .text.MemManage_Handler
                0x08004b1c        0x4 lib/sapi3c/board/src/stm32f4xx_it.o
                0x08004b1c                MemManage_Handler
 .text.BusFault_Handler
                0x08004b20        0x4 lib/sapi3c/board/src/stm32f4xx_it.o
                0x08004b20                BusFault_Handler
 .text.UsageFault_Handler
                0x08004b24        0x4 lib/sapi3c/board/src/stm32f4xx_it.o
                0x08004b24                UsageFault_Handler
 .text.DebugMon_Handler
                0x08004b28        0x4 lib/sapi3c/board/src/stm32f4xx_it.o
                0x08004b28                DebugMon_Handler
 .text.TIM1_UP_TIM10_IRQHandler
                0x08004b2c        0xc lib/sapi3c/board/src/stm32f4xx_it.o
                0x08004b2c                TIM1_UP_TIM10_IRQHandler
 .text._sbrk    0x08004b38       0x3c lib/sapi3c/board/src/syscalls.o
                0x08004b38                _sbrk
 .text.SystemInit
                0x08004b74       0x50 lib/sapi3c/board/src/system_stm32f4xx.o
                0x08004b74                SystemInit
 .text.ILI9341_SetAddressWindow
                0x08004bc4       0xbc lib/sapi3c/external_peripherals/ili9341/ili9341.o
 .text.ILI9341_Unselect
                0x08004c80       0x10 lib/sapi3c/external_peripherals/ili9341/ili9341.o
                0x08004c80                ILI9341_Unselect
 .text.ILI9341_Init
                0x08004c90      0x450 lib/sapi3c/external_peripherals/ili9341/ili9341.o
                0x08004c90                ILI9341_Init
 .text.ILI9341_DrawPixel
                0x080050e0       0x5c lib/sapi3c/external_peripherals/ili9341/ili9341.o
                0x080050e0                ILI9341_DrawPixel
 .text.ILI9341_WriteString
                0x0800513c      0x148 lib/sapi3c/external_peripherals/ili9341/ili9341.o
                0x0800513c                ILI9341_WriteString
 .text.ILI9341_FillScreen
                0x08005284       0x6c lib/sapi3c/external_peripherals/ili9341/ili9341.o
                0x08005284                ILI9341_FillScreen
 .text.ILI9341_TouchUnselect
                0x080052f0       0x10 lib/sapi3c/external_peripherals/ili9341/ili9341_touch.o
                0x080052f0                ILI9341_TouchUnselect
 .text.displaycl3_Config
                0x08005300       0x80 lib/sapi3c/external_peripherals/src/sapi3c_display.o
                0x08005300                displaycl3_Config
 .text.displaycl3_Screen
                0x08005380      0x1a4 lib/sapi3c/external_peripherals/src/sapi3c_display.o
                0x08005380                displaycl3_Screen
 .text.HAL_SPI_MspInit
                0x08005524       0x6c lib/sapi3c/external_peripherals/src/sapi3c_display.o
                0x08005524                HAL_SPI_MspInit
 .text.HAL_SPI_MspDeInit
                0x08005590       0x28 lib/sapi3c/external_peripherals/src/sapi3c_display.o
                0x08005590                HAL_SPI_MspDeInit
 .text.gpioInitEnable
                0x080055b8       0x90 lib/sapi3c/soc/peripherals/src/sapi3c_gpio.o
                0x080055b8                gpioInitEnable
 .text.gpioInitInput
                0x08005648       0x9c lib/sapi3c/soc/peripherals/src/sapi3c_gpio.o
                0x08005648                gpioInitInput
 .text.gpioInitOutput
                0x080056e4       0xf8 lib/sapi3c/soc/peripherals/src/sapi3c_gpio.o
                0x080056e4                gpioInitOutput
 .text.gpioInit_INT1
                0x080057dc       0x78 lib/sapi3c/soc/peripherals/src/sapi3c_gpio.o
                0x080057dc                gpioInit_INT1
 .text.uartInit
                0x08005854      0x1d0 lib/sapi3c/soc/peripherals/src/sapi3c_uart.o
                0x08005854                uartInit
 .text.printmsg_cl3
                0x08005a24       0x3c lib/sapi3c/soc/peripherals/src/sapi3c_uart.o
                0x08005a24                printmsg_cl3
 .text.Reset_Handler
                0x08005a60       0x50 startup/startup_stm32f411xe.o
                0x08005a60                Reset_Handler
 .text.Default_Handler
                0x08005ab0        0x2 startup/startup_stm32f411xe.o
                0x08005ab0                RTC_Alarm_IRQHandler
                0x08005ab0                EXTI2_IRQHandler
                0x08005ab0                SPI4_IRQHandler
                0x08005ab0                TIM1_CC_IRQHandler
                0x08005ab0                DMA2_Stream5_IRQHandler
                0x08005ab0                DMA1_Stream5_IRQHandler
                0x08005ab0                PVD_IRQHandler
                0x08005ab0                SDIO_IRQHandler
                0x08005ab0                TAMP_STAMP_IRQHandler
                0x08005ab0                EXTI3_IRQHandler
                0x08005ab0                I2C3_ER_IRQHandler
                0x08005ab0                EXTI0_IRQHandler
                0x08005ab0                I2C2_EV_IRQHandler
                0x08005ab0                DMA1_Stream2_IRQHandler
                0x08005ab0                FPU_IRQHandler
                0x08005ab0                DMA2_Stream2_IRQHandler
                0x08005ab0                SPI1_IRQHandler
                0x08005ab0                TIM1_BRK_TIM9_IRQHandler
                0x08005ab0                DMA2_Stream3_IRQHandler
                0x08005ab0                DMA2_Stream0_IRQHandler
                0x08005ab0                TIM4_IRQHandler
                0x08005ab0                I2C1_EV_IRQHandler
                0x08005ab0                DMA1_Stream6_IRQHandler
                0x08005ab0                DMA1_Stream1_IRQHandler
                0x08005ab0                TIM3_IRQHandler
                0x08005ab0                RCC_IRQHandler
                0x08005ab0                Default_Handler
                0x08005ab0                EXTI15_10_IRQHandler
                0x08005ab0                ADC_IRQHandler
                0x08005ab0                DMA1_Stream7_IRQHandler
                0x08005ab0                SPI5_IRQHandler
                0x08005ab0                TIM5_IRQHandler
                0x08005ab0                DMA2_Stream7_IRQHandler
                0x08005ab0                I2C3_EV_IRQHandler
                0x08005ab0                EXTI9_5_IRQHandler
                0x08005ab0                RTC_WKUP_IRQHandler
                0x08005ab0                SPI2_IRQHandler
                0x08005ab0                DMA1_Stream0_IRQHandler
                0x08005ab0                EXTI4_IRQHandler
                0x08005ab0                WWDG_IRQHandler
                0x08005ab0                TIM2_IRQHandler
                0x08005ab0                OTG_FS_WKUP_IRQHandler
                0x08005ab0                TIM1_TRG_COM_TIM11_IRQHandler
                0x08005ab0                EXTI1_IRQHandler
                0x08005ab0                USART2_IRQHandler
                0x08005ab0                I2C2_ER_IRQHandler
                0x08005ab0                DMA2_Stream1_IRQHandler
                0x08005ab0                FLASH_IRQHandler
                0x08005ab0                DMA2_Stream4_IRQHandler
                0x08005ab0                OTG_FS_IRQHandler
                0x08005ab0                SPI3_IRQHandler
                0x08005ab0                DMA1_Stream4_IRQHandler
                0x08005ab0                I2C1_ER_IRQHandler
                0x08005ab0                DMA2_Stream6_IRQHandler
                0x08005ab0                DMA1_Stream3_IRQHandler
 *fill*         0x08005ab2        0x2 
 .text.__errno  0x08005ab4        0xc c:/ac6/systemworkbench/plugins/fr.ac6.mcu.externaltools.arm-none.win32_1.17.0.201812190825/tools/compiler/bin/../lib/gcc/arm-none-eabi/7.3.1/../../../../arm-none-eabi/lib/thumb/v7e-m/fpv4-sp/hard\libc_nano.a(lib_a-errno.o)
                0x08005ab4                __errno
 .text.__libc_init_array
                0x08005ac0       0x48 c:/ac6/systemworkbench/plugins/fr.ac6.mcu.externaltools.arm-none.win32_1.17.0.201812190825/tools/compiler/bin/../lib/gcc/arm-none-eabi/7.3.1/../../../../arm-none-eabi/lib/thumb/v7e-m/fpv4-sp/hard\libc_nano.a(lib_a-init.o)
                0x08005ac0                __libc_init_array
 .text.memcpy   0x08005b08       0x16 c:/ac6/systemworkbench/plugins/fr.ac6.mcu.externaltools.arm-none.win32_1.17.0.201812190825/tools/compiler/bin/../lib/gcc/arm-none-eabi/7.3.1/../../../../arm-none-eabi/lib/thumb/v7e-m/fpv4-sp/hard\libc_nano.a(lib_a-memcpy-stub.o)
                0x08005b08                memcpy
 *fill*         0x08005b1e        0x2 
 .text.sprintf  0x08005b20       0x40 c:/ac6/systemworkbench/plugins/fr.ac6.mcu.externaltools.arm-none.win32_1.17.0.201812190825/tools/compiler/bin/../lib/gcc/arm-none-eabi/7.3.1/../../../../arm-none-eabi/lib/thumb/v7e-m/fpv4-sp/hard\libc_nano.a(lib_a-sprintf.o)
                0x08005b20                siprintf
                0x08005b20                sprintf
 .text.sscanf   0x08005b60       0x54 c:/ac6/systemworkbench/plugins/fr.ac6.mcu.externaltools.arm-none.win32_1.17.0.201812190825/tools/compiler/bin/../lib/gcc/arm-none-eabi/7.3.1/../../../../arm-none-eabi/lib/thumb/v7e-m/fpv4-sp/hard\libc_nano.a(lib_a-sscanf.o)
                0x08005b60                siscanf
                0x08005b60                sscanf
 .text.__seofread
                0x08005bb4        0x4 c:/ac6/systemworkbench/plugins/fr.ac6.mcu.externaltools.arm-none.win32_1.17.0.201812190825/tools/compiler/bin/../lib/gcc/arm-none-eabi/7.3.1/../../../../arm-none-eabi/lib/thumb/v7e-m/fpv4-sp/hard\libc_nano.a(lib_a-stdio.o)
                0x08005bb4                __seofread
 .text.strncpy  0x08005bb8       0x2a c:/ac6/systemworkbench/plugins/fr.ac6.mcu.externaltools.arm-none.win32_1.17.0.201812190825/tools/compiler/bin/../lib/gcc/arm-none-eabi/7.3.1/../../../../arm-none-eabi/lib/thumb/v7e-m/fpv4-sp/hard\libc_nano.a(lib_a-strncpy.o)
                0x08005bb8                strncpy
 .text.__ssputs_r
                0x08005be2       0xb4 c:/ac6/systemworkbench/plugins/fr.ac6.mcu.externaltools.arm-none.win32_1.17.0.201812190825/tools/compiler/bin/../lib/gcc/arm-none-eabi/7.3.1/../../../../arm-none-eabi/lib/thumb/v7e-m/fpv4-sp/hard\libc_nano.a(lib_a-nano-svfprintf.o)
                0x08005be2                __ssputs_r
 *fill*         0x08005c96        0x2 
 .text._svfprintf_r
                0x08005c98      0x1f0 c:/ac6/systemworkbench/plugins/fr.ac6.mcu.externaltools.arm-none.win32_1.17.0.201812190825/tools/compiler/bin/../lib/gcc/arm-none-eabi/7.3.1/../../../../arm-none-eabi/lib/thumb/v7e-m/fpv4-sp/hard\libc_nano.a(lib_a-nano-svfprintf.o)
                0x08005c98                _svfiprintf_r
                0x08005c98                _svfprintf_r
 .text._sungetc_r
                0x08005e88       0x7a c:/ac6/systemworkbench/plugins/fr.ac6.mcu.externaltools.arm-none.win32_1.17.0.201812190825/tools/compiler/bin/../lib/gcc/arm-none-eabi/7.3.1/../../../../arm-none-eabi/lib/thumb/v7e-m/fpv4-sp/hard\libc_nano.a(lib_a-nano-svfscanf.o)
                0x08005e88                _sungetc_r
 .text.__ssrefill_r
                0x08005f02       0x3a c:/ac6/systemworkbench/plugins/fr.ac6.mcu.externaltools.arm-none.win32_1.17.0.201812190825/tools/compiler/bin/../lib/gcc/arm-none-eabi/7.3.1/../../../../arm-none-eabi/lib/thumb/v7e-m/fpv4-sp/hard\libc_nano.a(lib_a-nano-svfscanf.o)
                0x08005f02                __ssrefill_r
 .text.__ssvfscanf_r
                0x08005f3c      0x2a0 c:/ac6/systemworkbench/plugins/fr.ac6.mcu.externaltools.arm-none.win32_1.17.0.201812190825/tools/compiler/bin/../lib/gcc/arm-none-eabi/7.3.1/../../../../arm-none-eabi/lib/thumb/v7e-m/fpv4-sp/hard\libc_nano.a(lib_a-nano-svfscanf.o)
                0x08005f3c                __ssvfiscanf_r
                0x08005f3c                __ssvfscanf_r
 .text._printf_common
                0x080061dc       0xea c:/ac6/systemworkbench/plugins/fr.ac6.mcu.externaltools.arm-none.win32_1.17.0.201812190825/tools/compiler/bin/../lib/gcc/arm-none-eabi/7.3.1/../../../../arm-none-eabi/lib/thumb/v7e-m/fpv4-sp/hard\libc_nano.a(lib_a-nano-vfprintf_i.o)
                0x080061dc                _printf_common
 *fill*         0x080062c6        0x2 
 .text._printf_i
                0x080062c8      0x224 c:/ac6/systemworkbench/plugins/fr.ac6.mcu.externaltools.arm-none.win32_1.17.0.201812190825/tools/compiler/bin/../lib/gcc/arm-none-eabi/7.3.1/../../../../arm-none-eabi/lib/thumb/v7e-m/fpv4-sp/hard\libc_nano.a(lib_a-nano-vfprintf_i.o)
                0x080062c8                _printf_i
 .text._scanf_chars
                0x080064ec       0xc6 c:/ac6/systemworkbench/plugins/fr.ac6.mcu.externaltools.arm-none.win32_1.17.0.201812190825/tools/compiler/bin/../lib/gcc/arm-none-eabi/7.3.1/../../../../arm-none-eabi/lib/thumb/v7e-m/fpv4-sp/hard\libc_nano.a(lib_a-nano-vfscanf_i.o)
                0x080064ec                _scanf_chars
 *fill*         0x080065b2        0x2 
 .text._scanf_i
                0x080065b4      0x1e8 c:/ac6/systemworkbench/plugins/fr.ac6.mcu.externaltools.arm-none.win32_1.17.0.201812190825/tools/compiler/bin/../lib/gcc/arm-none-eabi/7.3.1/../../../../arm-none-eabi/lib/thumb/v7e-m/fpv4-sp/hard\libc_nano.a(lib_a-nano-vfscanf_i.o)
                0x080065b4                _scanf_i
 .text.__sccl   0x0800679c       0x64 c:/ac6/systemworkbench/plugins/fr.ac6.mcu.externaltools.arm-none.win32_1.17.0.201812190825/tools/compiler/bin/../lib/gcc/arm-none-eabi/7.3.1/../../../../arm-none-eabi/lib/thumb/v7e-m/fpv4-sp/hard\libc_nano.a(lib_a-sccl.o)
                0x0800679c                __sccl
 .text._strtol_l.isra.0
                0x08006800       0xf6 c:/ac6/systemworkbench/plugins/fr.ac6.mcu.externaltools.arm-none.win32_1.17.0.201812190825/tools/compiler/bin/../lib/gcc/arm-none-eabi/7.3.1/../../../../arm-none-eabi/lib/thumb/v7e-m/fpv4-sp/hard\libc_nano.a(lib_a-strtol.o)
 *fill*         0x080068f6        0x2 
 .text._strtol_r
                0x080068f8       0x24 c:/ac6/systemworkbench/plugins/fr.ac6.mcu.externaltools.arm-none.win32_1.17.0.201812190825/tools/compiler/bin/../lib/gcc/arm-none-eabi/7.3.1/../../../../arm-none-eabi/lib/thumb/v7e-m/fpv4-sp/hard\libc_nano.a(lib_a-strtol.o)
                0x080068f8                _strtol_r
 .text._strtoul_l.isra.0
                0x0800691c       0xf4 c:/ac6/systemworkbench/plugins/fr.ac6.mcu.externaltools.arm-none.win32_1.17.0.201812190825/tools/compiler/bin/../lib/gcc/arm-none-eabi/7.3.1/../../../../arm-none-eabi/lib/thumb/v7e-m/fpv4-sp/hard\libc_nano.a(lib_a-strtoul.o)
 .text._strtoul_r
                0x08006a10       0x24 c:/ac6/systemworkbench/plugins/fr.ac6.mcu.externaltools.arm-none.win32_1.17.0.201812190825/tools/compiler/bin/../lib/gcc/arm-none-eabi/7.3.1/../../../../arm-none-eabi/lib/thumb/v7e-m/fpv4-sp/hard\libc_nano.a(lib_a-strtoul.o)
                0x08006a10                _strtoul_r
 .text.__submore
                0x08006a34       0x74 c:/ac6/systemworkbench/plugins/fr.ac6.mcu.externaltools.arm-none.win32_1.17.0.201812190825/tools/compiler/bin/../lib/gcc/arm-none-eabi/7.3.1/../../../../arm-none-eabi/lib/thumb/v7e-m/fpv4-sp/hard\libc_nano.a(lib_a-ungetc.o)
                0x08006a34                __submore
 .text.__locale_ctype_ptr_l
                0x08006aa8        0x6 c:/ac6/systemworkbench/plugins/fr.ac6.mcu.externaltools.arm-none.win32_1.17.0.201812190825/tools/compiler/bin/../lib/gcc/arm-none-eabi/7.3.1/../../../../arm-none-eabi/lib/thumb/v7e-m/fpv4-sp/hard\libc_nano.a(lib_a-locale.o)
                0x08006aa8                __locale_ctype_ptr_l
 *fill*         0x08006aae        0x2 
 .text.__locale_ctype_ptr
                0x08006ab0       0x1c c:/ac6/systemworkbench/plugins/fr.ac6.mcu.externaltools.arm-none.win32_1.17.0.201812190825/tools/compiler/bin/../lib/gcc/arm-none-eabi/7.3.1/../../../../arm-none-eabi/lib/thumb/v7e-m/fpv4-sp/hard\libc_nano.a(lib_a-locale.o)
                0x08006ab0                __locale_ctype_ptr
 .text.__ascii_mbtowc
                0x08006acc       0x24 c:/ac6/systemworkbench/plugins/fr.ac6.mcu.externaltools.arm-none.win32_1.17.0.201812190825/tools/compiler/bin/../lib/gcc/arm-none-eabi/7.3.1/../../../../arm-none-eabi/lib/thumb/v7e-m/fpv4-sp/hard\libc_nano.a(lib_a-mbtowc_r.o)
                0x08006acc                __ascii_mbtowc
 .text.memmove  0x08006af0       0x32 c:/ac6/systemworkbench/plugins/fr.ac6.mcu.externaltools.arm-none.win32_1.17.0.201812190825/tools/compiler/bin/../lib/gcc/arm-none-eabi/7.3.1/../../../../arm-none-eabi/lib/thumb/v7e-m/fpv4-sp/hard\libc_nano.a(lib_a-memmove.o)
                0x08006af0                memmove
 *fill*         0x08006b22        0x2 
 .text._free_r  0x08006b24       0x9c c:/ac6/systemworkbench/plugins/fr.ac6.mcu.externaltools.arm-none.win32_1.17.0.201812190825/tools/compiler/bin/../lib/gcc/arm-none-eabi/7.3.1/../../../../arm-none-eabi/lib/thumb/v7e-m/fpv4-sp/hard\libc_nano.a(lib_a-nano-freer.o)
                0x08006b24                _free_r
 .text._malloc_r
                0x08006bc0       0xb4 c:/ac6/systemworkbench/plugins/fr.ac6.mcu.externaltools.arm-none.win32_1.17.0.201812190825/tools/compiler/bin/../lib/gcc/arm-none-eabi/7.3.1/../../../../arm-none-eabi/lib/thumb/v7e-m/fpv4-sp/hard\libc_nano.a(lib_a-nano-mallocr.o)
                0x08006bc0                _malloc_r
 .text._realloc_r
                0x08006c74       0x4c c:/ac6/systemworkbench/plugins/fr.ac6.mcu.externaltools.arm-none.win32_1.17.0.201812190825/tools/compiler/bin/../lib/gcc/arm-none-eabi/7.3.1/../../../../arm-none-eabi/lib/thumb/v7e-m/fpv4-sp/hard\libc_nano.a(lib_a-nano-reallocr.o)
                0x08006c74                _realloc_r
 .text._sbrk_r  0x08006cc0       0x20 c:/ac6/systemworkbench/plugins/fr.ac6.mcu.externaltools.arm-none.win32_1.17.0.201812190825/tools/compiler/bin/../lib/gcc/arm-none-eabi/7.3.1/../../../../arm-none-eabi/lib/thumb/v7e-m/fpv4-sp/hard\libc_nano.a(lib_a-sbrkr.o)
                0x08006cc0                _sbrk_r
 .text.__ascii_wctomb
                0x08006ce0       0x1a c:/ac6/systemworkbench/plugins/fr.ac6.mcu.externaltools.arm-none.win32_1.17.0.201812190825/tools/compiler/bin/../lib/gcc/arm-none-eabi/7.3.1/../../../../arm-none-eabi/lib/thumb/v7e-m/fpv4-sp/hard\libc_nano.a(lib_a-wctomb_r.o)
                0x08006ce0                __ascii_wctomb
 .text.__malloc_lock
                0x08006cfa        0x2 c:/ac6/systemworkbench/plugins/fr.ac6.mcu.externaltools.arm-none.win32_1.17.0.201812190825/tools/compiler/bin/../lib/gcc/arm-none-eabi/7.3.1/../../../../arm-none-eabi/lib/thumb/v7e-m/fpv4-sp/hard\libc_nano.a(lib_a-mlock.o)
                0x08006cfa                __malloc_lock
 .text.__malloc_unlock
                0x08006cfc        0x2 c:/ac6/systemworkbench/plugins/fr.ac6.mcu.externaltools.arm-none.win32_1.17.0.201812190825/tools/compiler/bin/../lib/gcc/arm-none-eabi/7.3.1/../../../../arm-none-eabi/lib/thumb/v7e-m/fpv4-sp/hard\libc_nano.a(lib_a-mlock.o)
                0x08006cfc                __malloc_unlock
 .text._malloc_usable_size_r
                0x08006cfe       0x10 c:/ac6/systemworkbench/plugins/fr.ac6.mcu.externaltools.arm-none.win32_1.17.0.201812190825/tools/compiler/bin/../lib/gcc/arm-none-eabi/7.3.1/../../../../arm-none-eabi/lib/thumb/v7e-m/fpv4-sp/hard\libc_nano.a(lib_a-nano-msizer.o)
                0x08006cfe                _malloc_usable_size_r
 *(.glue_7)
 .glue_7        0x08006d0e        0x0 linker stubs
 *(.glue_7t)
 .glue_7t       0x08006d0e        0x0 linker stubs
 *(.eh_frame)
 *fill*         0x08006d0e        0x2 
 .eh_frame      0x08006d10        0x0 c:/ac6/systemworkbench/plugins/fr.ac6.mcu.externaltools.arm-none.win32_1.17.0.201812190825/tools/compiler/bin/../lib/gcc/arm-none-eabi/7.3.1/thumb/v7e-m/fpv4-sp/hard/crtbegin.o
 *(.init)
 .init          0x08006d10        0x4 c:/ac6/systemworkbench/plugins/fr.ac6.mcu.externaltools.arm-none.win32_1.17.0.201812190825/tools/compiler/bin/../lib/gcc/arm-none-eabi/7.3.1/thumb/v7e-m/fpv4-sp/hard/crti.o
                0x08006d10                _init
 .init          0x08006d14        0x8 c:/ac6/systemworkbench/plugins/fr.ac6.mcu.externaltools.arm-none.win32_1.17.0.201812190825/tools/compiler/bin/../lib/gcc/arm-none-eabi/7.3.1/thumb/v7e-m/fpv4-sp/hard/crtn.o
 *(.fini)
 .fini          0x08006d1c        0x4 c:/ac6/systemworkbench/plugins/fr.ac6.mcu.externaltools.arm-none.win32_1.17.0.201812190825/tools/compiler/bin/../lib/gcc/arm-none-eabi/7.3.1/thumb/v7e-m/fpv4-sp/hard/crti.o
                0x08006d1c                _fini
 .fini          0x08006d20        0x8 c:/ac6/systemworkbench/plugins/fr.ac6.mcu.externaltools.arm-none.win32_1.17.0.201812190825/tools/compiler/bin/../lib/gcc/arm-none-eabi/7.3.1/thumb/v7e-m/fpv4-sp/hard/crtn.o
                0x08006d28                . = ALIGN (0x4)
                0x08006d28                _etext = .

.vfp11_veneer   0x08006d28        0x0
 .vfp11_veneer  0x08006d28        0x0 linker stubs

.v4_bx          0x08006d28        0x0
 .v4_bx         0x08006d28        0x0 linker stubs

.iplt           0x08006d28        0x0
 .iplt          0x08006d28        0x0 c:/ac6/systemworkbench/plugins/fr.ac6.mcu.externaltools.arm-none.win32_1.17.0.201812190825/tools/compiler/bin/../lib/gcc/arm-none-eabi/7.3.1/thumb/v7e-m/fpv4-sp/hard/crtbegin.o

.rodata         0x08006d28     0x2db0
                0x08006d28                . = ALIGN (0x4)
 *(.rodata)
 .rodata        0x08006d28       0x14 Src/tareas.o
 .rodata        0x08006d3c       0x18 lib/sapi3c/board/src/system_stm32f4xx.o
                0x08006d3c                AHBPrescTable
                0x08006d4c                APBPrescTable
 .rodata        0x08006d54     0x2814 lib/sapi3c/external_peripherals/ili9341/fonts.o
 .rodata        0x08009568       0x3b lib/sapi3c/external_peripherals/ili9341/ili9341.o
 *fill*         0x080095a3        0x1 
 .rodata        0x080095a4       0x10 lib/sapi3c/soc/peripherals/src/sapi3c_uart.o
 .rodata        0x080095b4        0xc c:/ac6/systemworkbench/plugins/fr.ac6.mcu.externaltools.arm-none.win32_1.17.0.201812190825/tools/compiler/bin/../lib/gcc/arm-none-eabi/7.3.1/../../../../arm-none-eabi/lib/thumb/v7e-m/fpv4-sp/hard\libc_nano.a(lib_a-nano-vfscanf_i.o)
 *(.rodata*)
 .rodata.str1.4
                0x080095c0        0x5 Middlewares/Third_Party/FreeRTOS/Source/tasks.o
 *fill*         0x080095c5        0x3 
 .rodata.str1.4
                0x080095c8       0x10 Middlewares/Third_Party/FreeRTOS/Source/timers.o
 .rodata.str1.4
                0x080095d8      0x204 Src/general.o
 .rodata.str1.4
                0x080097dc       0x40 Src/main.o
 .rodata.str1.4
                0x0800981c       0x3c Src/tareas.o
 .rodata.str1.4
                0x08009858       0xc4 lib/sapi3c/external_peripherals/src/sapi3c_display.o
                                 0xc2 (size before relaxing)
 .rodata._svfprintf_r.str1.1
                0x0800991c       0x11 c:/ac6/systemworkbench/plugins/fr.ac6.mcu.externaltools.arm-none.win32_1.17.0.201812190825/tools/compiler/bin/../lib/gcc/arm-none-eabi/7.3.1/../../../../arm-none-eabi/lib/thumb/v7e-m/fpv4-sp/hard\libc_nano.a(lib_a-nano-svfprintf.o)
 .rodata.__ssvfscanf_r.str1.1
                0x0800992d        0x4 c:/ac6/systemworkbench/plugins/fr.ac6.mcu.externaltools.arm-none.win32_1.17.0.201812190825/tools/compiler/bin/../lib/gcc/arm-none-eabi/7.3.1/../../../../arm-none-eabi/lib/thumb/v7e-m/fpv4-sp/hard\libc_nano.a(lib_a-nano-svfscanf.o)
 .rodata._printf_i.str1.1
                0x0800992d       0x22 c:/ac6/systemworkbench/plugins/fr.ac6.mcu.externaltools.arm-none.win32_1.17.0.201812190825/tools/compiler/bin/../lib/gcc/arm-none-eabi/7.3.1/../../../../arm-none-eabi/lib/thumb/v7e-m/fpv4-sp/hard\libc_nano.a(lib_a-nano-vfprintf_i.o)
 .rodata._scanf_i.str1.1
                0x0800994f       0x12 c:/ac6/systemworkbench/plugins/fr.ac6.mcu.externaltools.arm-none.win32_1.17.0.201812190825/tools/compiler/bin/../lib/gcc/arm-none-eabi/7.3.1/../../../../arm-none-eabi/lib/thumb/v7e-m/fpv4-sp/hard\libc_nano.a(lib_a-nano-vfscanf_i.o)
 .rodata.str1.1
                0x08009961        0x9 c:/ac6/systemworkbench/plugins/fr.ac6.mcu.externaltools.arm-none.win32_1.17.0.201812190825/tools/compiler/bin/../lib/gcc/arm-none-eabi/7.3.1/../../../../arm-none-eabi/lib/thumb/v7e-m/fpv4-sp/hard\libc_nano.a(lib_a-nano-vfscanf_i.o)
 *fill*         0x0800996a        0x2 
 .rodata.__sf_fake_stderr
                0x0800996c       0x20 c:/ac6/systemworkbench/plugins/fr.ac6.mcu.externaltools.arm-none.win32_1.17.0.201812190825/tools/compiler/bin/../lib/gcc/arm-none-eabi/7.3.1/../../../../arm-none-eabi/lib/thumb/v7e-m/fpv4-sp/hard\libc_nano.a(lib_a-findfp.o)
                0x0800996c                __sf_fake_stderr
 .rodata.__sf_fake_stdin
                0x0800998c       0x20 c:/ac6/systemworkbench/plugins/fr.ac6.mcu.externaltools.arm-none.win32_1.17.0.201812190825/tools/compiler/bin/../lib/gcc/arm-none-eabi/7.3.1/../../../../arm-none-eabi/lib/thumb/v7e-m/fpv4-sp/hard\libc_nano.a(lib_a-findfp.o)
                0x0800998c                __sf_fake_stdin
 .rodata.__sf_fake_stdout
                0x080099ac       0x20 c:/ac6/systemworkbench/plugins/fr.ac6.mcu.externaltools.arm-none.win32_1.17.0.201812190825/tools/compiler/bin/../lib/gcc/arm-none-eabi/7.3.1/../../../../arm-none-eabi/lib/thumb/v7e-m/fpv4-sp/hard\libc_nano.a(lib_a-findfp.o)
                0x080099ac                __sf_fake_stdout
 .rodata._setlocale_r.str1.1
                0x080099cc        0x8 c:/ac6/systemworkbench/plugins/fr.ac6.mcu.externaltools.arm-none.win32_1.17.0.201812190825/tools/compiler/bin/../lib/gcc/arm-none-eabi/7.3.1/../../../../arm-none-eabi/lib/thumb/v7e-m/fpv4-sp/hard\libc_nano.a(lib_a-locale.o)
                                  0x9 (size before relaxing)
 .rodata.str1.1
                0x080099d4        0x2 c:/ac6/systemworkbench/plugins/fr.ac6.mcu.externaltools.arm-none.win32_1.17.0.201812190825/tools/compiler/bin/../lib/gcc/arm-none-eabi/7.3.1/../../../../arm-none-eabi/lib/thumb/v7e-m/fpv4-sp/hard\libc_nano.a(lib_a-locale.o)
 .rodata._ctype_
                0x080099d6      0x101 c:/ac6/systemworkbench/plugins/fr.ac6.mcu.externaltools.arm-none.win32_1.17.0.201812190825/tools/compiler/bin/../lib/gcc/arm-none-eabi/7.3.1/../../../../arm-none-eabi/lib/thumb/v7e-m/fpv4-sp/hard\libc_nano.a(lib_a-ctype_.o)
                0x080099d6                _ctype_
                0x08009ad8                . = ALIGN (0x4)
 *fill*         0x08009ad7        0x1 

.ARM.extab
 *(.ARM.extab* .gnu.linkonce.armextab.*)

.ARM            0x08009ad8        0x8
                0x08009ad8                __exidx_start = .
 *(.ARM.exidx*)
 .ARM.exidx     0x08009ad8        0x8 c:/ac6/systemworkbench/plugins/fr.ac6.mcu.externaltools.arm-none.win32_1.17.0.201812190825/tools/compiler/bin/../lib/gcc/arm-none-eabi/7.3.1/thumb/v7e-m/fpv4-sp/hard\libgcc.a(_udivmoddi4.o)
                0x08009ae0                __exidx_end = .

.rel.dyn        0x08009ae0        0x0
 .rel.iplt      0x08009ae0        0x0 c:/ac6/systemworkbench/plugins/fr.ac6.mcu.externaltools.arm-none.win32_1.17.0.201812190825/tools/compiler/bin/../lib/gcc/arm-none-eabi/7.3.1/thumb/v7e-m/fpv4-sp/hard/crtbegin.o

.preinit_array  0x08009ae0        0x0
                0x08009ae0                PROVIDE (__preinit_array_start = .)
 *(.preinit_array*)
                0x08009ae0                PROVIDE (__preinit_array_end = .)

.init_array     0x08009ae0        0x4
                0x08009ae0                PROVIDE (__init_array_start = .)
 *(SORT_BY_NAME(.init_array.*))
 *(.init_array*)
 .init_array    0x08009ae0        0x4 c:/ac6/systemworkbench/plugins/fr.ac6.mcu.externaltools.arm-none.win32_1.17.0.201812190825/tools/compiler/bin/../lib/gcc/arm-none-eabi/7.3.1/thumb/v7e-m/fpv4-sp/hard/crtbegin.o
                0x08009ae4                PROVIDE (__init_array_end = .)

.fini_array     0x08009ae4        0x4
                [!provide]                PROVIDE (__fini_array_start = .)
 *(SORT_BY_NAME(.fini_array.*))
 *(.fini_array*)
 .fini_array    0x08009ae4        0x4 c:/ac6/systemworkbench/plugins/fr.ac6.mcu.externaltools.arm-none.win32_1.17.0.201812190825/tools/compiler/bin/../lib/gcc/arm-none-eabi/7.3.1/thumb/v7e-m/fpv4-sp/hard/crtbegin.o
                [!provide]                PROVIDE (__fini_array_end = .)
                0x08009ae8                _sidata = LOADADDR (.data)

.data           0x20000000      0x338 load address 0x08009ae8
                0x20000000                . = ALIGN (0x4)
                0x20000000                _sdata = .
 *(.data)
 .data          0x20000000        0x8 Drivers/STM32F4xx_HAL_Driver/Src/stm32f4xx_hal.o
                0x20000000                uwTickFreq
                0x20000004                uwTickPrio
 .data          0x20000008        0x4 Middlewares/Third_Party/FreeRTOS/Source/portable/GCC/ARM_CM4F/port.o
 .data          0x2000000c      0x13c Src/general.o
                0x2000000c                menu
                0x200000fc                okTestCStr
                0x20000120                TestCStr
 .data          0x20000148        0x1 Src/tareas.o
 *fill*         0x20000149        0x3 
 .data          0x2000014c        0x4 lib/sapi3c/board/src/system_stm32f4xx.o
                0x2000014c                SystemCoreClock
 .data          0x20000150       0x18 lib/sapi3c/external_peripherals/ili9341/fonts.o
                0x20000150                Font_16x26
                0x20000158                Font_11x18
                0x20000160                Font_7x10
 *(.data*)
 .data._impure_ptr
                0x20000168        0x4 c:/ac6/systemworkbench/plugins/fr.ac6.mcu.externaltools.arm-none.win32_1.17.0.201812190825/tools/compiler/bin/../lib/gcc/arm-none-eabi/7.3.1/../../../../arm-none-eabi/lib/thumb/v7e-m/fpv4-sp/hard\libc_nano.a(lib_a-impure.o)
                0x20000168                _impure_ptr
 .data.impure_data
                0x2000016c       0x60 c:/ac6/systemworkbench/plugins/fr.ac6.mcu.externaltools.arm-none.win32_1.17.0.201812190825/tools/compiler/bin/../lib/gcc/arm-none-eabi/7.3.1/../../../../arm-none-eabi/lib/thumb/v7e-m/fpv4-sp/hard\libc_nano.a(lib_a-impure.o)
 .data.__global_locale
                0x200001cc      0x16c c:/ac6/systemworkbench/plugins/fr.ac6.mcu.externaltools.arm-none.win32_1.17.0.201812190825/tools/compiler/bin/../lib/gcc/arm-none-eabi/7.3.1/../../../../arm-none-eabi/lib/thumb/v7e-m/fpv4-sp/hard\libc_nano.a(lib_a-locale.o)
                0x200001cc                __global_locale
                0x20000338                . = ALIGN (0x4)
                0x20000338                _edata = .

.igot.plt       0x20000338        0x0 load address 0x08009e20
 .igot.plt      0x20000338        0x0 c:/ac6/systemworkbench/plugins/fr.ac6.mcu.externaltools.arm-none.win32_1.17.0.201812190825/tools/compiler/bin/../lib/gcc/arm-none-eabi/7.3.1/thumb/v7e-m/fpv4-sp/hard/crtbegin.o
                0x20000338                . = ALIGN (0x4)

.bss            0x20000338    0x130ec load address 0x08009e20
                0x20000338                _sbss = .
                0x20000338                __bss_start__ = _sbss
 *(.bss)
 .bss           0x20000338       0x1c c:/ac6/systemworkbench/plugins/fr.ac6.mcu.externaltools.arm-none.win32_1.17.0.201812190825/tools/compiler/bin/../lib/gcc/arm-none-eabi/7.3.1/thumb/v7e-m/fpv4-sp/hard/crtbegin.o
 .bss           0x20000354      0x12c Middlewares/Third_Party/FreeRTOS/Source/tasks.o
                0x20000400                pxCurrentTCB
 .bss           0x20000480       0x3c Middlewares/Third_Party/FreeRTOS/Source/timers.o
 .bss           0x200004bc        0x8 Middlewares/Third_Party/FreeRTOS/Source/portable/GCC/ARM_CM4F/port.o
 .bss           0x200004c4    0x12c18 Middlewares/Third_Party/FreeRTOS/Source/portable/MemMang/heap_4.o
 .bss           0x200130dc      0x172 Src/general.o
                0x200130dc                usr_msg
                0x200131d8                aShowDate
                0x2001320c                aShowTime
                0x20013240                g_Rx_Errors
                0x20013244                g_checksum
                0x20013246                g_items
                0x20013248                g_chk
                0x2001324a                packet_started
                0x2001324b                command_len
                0x2001324c                packet_len
                0x2001324d                btest
 *fill*         0x2001324e        0x2 
 .bss           0x20013250       0x38 Src/tareas.o
                0x20013250                output_write_queue
                0x20013254                packet_queue
                0x20013258                xMutex
                0x2001325c                command_queue
                0x20013260                xTaskHandleDisplay
                0x20013264                xSem1
                0x20013268                led_timer_handle
                0x2001326c                xTaskHandleUart6CmdP
                0x20013270                xTaskHandleUart6CmdH
                0x20013274                xTaskHandleHeartBeat
                0x20013278                xTaskHandlePrintErr
                0x2001327c                xTaskHandleWrUart6
                0x20013280                xTaskHandleProcOutd
                0x20013284                xTaskHandleChkMeteo
 .bss           0x20013288        0x8 lib/sapi3c/board/src/syscalls.o
                0x2001328c                __env
 *(.bss*)
 .bss.__malloc_free_list
                0x20013290        0x4 c:/ac6/systemworkbench/plugins/fr.ac6.mcu.externaltools.arm-none.win32_1.17.0.201812190825/tools/compiler/bin/../lib/gcc/arm-none-eabi/7.3.1/../../../../arm-none-eabi/lib/thumb/v7e-m/fpv4-sp/hard\libc_nano.a(lib_a-nano-mallocr.o)
                0x20013290                __malloc_free_list
 .bss.__malloc_sbrk_start
                0x20013294        0x4 c:/ac6/systemworkbench/plugins/fr.ac6.mcu.externaltools.arm-none.win32_1.17.0.201812190825/tools/compiler/bin/../lib/gcc/arm-none-eabi/7.3.1/../../../../arm-none-eabi/lib/thumb/v7e-m/fpv4-sp/hard\libc_nano.a(lib_a-nano-mallocr.o)
                0x20013294                __malloc_sbrk_start
 *(COMMON)
 COMMON         0x20013298        0x4 Drivers/STM32F4xx_HAL_Driver/Src/stm32f4xx_hal.o
                0x20013298                uwTick
 COMMON         0x2001329c       0x40 Middlewares/Third_Party/FreeRTOS/Source/queue.o
                0x2001329c                xQueueRegistry
 COMMON         0x200132dc       0xa8 Src/general.o
                0x200132dc                sensor_val
                0x200132e8                packet_buffer
                0x20013348                new_packet
                0x20013370                command_buffer
 COMMON         0x20013384        0x4 Src/tareas.o
                0x20013384                defaultTaskHandle
 COMMON         0x20013388       0x40 lib/sapi3c/board/src/stm32f4xx_hal_timebase_tim.o
                0x20013388                htim1
 COMMON         0x200133c8       0x58 lib/sapi3c/external_peripherals/src/sapi3c_display.o
                0x200133c8                hspi1
 COMMON         0x20013420        0x4 c:/ac6/systemworkbench/plugins/fr.ac6.mcu.externaltools.arm-none.win32_1.17.0.201812190825/tools/compiler/bin/../lib/gcc/arm-none-eabi/7.3.1/../../../../arm-none-eabi/lib/thumb/v7e-m/fpv4-sp/hard\libc_nano.a(lib_a-reent.o)
                0x20013420                errno
                0x20013424                . = ALIGN (0x4)
                0x20013424                _ebss = .
                0x20013424                __bss_end__ = _ebss

._user_heap_stack
                0x20013424      0x604 load address 0x08009e20
                0x20013428                . = ALIGN (0x8)
 *fill*         0x20013424        0x4 
                0x20013428                PROVIDE (end = .)
                [!provide]                PROVIDE (_end = .)
                0x20013628                . = (. + _Min_Heap_Size)
 *fill*         0x20013428      0x200 
                0x20013a28                . = (. + _Min_Stack_Size)
 *fill*         0x20013628      0x400 
                0x20013a28                . = ALIGN (0x8)

/DISCARD/
 libc.a(*)
 libm.a(*)
 libgcc.a(*)

.ARM.attributes
                0x00000000       0x30
 *(.ARM.attributes)
 .ARM.attributes
                0x00000000       0x22 c:/ac6/systemworkbench/plugins/fr.ac6.mcu.externaltools.arm-none.win32_1.17.0.201812190825/tools/compiler/bin/../lib/gcc/arm-none-eabi/7.3.1/thumb/v7e-m/fpv4-sp/hard/crti.o
 .ARM.attributes
                0x00000022       0x34 c:/ac6/systemworkbench/plugins/fr.ac6.mcu.externaltools.arm-none.win32_1.17.0.201812190825/tools/compiler/bin/../lib/gcc/arm-none-eabi/7.3.1/thumb/v7e-m/fpv4-sp/hard/crtbegin.o
 .ARM.attributes
                0x00000056       0x39 Drivers/STM32F4xx_HAL_Driver/Src/stm32f4xx_hal.o
 .ARM.attributes
                0x0000008f       0x39 Drivers/STM32F4xx_HAL_Driver/Src/stm32f4xx_hal_cortex.o
 .ARM.attributes
                0x000000c8       0x39 Drivers/STM32F4xx_HAL_Driver/Src/stm32f4xx_hal_gpio.o
 .ARM.attributes
                0x00000101       0x39 Drivers/STM32F4xx_HAL_Driver/Src/stm32f4xx_hal_rcc.o
 .ARM.attributes
                0x0000013a       0x39 Drivers/STM32F4xx_HAL_Driver/Src/stm32f4xx_hal_rcc_ex.o
 .ARM.attributes
                0x00000173       0x39 Drivers/STM32F4xx_HAL_Driver/Src/stm32f4xx_hal_spi.o
 .ARM.attributes
                0x000001ac       0x39 Drivers/STM32F4xx_HAL_Driver/Src/stm32f4xx_hal_tim.o
 .ARM.attributes
                0x000001e5       0x39 Drivers/STM32F4xx_HAL_Driver/Src/stm32f4xx_hal_tim_ex.o
 .ARM.attributes
                0x0000021e       0x39 Drivers/STM32F4xx_HAL_Driver/Src/stm32f4xx_ll_exti.o
 .ARM.attributes
                0x00000257       0x39 Drivers/STM32F4xx_HAL_Driver/Src/stm32f4xx_ll_gpio.o
 .ARM.attributes
                0x00000290       0x39 Drivers/STM32F4xx_HAL_Driver/Src/stm32f4xx_ll_rcc.o
 .ARM.attributes
                0x000002c9       0x39 Drivers/STM32F4xx_HAL_Driver/Src/stm32f4xx_ll_usart.o
 .ARM.attributes
                0x00000302       0x39 Middlewares/Third_Party/FreeRTOS/Source/CMSIS_RTOS/cmsis_os.o
 .ARM.attributes
                0x0000033b       0x39 Middlewares/Third_Party/FreeRTOS/Source/list.o
 .ARM.attributes
                0x00000374       0x39 Middlewares/Third_Party/FreeRTOS/Source/queue.o
 .ARM.attributes
                0x000003ad       0x39 Middlewares/Third_Party/FreeRTOS/Source/tasks.o
 .ARM.attributes
                0x000003e6       0x39 Middlewares/Third_Party/FreeRTOS/Source/timers.o
 .ARM.attributes
                0x0000041f       0x39 Middlewares/Third_Party/FreeRTOS/Source/portable/GCC/ARM_CM4F/port.o
 .ARM.attributes
                0x00000458       0x39 Middlewares/Third_Party/FreeRTOS/Source/portable/MemMang/heap_4.o
 .ARM.attributes
                0x00000491       0x39 Src/general.o
 .ARM.attributes
                0x000004ca       0x39 Src/main.o
 .ARM.attributes
                0x00000503       0x39 Src/tareas.o
 .ARM.attributes
                0x0000053c       0x39 lib/sapi3c/board/src/sapi3c_board.o
 .ARM.attributes
                0x00000575       0x39 lib/sapi3c/board/src/stm32f4xx_hal_msp.o
 .ARM.attributes
                0x000005ae       0x39 lib/sapi3c/board/src/stm32f4xx_hal_timebase_tim.o
 .ARM.attributes
                0x000005e7       0x39 lib/sapi3c/board/src/stm32f4xx_it.o
 .ARM.attributes
                0x00000620       0x39 lib/sapi3c/board/src/syscalls.o
 .ARM.attributes
                0x00000659       0x39 lib/sapi3c/board/src/system_stm32f4xx.o
 .ARM.attributes
                0x00000692       0x39 lib/sapi3c/external_peripherals/ili9341/fonts.o
 .ARM.attributes
                0x000006cb       0x39 lib/sapi3c/external_peripherals/ili9341/ili9341.o
 .ARM.attributes
                0x00000704       0x39 lib/sapi3c/external_peripherals/ili9341/ili9341_touch.o
 .ARM.attributes
                0x0000073d       0x39 lib/sapi3c/external_peripherals/src/sapi3c_display.o
 .ARM.attributes
                0x00000776       0x39 lib/sapi3c/soc/peripherals/src/sapi3c_gpio.o
 .ARM.attributes
                0x000007af       0x39 lib/sapi3c/soc/peripherals/src/sapi3c_uart.o
 .ARM.attributes
                0x000007e8       0x21 startup/startup_stm32f411xe.o
 .ARM.attributes
                0x00000809       0x22 c:/ac6/systemworkbench/plugins/fr.ac6.mcu.externaltools.arm-none.win32_1.17.0.201812190825/tools/compiler/bin/../lib/gcc/arm-none-eabi/7.3.1/thumb/v7e-m/fpv4-sp/hard\libgcc.a(_aeabi_uldivmod.o)
 .ARM.attributes
                0x0000082b       0x34 c:/ac6/systemworkbench/plugins/fr.ac6.mcu.externaltools.arm-none.win32_1.17.0.201812190825/tools/compiler/bin/../lib/gcc/arm-none-eabi/7.3.1/thumb/v7e-m/fpv4-sp/hard\libgcc.a(_udivmoddi4.o)
 .ARM.attributes
                0x0000085f       0x22 c:/ac6/systemworkbench/plugins/fr.ac6.mcu.externaltools.arm-none.win32_1.17.0.201812190825/tools/compiler/bin/../lib/gcc/arm-none-eabi/7.3.1/thumb/v7e-m/fpv4-sp/hard\libgcc.a(_dvmd_tls.o)
 .ARM.attributes
                0x00000881       0x34 c:/ac6/systemworkbench/plugins/fr.ac6.mcu.externaltools.arm-none.win32_1.17.0.201812190825/tools/compiler/bin/../lib/gcc/arm-none-eabi/7.3.1/../../../../arm-none-eabi/lib/thumb/v7e-m/fpv4-sp/hard\libc_nano.a(lib_a-errno.o)
 .ARM.attributes
                0x000008b5       0x34 c:/ac6/systemworkbench/plugins/fr.ac6.mcu.externaltools.arm-none.win32_1.17.0.201812190825/tools/compiler/bin/../lib/gcc/arm-none-eabi/7.3.1/../../../../arm-none-eabi/lib/thumb/v7e-m/fpv4-sp/hard\libc_nano.a(lib_a-impure.o)
 .ARM.attributes
                0x000008e9       0x34 c:/ac6/systemworkbench/plugins/fr.ac6.mcu.externaltools.arm-none.win32_1.17.0.201812190825/tools/compiler/bin/../lib/gcc/arm-none-eabi/7.3.1/../../../../arm-none-eabi/lib/thumb/v7e-m/fpv4-sp/hard\libc_nano.a(lib_a-init.o)
 .ARM.attributes
                0x0000091d       0x34 c:/ac6/systemworkbench/plugins/fr.ac6.mcu.externaltools.arm-none.win32_1.17.0.201812190825/tools/compiler/bin/../lib/gcc/arm-none-eabi/7.3.1/../../../../arm-none-eabi/lib/thumb/v7e-m/fpv4-sp/hard\libc_nano.a(lib_a-memcpy-stub.o)
 .ARM.attributes
                0x00000951       0x34 c:/ac6/systemworkbench/plugins/fr.ac6.mcu.externaltools.arm-none.win32_1.17.0.201812190825/tools/compiler/bin/../lib/gcc/arm-none-eabi/7.3.1/../../../../arm-none-eabi/lib/thumb/v7e-m/fpv4-sp/hard\libc_nano.a(lib_a-sprintf.o)
 .ARM.attributes
                0x00000985       0x34 c:/ac6/systemworkbench/plugins/fr.ac6.mcu.externaltools.arm-none.win32_1.17.0.201812190825/tools/compiler/bin/../lib/gcc/arm-none-eabi/7.3.1/../../../../arm-none-eabi/lib/thumb/v7e-m/fpv4-sp/hard\libc_nano.a(lib_a-sscanf.o)
 .ARM.attributes
                0x000009b9       0x34 c:/ac6/systemworkbench/plugins/fr.ac6.mcu.externaltools.arm-none.win32_1.17.0.201812190825/tools/compiler/bin/../lib/gcc/arm-none-eabi/7.3.1/../../../../arm-none-eabi/lib/thumb/v7e-m/fpv4-sp/hard\libc_nano.a(lib_a-stdio.o)
 .ARM.attributes
                0x000009ed       0x1b c:/ac6/systemworkbench/plugins/fr.ac6.mcu.externaltools.arm-none.win32_1.17.0.201812190825/tools/compiler/bin/../lib/gcc/arm-none-eabi/7.3.1/../../../../arm-none-eabi/lib/thumb/v7e-m/fpv4-sp/hard\libc_nano.a(lib_a-strlen.o)
 .ARM.attributes
                0x00000a08       0x34 c:/ac6/systemworkbench/plugins/fr.ac6.mcu.externaltools.arm-none.win32_1.17.0.201812190825/tools/compiler/bin/../lib/gcc/arm-none-eabi/7.3.1/../../../../arm-none-eabi/lib/thumb/v7e-m/fpv4-sp/hard\libc_nano.a(lib_a-strncpy.o)
 .ARM.attributes
                0x00000a3c       0x34 c:/ac6/systemworkbench/plugins/fr.ac6.mcu.externaltools.arm-none.win32_1.17.0.201812190825/tools/compiler/bin/../lib/gcc/arm-none-eabi/7.3.1/../../../../arm-none-eabi/lib/thumb/v7e-m/fpv4-sp/hard\libc_nano.a(lib_a-nano-svfprintf.o)
 .ARM.attributes
                0x00000a70       0x34 c:/ac6/systemworkbench/plugins/fr.ac6.mcu.externaltools.arm-none.win32_1.17.0.201812190825/tools/compiler/bin/../lib/gcc/arm-none-eabi/7.3.1/../../../../arm-none-eabi/lib/thumb/v7e-m/fpv4-sp/hard\libc_nano.a(lib_a-nano-svfscanf.o)
 .ARM.attributes
                0x00000aa4       0x34 c:/ac6/systemworkbench/plugins/fr.ac6.mcu.externaltools.arm-none.win32_1.17.0.201812190825/tools/compiler/bin/../lib/gcc/arm-none-eabi/7.3.1/../../../../arm-none-eabi/lib/thumb/v7e-m/fpv4-sp/hard\libc_nano.a(lib_a-nano-vfprintf_i.o)
 .ARM.attributes
                0x00000ad8       0x34 c:/ac6/systemworkbench/plugins/fr.ac6.mcu.externaltools.arm-none.win32_1.17.0.201812190825/tools/compiler/bin/../lib/gcc/arm-none-eabi/7.3.1/../../../../arm-none-eabi/lib/thumb/v7e-m/fpv4-sp/hard\libc_nano.a(lib_a-nano-vfscanf_i.o)
 .ARM.attributes
                0x00000b0c       0x34 c:/ac6/systemworkbench/plugins/fr.ac6.mcu.externaltools.arm-none.win32_1.17.0.201812190825/tools/compiler/bin/../lib/gcc/arm-none-eabi/7.3.1/../../../../arm-none-eabi/lib/thumb/v7e-m/fpv4-sp/hard\libc_nano.a(lib_a-reent.o)
 .ARM.attributes
                0x00000b40       0x34 c:/ac6/systemworkbench/plugins/fr.ac6.mcu.externaltools.arm-none.win32_1.17.0.201812190825/tools/compiler/bin/../lib/gcc/arm-none-eabi/7.3.1/../../../../arm-none-eabi/lib/thumb/v7e-m/fpv4-sp/hard\libc_nano.a(lib_a-sccl.o)
 .ARM.attributes
                0x00000b74       0x34 c:/ac6/systemworkbench/plugins/fr.ac6.mcu.externaltools.arm-none.win32_1.17.0.201812190825/tools/compiler/bin/../lib/gcc/arm-none-eabi/7.3.1/../../../../arm-none-eabi/lib/thumb/v7e-m/fpv4-sp/hard\libc_nano.a(lib_a-strtol.o)
 .ARM.attributes
                0x00000ba8       0x34 c:/ac6/systemworkbench/plugins/fr.ac6.mcu.externaltools.arm-none.win32_1.17.0.201812190825/tools/compiler/bin/../lib/gcc/arm-none-eabi/7.3.1/../../../../arm-none-eabi/lib/thumb/v7e-m/fpv4-sp/hard\libc_nano.a(lib_a-strtoul.o)
 .ARM.attributes
                0x00000bdc       0x34 c:/ac6/systemworkbench/plugins/fr.ac6.mcu.externaltools.arm-none.win32_1.17.0.201812190825/tools/compiler/bin/../lib/gcc/arm-none-eabi/7.3.1/../../../../arm-none-eabi/lib/thumb/v7e-m/fpv4-sp/hard\libc_nano.a(lib_a-ungetc.o)
 .ARM.attributes
                0x00000c10       0x34 c:/ac6/systemworkbench/plugins/fr.ac6.mcu.externaltools.arm-none.win32_1.17.0.201812190825/tools/compiler/bin/../lib/gcc/arm-none-eabi/7.3.1/../../../../arm-none-eabi/lib/thumb/v7e-m/fpv4-sp/hard\libc_nano.a(lib_a-findfp.o)
 .ARM.attributes
                0x00000c44       0x34 c:/ac6/systemworkbench/plugins/fr.ac6.mcu.externaltools.arm-none.win32_1.17.0.201812190825/tools/compiler/bin/../lib/gcc/arm-none-eabi/7.3.1/../../../../arm-none-eabi/lib/thumb/v7e-m/fpv4-sp/hard\libc_nano.a(lib_a-locale.o)
 .ARM.attributes
                0x00000c78       0x34 c:/ac6/systemworkbench/plugins/fr.ac6.mcu.externaltools.arm-none.win32_1.17.0.201812190825/tools/compiler/bin/../lib/gcc/arm-none-eabi/7.3.1/../../../../arm-none-eabi/lib/thumb/v7e-m/fpv4-sp/hard\libc_nano.a(lib_a-mbtowc_r.o)
 .ARM.attributes
                0x00000cac       0x20 c:/ac6/systemworkbench/plugins/fr.ac6.mcu.externaltools.arm-none.win32_1.17.0.201812190825/tools/compiler/bin/../lib/gcc/arm-none-eabi/7.3.1/../../../../arm-none-eabi/lib/thumb/v7e-m/fpv4-sp/hard\libc_nano.a(lib_a-memchr.o)
 .ARM.attributes
                0x00000ccc       0x34 c:/ac6/systemworkbench/plugins/fr.ac6.mcu.externaltools.arm-none.win32_1.17.0.201812190825/tools/compiler/bin/../lib/gcc/arm-none-eabi/7.3.1/../../../../arm-none-eabi/lib/thumb/v7e-m/fpv4-sp/hard\libc_nano.a(lib_a-memmove.o)
 .ARM.attributes
                0x00000d00       0x34 c:/ac6/systemworkbench/plugins/fr.ac6.mcu.externaltools.arm-none.win32_1.17.0.201812190825/tools/compiler/bin/../lib/gcc/arm-none-eabi/7.3.1/../../../../arm-none-eabi/lib/thumb/v7e-m/fpv4-sp/hard\libc_nano.a(lib_a-nano-freer.o)
 .ARM.attributes
                0x00000d34       0x34 c:/ac6/systemworkbench/plugins/fr.ac6.mcu.externaltools.arm-none.win32_1.17.0.201812190825/tools/compiler/bin/../lib/gcc/arm-none-eabi/7.3.1/../../../../arm-none-eabi/lib/thumb/v7e-m/fpv4-sp/hard\libc_nano.a(lib_a-nano-mallocr.o)
 .ARM.attributes
                0x00000d68       0x34 c:/ac6/systemworkbench/plugins/fr.ac6.mcu.externaltools.arm-none.win32_1.17.0.201812190825/tools/compiler/bin/../lib/gcc/arm-none-eabi/7.3.1/../../../../arm-none-eabi/lib/thumb/v7e-m/fpv4-sp/hard\libc_nano.a(lib_a-nano-reallocr.o)
 .ARM.attributes
                0x00000d9c       0x34 c:/ac6/systemworkbench/plugins/fr.ac6.mcu.externaltools.arm-none.win32_1.17.0.201812190825/tools/compiler/bin/../lib/gcc/arm-none-eabi/7.3.1/../../../../arm-none-eabi/lib/thumb/v7e-m/fpv4-sp/hard\libc_nano.a(lib_a-sbrkr.o)
 .ARM.attributes
                0x00000dd0       0x34 c:/ac6/systemworkbench/plugins/fr.ac6.mcu.externaltools.arm-none.win32_1.17.0.201812190825/tools/compiler/bin/../lib/gcc/arm-none-eabi/7.3.1/../../../../arm-none-eabi/lib/thumb/v7e-m/fpv4-sp/hard\libc_nano.a(lib_a-wctomb_r.o)
 .ARM.attributes
                0x00000e04       0x34 c:/ac6/systemworkbench/plugins/fr.ac6.mcu.externaltools.arm-none.win32_1.17.0.201812190825/tools/compiler/bin/../lib/gcc/arm-none-eabi/7.3.1/../../../../arm-none-eabi/lib/thumb/v7e-m/fpv4-sp/hard\libc_nano.a(lib_a-ctype_.o)
 .ARM.attributes
                0x00000e38       0x34 c:/ac6/systemworkbench/plugins/fr.ac6.mcu.externaltools.arm-none.win32_1.17.0.201812190825/tools/compiler/bin/../lib/gcc/arm-none-eabi/7.3.1/../../../../arm-none-eabi/lib/thumb/v7e-m/fpv4-sp/hard\libc_nano.a(lib_a-mlock.o)
 .ARM.attributes
                0x00000e6c       0x34 c:/ac6/systemworkbench/plugins/fr.ac6.mcu.externaltools.arm-none.win32_1.17.0.201812190825/tools/compiler/bin/../lib/gcc/arm-none-eabi/7.3.1/../../../../arm-none-eabi/lib/thumb/v7e-m/fpv4-sp/hard\libc_nano.a(lib_a-nano-msizer.o)
 .ARM.attributes
                0x00000ea0       0x22 c:/ac6/systemworkbench/plugins/fr.ac6.mcu.externaltools.arm-none.win32_1.17.0.201812190825/tools/compiler/bin/../lib/gcc/arm-none-eabi/7.3.1/thumb/v7e-m/fpv4-sp/hard/crtn.o
OUTPUT(sAPI3C_FR_ej4.elf elf32-littlearm)

.debug_info     0x00000000    0x2a75e
 .debug_info    0x00000000      0x988 Drivers/STM32F4xx_HAL_Driver/Src/stm32f4xx_hal.o
 .debug_info    0x00000988      0xea8 Drivers/STM32F4xx_HAL_Driver/Src/stm32f4xx_hal_cortex.o
 .debug_info    0x00001830      0x79f Drivers/STM32F4xx_HAL_Driver/Src/stm32f4xx_hal_gpio.o
 .debug_info    0x00001fcf      0xa9f Drivers/STM32F4xx_HAL_Driver/Src/stm32f4xx_hal_rcc.o
 .debug_info    0x00002a6e      0x6cc Drivers/STM32F4xx_HAL_Driver/Src/stm32f4xx_hal_rcc_ex.o
 .debug_info    0x0000313a     0x2445 Drivers/STM32F4xx_HAL_Driver/Src/stm32f4xx_hal_spi.o
 .debug_info    0x0000557f     0x3e3b Drivers/STM32F4xx_HAL_Driver/Src/stm32f4xx_hal_tim.o
 .debug_info    0x000093ba     0x1510 Drivers/STM32F4xx_HAL_Driver/Src/stm32f4xx_hal_tim_ex.o
 .debug_info    0x0000a8ca      0x488 Drivers/STM32F4xx_HAL_Driver/Src/stm32f4xx_ll_exti.o
 .debug_info    0x0000ad52      0xabe Drivers/STM32F4xx_HAL_Driver/Src/stm32f4xx_ll_gpio.o
 .debug_info    0x0000b810      0xc2d Drivers/STM32F4xx_HAL_Driver/Src/stm32f4xx_ll_rcc.o
 .debug_info    0x0000c43d      0x89f Drivers/STM32F4xx_HAL_Driver/Src/stm32f4xx_ll_usart.o
 .debug_info    0x0000ccdc     0x2ad9 Middlewares/Third_Party/FreeRTOS/Source/CMSIS_RTOS/cmsis_os.o
 .debug_info    0x0000f7b5      0xad0 Middlewares/Third_Party/FreeRTOS/Source/list.o
 .debug_info    0x00010285     0x33a4 Middlewares/Third_Party/FreeRTOS/Source/queue.o
 .debug_info    0x00013629     0x30e6 Middlewares/Third_Party/FreeRTOS/Source/tasks.o
 .debug_info    0x0001670f     0x1c59 Middlewares/Third_Party/FreeRTOS/Source/timers.o
 .debug_info    0x00018368      0x568 Middlewares/Third_Party/FreeRTOS/Source/portable/GCC/ARM_CM4F/port.o
 .debug_info    0x000188d0      0xcb9 Middlewares/Third_Party/FreeRTOS/Source/portable/MemMang/heap_4.o
 .debug_info    0x00019589     0x1d22 Src/general.o
 .debug_info    0x0001b2ab     0x14f4 Src/main.o
 .debug_info    0x0001c79f     0x1c5e Src/tareas.o
 .debug_info    0x0001e3fd      0xd3e lib/sapi3c/board/src/sapi3c_board.o
 .debug_info    0x0001f13b     0x1495 lib/sapi3c/board/src/stm32f4xx_hal_msp.o
 .debug_info    0x000205d0      0xb35 lib/sapi3c/board/src/stm32f4xx_hal_timebase_tim.o
 .debug_info    0x00021105     0x13c2 lib/sapi3c/board/src/stm32f4xx_it.o
 .debug_info    0x000224c7      0xff9 lib/sapi3c/board/src/syscalls.o
 .debug_info    0x000234c0      0x531 lib/sapi3c/board/src/system_stm32f4xx.o
 .debug_info    0x000239f1      0x19c lib/sapi3c/external_peripherals/ili9341/fonts.o
 .debug_info    0x00023b8d     0x29e9 lib/sapi3c/external_peripherals/ili9341/ili9341.o
 .debug_info    0x00026576      0x9c8 lib/sapi3c/external_peripherals/ili9341/ili9341_touch.o
 .debug_info    0x00026f3e      0xf60 lib/sapi3c/external_peripherals/src/sapi3c_display.o
 .debug_info    0x00027e9e     0x10f6 lib/sapi3c/soc/peripherals/src/sapi3c_gpio.o
 .debug_info    0x00028f94     0x17a8 lib/sapi3c/soc/peripherals/src/sapi3c_uart.o
 .debug_info    0x0002a73c       0x22 startup/startup_stm32f411xe.o

.debug_abbrev   0x00000000     0x5eb5
 .debug_abbrev  0x00000000      0x26f Drivers/STM32F4xx_HAL_Driver/Src/stm32f4xx_hal.o
 .debug_abbrev  0x0000026f      0x320 Drivers/STM32F4xx_HAL_Driver/Src/stm32f4xx_hal_cortex.o
 .debug_abbrev  0x0000058f      0x203 Drivers/STM32F4xx_HAL_Driver/Src/stm32f4xx_hal_gpio.o
 .debug_abbrev  0x00000792      0x2c3 Drivers/STM32F4xx_HAL_Driver/Src/stm32f4xx_hal_rcc.o
 .debug_abbrev  0x00000a55      0x177 Drivers/STM32F4xx_HAL_Driver/Src/stm32f4xx_hal_rcc_ex.o
 .debug_abbrev  0x00000bcc      0x375 Drivers/STM32F4xx_HAL_Driver/Src/stm32f4xx_hal_spi.o
 .debug_abbrev  0x00000f41      0x349 Drivers/STM32F4xx_HAL_Driver/Src/stm32f4xx_hal_tim.o
 .debug_abbrev  0x0000128a      0x2f9 Drivers/STM32F4xx_HAL_Driver/Src/stm32f4xx_hal_tim_ex.o
 .debug_abbrev  0x00001583      0x1e0 Drivers/STM32F4xx_HAL_Driver/Src/stm32f4xx_ll_exti.o
 .debug_abbrev  0x00001763      0x237 Drivers/STM32F4xx_HAL_Driver/Src/stm32f4xx_ll_gpio.o
 .debug_abbrev  0x0000199a      0x2dc Drivers/STM32F4xx_HAL_Driver/Src/stm32f4xx_ll_rcc.o
 .debug_abbrev  0x00001c76      0x26c Drivers/STM32F4xx_HAL_Driver/Src/stm32f4xx_ll_usart.o
 .debug_abbrev  0x00001ee2      0x49c Middlewares/Third_Party/FreeRTOS/Source/CMSIS_RTOS/cmsis_os.o
 .debug_abbrev  0x0000237e      0x223 Middlewares/Third_Party/FreeRTOS/Source/list.o
 .debug_abbrev  0x000025a1      0x45b Middlewares/Third_Party/FreeRTOS/Source/queue.o
 .debug_abbrev  0x000029fc      0x4a7 Middlewares/Third_Party/FreeRTOS/Source/tasks.o
 .debug_abbrev  0x00002ea3      0x3ea Middlewares/Third_Party/FreeRTOS/Source/timers.o
 .debug_abbrev  0x0000328d      0x22c Middlewares/Third_Party/FreeRTOS/Source/portable/GCC/ARM_CM4F/port.o
 .debug_abbrev  0x000034b9      0x356 Middlewares/Third_Party/FreeRTOS/Source/portable/MemMang/heap_4.o
 .debug_abbrev  0x0000380f      0x3a1 Src/general.o
 .debug_abbrev  0x00003bb0      0x2c4 Src/main.o
 .debug_abbrev  0x00003e74      0x33e Src/tareas.o
 .debug_abbrev  0x000041b2      0x209 lib/sapi3c/board/src/sapi3c_board.o
 .debug_abbrev  0x000043bb      0x23e lib/sapi3c/board/src/stm32f4xx_hal_msp.o
 .debug_abbrev  0x000045f9      0x1fd lib/sapi3c/board/src/stm32f4xx_hal_timebase_tim.o
 .debug_abbrev  0x000047f6      0x268 lib/sapi3c/board/src/stm32f4xx_it.o
 .debug_abbrev  0x00004a5e      0x312 lib/sapi3c/board/src/syscalls.o
 .debug_abbrev  0x00004d70      0x111 lib/sapi3c/board/src/system_stm32f4xx.o
 .debug_abbrev  0x00004e81       0xa1 lib/sapi3c/external_peripherals/ili9341/fonts.o
 .debug_abbrev  0x00004f22      0x3de lib/sapi3c/external_peripherals/ili9341/ili9341.o
 .debug_abbrev  0x00005300      0x243 lib/sapi3c/external_peripherals/ili9341/ili9341_touch.o
 .debug_abbrev  0x00005543      0x2cf lib/sapi3c/external_peripherals/src/sapi3c_display.o
 .debug_abbrev  0x00005812      0x2de lib/sapi3c/soc/peripherals/src/sapi3c_gpio.o
 .debug_abbrev  0x00005af0      0x3b3 lib/sapi3c/soc/peripherals/src/sapi3c_uart.o
 .debug_abbrev  0x00005ea3       0x12 startup/startup_stm32f411xe.o

.debug_loc      0x00000000    0x15275
 .debug_loc     0x00000000      0x10d Drivers/STM32F4xx_HAL_Driver/Src/stm32f4xx_hal.o
 .debug_loc     0x0000010d      0x5c9 Drivers/STM32F4xx_HAL_Driver/Src/stm32f4xx_hal_cortex.o
 .debug_loc     0x000006d6      0x460 Drivers/STM32F4xx_HAL_Driver/Src/stm32f4xx_hal_gpio.o
 .debug_loc     0x00000b36      0x3d0 Drivers/STM32F4xx_HAL_Driver/Src/stm32f4xx_hal_rcc.o
 .debug_loc     0x00000f06      0x312 Drivers/STM32F4xx_HAL_Driver/Src/stm32f4xx_hal_rcc_ex.o
 .debug_loc     0x00001218     0x308b Drivers/STM32F4xx_HAL_Driver/Src/stm32f4xx_hal_spi.o
 .debug_loc     0x000042a3     0x54ed Drivers/STM32F4xx_HAL_Driver/Src/stm32f4xx_hal_tim.o
 .debug_loc     0x00009790     0x115e Drivers/STM32F4xx_HAL_Driver/Src/stm32f4xx_hal_tim_ex.o
 .debug_loc     0x0000a8ee      0x101 Drivers/STM32F4xx_HAL_Driver/Src/stm32f4xx_ll_exti.o
 .debug_loc     0x0000a9ef      0x52c Drivers/STM32F4xx_HAL_Driver/Src/stm32f4xx_ll_gpio.o
 .debug_loc     0x0000af1b      0x505 Drivers/STM32F4xx_HAL_Driver/Src/stm32f4xx_ll_rcc.o
 .debug_loc     0x0000b420      0x408 Drivers/STM32F4xx_HAL_Driver/Src/stm32f4xx_ll_usart.o
 .debug_loc     0x0000b828     0x1468 Middlewares/Third_Party/FreeRTOS/Source/CMSIS_RTOS/cmsis_os.o
 .debug_loc     0x0000cc90       0x69 Middlewares/Third_Party/FreeRTOS/Source/list.o
 .debug_loc     0x0000ccf9     0x1b4d Middlewares/Third_Party/FreeRTOS/Source/queue.o
 .debug_loc     0x0000e846     0x1de9 Middlewares/Third_Party/FreeRTOS/Source/tasks.o
 .debug_loc     0x0001062f      0xcb4 Middlewares/Third_Party/FreeRTOS/Source/timers.o
 .debug_loc     0x000112e3       0xd5 Middlewares/Third_Party/FreeRTOS/Source/portable/GCC/ARM_CM4F/port.o
 .debug_loc     0x000113b8      0x356 Middlewares/Third_Party/FreeRTOS/Source/portable/MemMang/heap_4.o
 .debug_loc     0x0001170e      0x526 Src/general.o
 .debug_loc     0x00011c34       0x90 Src/main.o
 .debug_loc     0x00011cc4      0x326 Src/tareas.o
 .debug_loc     0x00011fea       0x21 lib/sapi3c/board/src/sapi3c_board.o
 .debug_loc     0x0001200b       0x7a lib/sapi3c/board/src/stm32f4xx_hal_timebase_tim.o
 .debug_loc     0x00012085      0x3b7 lib/sapi3c/board/src/syscalls.o
 .debug_loc     0x0001243c      0x14c lib/sapi3c/board/src/system_stm32f4xx.o
 .debug_loc     0x00012588     0x1942 lib/sapi3c/external_peripherals/ili9341/ili9341.o
 .debug_loc     0x00013eca       0xcb lib/sapi3c/external_peripherals/ili9341/ili9341_touch.o
 .debug_loc     0x00013f95      0x1f4 lib/sapi3c/external_peripherals/src/sapi3c_display.o
 .debug_loc     0x00014189      0xd90 lib/sapi3c/soc/peripherals/src/sapi3c_gpio.o
 .debug_loc     0x00014f19      0x35c lib/sapi3c/soc/peripherals/src/sapi3c_uart.o

.debug_aranges  0x00000000     0x1220
 .debug_aranges
                0x00000000       0xe8 Drivers/STM32F4xx_HAL_Driver/Src/stm32f4xx_hal.o
 .debug_aranges
                0x000000e8       0xa8 Drivers/STM32F4xx_HAL_Driver/Src/stm32f4xx_hal_cortex.o
 .debug_aranges
                0x00000190       0x58 Drivers/STM32F4xx_HAL_Driver/Src/stm32f4xx_hal_gpio.o
 .debug_aranges
                0x000001e8       0x88 Drivers/STM32F4xx_HAL_Driver/Src/stm32f4xx_hal_rcc.o
 .debug_aranges
                0x00000270       0x50 Drivers/STM32F4xx_HAL_Driver/Src/stm32f4xx_hal_rcc_ex.o
 .debug_aranges
                0x000002c0      0x168 Drivers/STM32F4xx_HAL_Driver/Src/stm32f4xx_hal_spi.o
 .debug_aranges
                0x00000428      0x258 Drivers/STM32F4xx_HAL_Driver/Src/stm32f4xx_hal_tim.o
 .debug_aranges
                0x00000680       0xf0 Drivers/STM32F4xx_HAL_Driver/Src/stm32f4xx_hal_tim_ex.o
 .debug_aranges
                0x00000770       0x30 Drivers/STM32F4xx_HAL_Driver/Src/stm32f4xx_ll_exti.o
 .debug_aranges
                0x000007a0       0x30 Drivers/STM32F4xx_HAL_Driver/Src/stm32f4xx_ll_gpio.o
 .debug_aranges
                0x000007d0       0x78 Drivers/STM32F4xx_HAL_Driver/Src/stm32f4xx_ll_rcc.o
 .debug_aranges
                0x00000848       0x40 Drivers/STM32F4xx_HAL_Driver/Src/stm32f4xx_ll_usart.o
 .debug_aranges
                0x00000888      0x198 Middlewares/Third_Party/FreeRTOS/Source/CMSIS_RTOS/cmsis_os.o
 .debug_aranges
                0x00000a20       0x40 Middlewares/Third_Party/FreeRTOS/Source/list.o
 .debug_aranges
                0x00000a60       0xc8 Middlewares/Third_Party/FreeRTOS/Source/queue.o
 .debug_aranges
                0x00000b28      0x170 Middlewares/Third_Party/FreeRTOS/Source/tasks.o
 .debug_aranges
                0x00000c98       0x78 Middlewares/Third_Party/FreeRTOS/Source/timers.o
 .debug_aranges
                0x00000d10       0x80 Middlewares/Third_Party/FreeRTOS/Source/portable/GCC/ARM_CM4F/port.o
 .debug_aranges
                0x00000d90       0x48 Middlewares/Third_Party/FreeRTOS/Source/portable/MemMang/heap_4.o
 .debug_aranges
                0x00000dd8       0x88 Src/general.o
 .debug_aranges
                0x00000e60       0x30 Src/main.o
 .debug_aranges
                0x00000e90       0x68 Src/tareas.o
 .debug_aranges
                0x00000ef8       0x38 lib/sapi3c/board/src/sapi3c_board.o
 .debug_aranges
                0x00000f30       0x20 lib/sapi3c/board/src/stm32f4xx_hal_msp.o
 .debug_aranges
                0x00000f50       0x30 lib/sapi3c/board/src/stm32f4xx_hal_timebase_tim.o
 .debug_aranges
                0x00000f80       0x48 lib/sapi3c/board/src/stm32f4xx_it.o
 .debug_aranges
                0x00000fc8       0xb0 lib/sapi3c/board/src/syscalls.o
 .debug_aranges
                0x00001078       0x28 lib/sapi3c/board/src/system_stm32f4xx.o
 .debug_aranges
                0x000010a0       0x18 lib/sapi3c/external_peripherals/ili9341/fonts.o
 .debug_aranges
                0x000010b8       0x60 lib/sapi3c/external_peripherals/ili9341/ili9341.o
 .debug_aranges
                0x00001118       0x30 lib/sapi3c/external_peripherals/ili9341/ili9341_touch.o
 .debug_aranges
                0x00001148       0x40 lib/sapi3c/external_peripherals/src/sapi3c_display.o
 .debug_aranges
                0x00001188       0x48 lib/sapi3c/soc/peripherals/src/sapi3c_gpio.o
 .debug_aranges
                0x000011d0       0x28 lib/sapi3c/soc/peripherals/src/sapi3c_uart.o
 .debug_aranges
                0x000011f8       0x28 startup/startup_stm32f411xe.o

.debug_ranges   0x00000000     0x3980
 .debug_ranges  0x00000000       0xd8 Drivers/STM32F4xx_HAL_Driver/Src/stm32f4xx_hal.o
 .debug_ranges  0x000000d8      0x138 Drivers/STM32F4xx_HAL_Driver/Src/stm32f4xx_hal_cortex.o
 .debug_ranges  0x00000210       0x60 Drivers/STM32F4xx_HAL_Driver/Src/stm32f4xx_hal_gpio.o
 .debug_ranges  0x00000270      0x100 Drivers/STM32F4xx_HAL_Driver/Src/stm32f4xx_hal_rcc.o
 .debug_ranges  0x00000370       0x58 Drivers/STM32F4xx_HAL_Driver/Src/stm32f4xx_hal_rcc_ex.o
 .debug_ranges  0x000003c8      0x9b8 Drivers/STM32F4xx_HAL_Driver/Src/stm32f4xx_hal_spi.o
 .debug_ranges  0x00000d80      0x6c0 Drivers/STM32F4xx_HAL_Driver/Src/stm32f4xx_hal_tim.o
 .debug_ranges  0x00001440       0xe0 Drivers/STM32F4xx_HAL_Driver/Src/stm32f4xx_hal_tim_ex.o
 .debug_ranges  0x00001520       0x50 Drivers/STM32F4xx_HAL_Driver/Src/stm32f4xx_ll_exti.o
 .debug_ranges  0x00001570      0x120 Drivers/STM32F4xx_HAL_Driver/Src/stm32f4xx_ll_gpio.o
 .debug_ranges  0x00001690      0x408 Drivers/STM32F4xx_HAL_Driver/Src/stm32f4xx_ll_rcc.o
 .debug_ranges  0x00001a98       0xe0 Drivers/STM32F4xx_HAL_Driver/Src/stm32f4xx_ll_usart.o
 .debug_ranges  0x00001b78      0x2f0 Middlewares/Third_Party/FreeRTOS/Source/CMSIS_RTOS/cmsis_os.o
 .debug_ranges  0x00001e68       0x30 Middlewares/Third_Party/FreeRTOS/Source/list.o
 .debug_ranges  0x00001e98      0x460 Middlewares/Third_Party/FreeRTOS/Source/queue.o
 .debug_ranges  0x000022f8      0x480 Middlewares/Third_Party/FreeRTOS/Source/tasks.o
 .debug_ranges  0x00002778      0x208 Middlewares/Third_Party/FreeRTOS/Source/timers.o
 .debug_ranges  0x00002980       0xa8 Middlewares/Third_Party/FreeRTOS/Source/portable/GCC/ARM_CM4F/port.o
 .debug_ranges  0x00002a28       0x38 Middlewares/Third_Party/FreeRTOS/Source/portable/MemMang/heap_4.o
 .debug_ranges  0x00002a60      0x1c0 Src/general.o
 .debug_ranges  0x00002c20       0x68 Src/main.o
 .debug_ranges  0x00002c88       0x70 Src/tareas.o
 .debug_ranges  0x00002cf8       0x68 lib/sapi3c/board/src/sapi3c_board.o
 .debug_ranges  0x00002d60       0x10 lib/sapi3c/board/src/stm32f4xx_hal_msp.o
 .debug_ranges  0x00002d70       0x48 lib/sapi3c/board/src/stm32f4xx_hal_timebase_tim.o
 .debug_ranges  0x00002db8       0x38 lib/sapi3c/board/src/stm32f4xx_it.o
 .debug_ranges  0x00002df0       0xa0 lib/sapi3c/board/src/syscalls.o
 .debug_ranges  0x00002e90       0x18 lib/sapi3c/board/src/system_stm32f4xx.o
 .debug_ranges  0x00002ea8      0x660 lib/sapi3c/external_peripherals/ili9341/ili9341.o
 .debug_ranges  0x00003508       0xb8 lib/sapi3c/external_peripherals/ili9341/ili9341_touch.o
 .debug_ranges  0x000035c0       0x78 lib/sapi3c/external_peripherals/src/sapi3c_display.o
 .debug_ranges  0x00003638      0x1e8 lib/sapi3c/soc/peripherals/src/sapi3c_gpio.o
 .debug_ranges  0x00003820      0x140 lib/sapi3c/soc/peripherals/src/sapi3c_uart.o
 .debug_ranges  0x00003960       0x20 startup/startup_stm32f411xe.o

.debug_macro    0x00000000    0x1e310
 .debug_macro   0x00000000      0x260 Drivers/STM32F4xx_HAL_Driver/Src/stm32f4xx_hal.o
 .debug_macro   0x00000260      0xa66 Drivers/STM32F4xx_HAL_Driver/Src/stm32f4xx_hal.o
 .debug_macro   0x00000cc6      0x198 Drivers/STM32F4xx_HAL_Driver/Src/stm32f4xx_hal.o
 .debug_macro   0x00000e5e       0x32 Drivers/STM32F4xx_HAL_Driver/Src/stm32f4xx_hal.o
 .debug_macro   0x00000e90       0x28 Drivers/STM32F4xx_HAL_Driver/Src/stm32f4xx_hal.o
 .debug_macro   0x00000eb8       0x22 Drivers/STM32F4xx_HAL_Driver/Src/stm32f4xx_hal.o
 .debug_macro   0x00000eda       0x8e Drivers/STM32F4xx_HAL_Driver/Src/stm32f4xx_hal.o
 .debug_macro   0x00000f68       0x51 Drivers/STM32F4xx_HAL_Driver/Src/stm32f4xx_hal.o
 .debug_macro   0x00000fb9       0xef Drivers/STM32F4xx_HAL_Driver/Src/stm32f4xx_hal.o
 .debug_macro   0x000010a8       0x6a Drivers/STM32F4xx_HAL_Driver/Src/stm32f4xx_hal.o
 .debug_macro   0x00001112      0x1df Drivers/STM32F4xx_HAL_Driver/Src/stm32f4xx_hal.o
 .debug_macro   0x000012f1       0x1c Drivers/STM32F4xx_HAL_Driver/Src/stm32f4xx_hal.o
 .debug_macro   0x0000130d       0x22 Drivers/STM32F4xx_HAL_Driver/Src/stm32f4xx_hal.o